Component: Arm Compiler for Embedded 6.19 Tool: armlink [5e73cb00]

==============================================================================

Section Cross References

    main.o(.text.main) refers to interrupt.o(i.IntMasterEnable) for IntMasterEnable
    main.o(.text.main) refers to drivers.o(.text.initSwitches) for initSwitches
    main.o(.text.main) refers to drivers.o(.text.initDoorLockLed) for initDoorLockLed
    main.o(.text.main) refers to drivers.o(.text.initADC) for initADC
    main.o(.text.main) refers to drivers.o(.text.initUltrasonic) for initUltrasonic
    main.o(.text.main) refers to lcd.o(.text.initLCD) for initLCD
    main.o(.text.main) refers to drivers.o(.text.initBuzzer) for initBuzzer
    main.o(.text.main) refers to drivers.o(.text.initRGB) for initRGB
    main.o(.text.main) refers to safety_tasks.o(.text.createSafetyTasks) for createSafetyTasks
    main.o(.text.main) refers to tasks.o(.text.vTaskStartScheduler) for vTaskStartScheduler
    main.o(.ARM.exidx.text.main) refers to main.o(.text.main) for [Anonymous Symbol]
    main.o(.text.setupHardware) refers to drivers.o(.text.initSwitches) for initSwitches
    main.o(.text.setupHardware) refers to drivers.o(.text.initDoorLockLed) for initDoorLockLed
    main.o(.text.setupHardware) refers to drivers.o(.text.initADC) for initADC
    main.o(.text.setupHardware) refers to drivers.o(.text.initUltrasonic) for initUltrasonic
    main.o(.text.setupHardware) refers to lcd.o(.text.initLCD) for initLCD
    main.o(.text.setupHardware) refers to drivers.o(.text.initBuzzer) for initBuzzer
    main.o(.text.setupHardware) refers to drivers.o(.text.initRGB) for initRGB
    main.o(.ARM.exidx.text.setupHardware) refers to main.o(.text.setupHardware) for [Anonymous Symbol]
    safety_tasks.o(.text) refers (Special) to _printf_percent.o(.ARM.Collect$$_printf_percent$$00000000) for _printf_percent
    safety_tasks.o(.text) refers (Special) to _printf_pad.o(.text) for _printf_pre_padding
    safety_tasks.o(.text) refers (Special) to _printf_c.o(.ARM.Collect$$_printf_percent$$00000013) for _printf_c
    safety_tasks.o(.text) refers (Special) to _printf_d.o(.ARM.Collect$$_printf_percent$$00000009) for _printf_d
    safety_tasks.o(.text) refers (Special) to _printf_dec.o(.text) for _printf_int_dec
    safety_tasks.o(.text) refers (Special) to _printf_str.o(.text) for _printf_str
    safety_tasks.o(.text.createSafetyTasks) refers (Special) to _printf_percent.o(.ARM.Collect$$_printf_percent$$00000000) for _printf_percent
    safety_tasks.o(.text.createSafetyTasks) refers (Special) to _printf_pad.o(.text) for _printf_pre_padding
    safety_tasks.o(.text.createSafetyTasks) refers (Special) to _printf_c.o(.ARM.Collect$$_printf_percent$$00000013) for _printf_c
    safety_tasks.o(.text.createSafetyTasks) refers (Special) to _printf_d.o(.ARM.Collect$$_printf_percent$$00000009) for _printf_d
    safety_tasks.o(.text.createSafetyTasks) refers (Special) to _printf_dec.o(.text) for _printf_int_dec
    safety_tasks.o(.text.createSafetyTasks) refers (Special) to _printf_str.o(.text) for _printf_str
    safety_tasks.o(.text.createSafetyTasks) refers to queue.o(.text.xQueueCreateMutex) for xQueueCreateMutex
    safety_tasks.o(.text.createSafetyTasks) refers to safety_tasks.o(.bss.lcdMutex) for lcdMutex
    safety_tasks.o(.text.createSafetyTasks) refers to queue.o(.text.xQueueGenericCreate) for xQueueGenericCreate
    safety_tasks.o(.text.createSafetyTasks) refers to safety_tasks.o(.bss.speedQueue) for speedQueue
    safety_tasks.o(.text.createSafetyTasks) refers to safety_tasks.o(.bss.distanceQueue) for distanceQueue
    safety_tasks.o(.text.createSafetyTasks) refers to safety_tasks.o(.text.doorTask) for doorTask
    safety_tasks.o(.text.createSafetyTasks) refers to tasks.o(.text.xTaskCreate) for xTaskCreate
    safety_tasks.o(.text.createSafetyTasks) refers to safety_tasks.o(.text.rearAssistTask) for rearAssistTask
    safety_tasks.o(.text.createSafetyTasks) refers to safety_tasks.o(.text.lcdUpdateTask) for lcdUpdateTask
    safety_tasks.o(.ARM.exidx.text.createSafetyTasks) refers (Special) to _printf_percent.o(.ARM.Collect$$_printf_percent$$00000000) for _printf_percent
    safety_tasks.o(.ARM.exidx.text.createSafetyTasks) refers (Special) to _printf_pad.o(.text) for _printf_pre_padding
    safety_tasks.o(.ARM.exidx.text.createSafetyTasks) refers (Special) to _printf_c.o(.ARM.Collect$$_printf_percent$$00000013) for _printf_c
    safety_tasks.o(.ARM.exidx.text.createSafetyTasks) refers (Special) to _printf_d.o(.ARM.Collect$$_printf_percent$$00000009) for _printf_d
    safety_tasks.o(.ARM.exidx.text.createSafetyTasks) refers (Special) to _printf_dec.o(.text) for _printf_int_dec
    safety_tasks.o(.ARM.exidx.text.createSafetyTasks) refers (Special) to _printf_str.o(.text) for _printf_str
    safety_tasks.o(.ARM.exidx.text.createSafetyTasks) refers to safety_tasks.o(.text.createSafetyTasks) for [Anonymous Symbol]
[...]
    prvCheckForValidListAndQueue.xStaticTimerQueue 0x200008f0   Data          80  timers.o(.bss.prvCheckForValidListAndQueue.xStaticTimerQueue)
    [Anonymous Symbol]                       0x200008f0   Section        0  timers.o(.bss.prvCheckForValidListAndQueue.xStaticTimerQueue)
    prvSampleTimeNow.xLastTime               0x20000940   Data           4  timers.o(.bss.prvSampleTimeNow.xLastTime)
    [Anonymous Symbol]                       0x20000940   Section        0  timers.o(.bss.prvSampleTimeNow.xLastTime)
    __tagsym$$used.1                         0x20000944   Number         0  tasks.o(.bss.pxCurrentTCB)
    pxCurrentTimerList                       0x20000948   Data           4  timers.o(.bss.pxCurrentTimerList)
    [Anonymous Symbol]                       0x20000948   Section        0  timers.o(.bss.pxCurrentTimerList)
    pxDelayedTaskList                        0x2000094c   Data           4  tasks.o(.bss.pxDelayedTaskList)
    [Anonymous Symbol]                       0x2000094c   Section        0  tasks.o(.bss.pxDelayedTaskList)
    pxEnd                                    0x20000950   Data           4  heap_4.o(.bss.pxEnd)
    [Anonymous Symbol]                       0x20000950   Section        0  heap_4.o(.bss.pxEnd)
    pxOverflowDelayedTaskList                0x20000954   Data           4  tasks.o(.bss.pxOverflowDelayedTaskList)
    [Anonymous Symbol]                       0x20000954   Section        0  tasks.o(.bss.pxOverflowDelayedTaskList)
    pxOverflowTimerList                      0x20000958   Data           4  timers.o(.bss.pxOverflowTimerList)
    [Anonymous Symbol]                       0x20000958   Section        0  timers.o(.bss.pxOverflowTimerList)
    pxReadyTasksLists                        0x2000095c   Data        1120  tasks.o(.bss.pxReadyTasksLists)
    [Anonymous Symbol]                       0x2000095c   Section        0  tasks.o(.bss.pxReadyTasksLists)
    ucHeap                                   0x20000dc4   Data        8192  heap_4.o(.bss.ucHeap)
    [Anonymous Symbol]                       0x20000dc4   Section        0  heap_4.o(.bss.ucHeap)
    ucMaxSysCallPriority                     0x20002dc4   Data           1  port.o(.bss.ucMaxSysCallPriority)
    [Anonymous Symbol]                       0x20002dc4   Section        0  port.o(.bss.ucMaxSysCallPriority)
    ulMaxPRIGROUPValue                       0x20002dc8   Data           4  port.o(.bss.ulMaxPRIGROUPValue)
    [Anonymous Symbol]                       0x20002dc8   Section        0  port.o(.bss.ulMaxPRIGROUPValue)
    uxCurrentNumberOfTasks                   0x20002dcc   Data           4  tasks.o(.bss.uxCurrentNumberOfTasks)
    [Anonymous Symbol]                       0x20002dcc   Section        0  tasks.o(.bss.uxCurrentNumberOfTasks)
    uxDeletedTasksWaitingCleanUp             0x20002dd0   Data           4  tasks.o(.bss.uxDeletedTasksWaitingCleanUp)
    [Anonymous Symbol]                       0x20002dd0   Section        0  tasks.o(.bss.uxDeletedTasksWaitingCleanUp)
    uxSchedulerSuspended                     0x20002dd4   Data           4  tasks.o(.bss.uxSchedulerSuspended)
    [Anonymous Symbol]                       0x20002dd4   Section        0  tasks.o(.bss.uxSchedulerSuspended)
    uxTaskNumber                             0x20002dd8   Data           4  tasks.o(.bss.uxTaskNumber)
    [Anonymous Symbol]                       0x20002dd8   Section        0  tasks.o(.bss.uxTaskNumber)
    uxTopReadyPriority                       0x20002ddc   Data           4  tasks.o(.bss.uxTopReadyPriority)
    [Anonymous Symbol]                       0x20002ddc   Section        0  tasks.o(.bss.uxTopReadyPriority)
    vApplicationGetIdleTaskMemory.uxIdleTaskStack 0x20002de0   Data         512  tasks.o(.bss.vApplicationGetIdleTaskMemory.uxIdleTaskStack)
    [Anonymous Symbol]                       0x20002de0   Section        0  tasks.o(.bss.vApplicationGetIdleTaskMemory.uxIdleTaskStack)
    vApplicationGetIdleTaskMemory.xIdleTaskTCB 0x20002fe0   Data          92  tasks.o(.bss.vApplicationGetIdleTaskMemory.xIdleTaskTCB)
    [Anonymous Symbol]                       0x20002fe0   Section        0  tasks.o(.bss.vApplicationGetIdleTaskMemory.xIdleTaskTCB)
    vApplicationGetTimerTaskMemory.uxTimerTaskStack 0x2000303c   Data         512  tasks.o(.bss.vApplicationGetTimerTaskMemory.uxTimerTaskStack)
    [Anonymous Symbol]                       0x2000303c   Section        0  tasks.o(.bss.vApplicationGetTimerTaskMemory.uxTimerTaskStack)
    vApplicationGetTimerTaskMemory.xTimerTaskTCB 0x2000323c   Data          92  tasks.o(.bss.vApplicationGetTimerTaskMemory.xTimerTaskTCB)
    [Anonymous Symbol]                       0x2000323c   Section        0  tasks.o(.bss.vApplicationGetTimerTaskMemory.xTimerTaskTCB)
    xActiveTimerList1                        0x20003298   Data          20  timers.o(.bss.xActiveTimerList1)
    [Anonymous Symbol]                       0x20003298   Section        0  timers.o(.bss.xActiveTimerList1)
    xActiveTimerList2                        0x200032ac   Data          20  timers.o(.bss.xActiveTimerList2)
    [Anonymous Symbol]                       0x200032ac   Section        0  timers.o(.bss.xActiveTimerList2)
    xDelayedTaskList1                        0x200032c0   Data          20  tasks.o(.bss.xDelayedTaskList1)
    [Anonymous Symbol]                       0x200032c0   Section        0  tasks.o(.bss.xDelayedTaskList1)
    xDelayedTaskList2                        0x200032d4   Data          20  tasks.o(.bss.xDelayedTaskList2)
    [Anonymous Symbol]                       0x200032d4   Section        0  tasks.o(.bss.xDelayedTaskList2)
    xFreeBytesRemaining                      0x200032e8   Data           4  heap_4.o(.bss.xFreeBytesRemaining)
    [Anonymous Symbol]                       0x200032e8   Section        0  heap_4.o(.bss.xFreeBytesRemaining)
    xIdleTaskHandles.0                       0x200032ec   Data           4  tasks.o(.bss.xIdleTaskHandles.0)
    [Anonymous Symbol]                       0x200032ec   Section        0  tasks.o(.bss.xIdleTaskHandles.0)
    xMinimumEverFreeBytesRemaining           0x200032f0   Data           4  heap_4.o(.bss.xMinimumEverFreeBytesRemaining)
    [Anonymous Symbol]                       0x200032f0   Section        0  heap_4.o(.bss.xMinimumEverFreeBytesRemaining)
    xNextTaskUnblockTime                     0x200032f4   Data           4  tasks.o(.bss.xNextTaskUnblockTime)
    [Anonymous Symbol]                       0x200032f4   Section        0  tasks.o(.bss.xNextTaskUnblockTime)
    xNumOfOverflows                          0x200032f8   Data           4  tasks.o(.bss.xNumOfOverflows)
    [Anonymous Symbol]                       0x200032f8   Section        0  tasks.o(.bss.xNumOfOverflows)
    xNumberOfSuccessfulAllocations           0x200032fc   Data           4  heap_4.o(.bss.xNumberOfSuccessfulAllocations)
    [Anonymous Symbol]                       0x200032fc   Section        0  heap_4.o(.bss.xNumberOfSuccessfulAllocations)
    xNumberOfSuccessfulFrees                 0x20003300   Data           4  heap_4.o(.bss.xNumberOfSuccessfulFrees)
    [Anonymous Symbol]                       0x20003300   Section        0  heap_4.o(.bss.xNumberOfSuccessfulFrees)
    xPendedTicks                             0x20003304   Data           4  tasks.o(.bss.xPendedTicks)
    [Anonymous Symbol]                       0x20003304   Section        0  tasks.o(.bss.xPendedTicks)
    xPendingReadyList                        0x20003308   Data          20  tasks.o(.bss.xPendingReadyList)
    [Anonymous Symbol]                       0x20003308   Section        0  tasks.o(.bss.xPendingReadyList)
    xSchedulerRunning                        0x2000331c   Data           4  tasks.o(.bss.xSchedulerRunning)
    [Anonymous Symbol]                       0x2000331c   Section        0  tasks.o(.bss.xSchedulerRunning)
    xStart                                   0x20003320   Data           8  heap_4.o(.bss.xStart)
    [Anonymous Symbol]                       0x20003320   Section        0  heap_4.o(.bss.xStart)
    xSuspendedTaskList                       0x20003328   Data          20  tasks.o(.bss.xSuspendedTaskList)
    [Anonymous Symbol]                       0x20003328   Section        0  tasks.o(.bss.xSuspendedTaskList)
    xTasksWaitingTermination                 0x2000333c   Data          20  tasks.o(.bss.xTasksWaitingTermination)
    [Anonymous Symbol]                       0x2000333c   Section        0  tasks.o(.bss.xTasksWaitingTermination)
    xTickCount                               0x20003350   Data           4  tasks.o(.bss.xTickCount)
    [Anonymous Symbol]                       0x20003350   Section        0  tasks.o(.bss.xTickCount)
    xTimerQueue                              0x20003354   Data           4  timers.o(.bss.xTimerQueue)
    [Anonymous Symbol]                       0x20003354   Section        0  timers.o(.bss.xTimerQueue)
    xTimerTaskHandle                         0x20003358   Data           4  timers.o(.bss.xTimerTaskHandle)
    [Anonymous Symbol]                       0x20003358   Section        0  timers.o(.bss.xTimerTaskHandle)
    xYieldPendings                           0x2000335c   Data           4  tasks.o(.bss.xYieldPendings)
    [Anonymous Symbol]                       0x2000335c   Section        0  tasks.o(.bss.xYieldPendings)
    Heap_Mem                                 0x20003360   Data           0  startup_tm4c123.o(HEAP)
    Stack_Mem                                0x20003360   Data         512  startup_tm4c123.o(STACK)
    HEAP                                     0x20003360   Section        0  startup_tm4c123.o(HEAP)
    STACK                                    0x20003360   Section      512  startup_tm4c123.o(STACK)
    __initial_sp                             0x20003560   Data           0  startup_tm4c123.o(STACK)

    Global Symbols

    Symbol Name                              Value     Ov Type        Size  Object(Section)

    BuildAttributes$$THM_ISAv4$E$P$D$K$B$S$7EM$VFPi3$EXTD16$VFPS$VFMA$PE$A:L22UL41UL21$X:L11$S22US41US21$IEEE1$IW$~IW$USESV6$~STKCKD$USESV7$~SHL$OTIME$ROPI$EBA8$UX$STANDARDLIB$REQ8$PRES8$EABIv2 0x00000000   Number         0  anon$$obj.o ABSOLUTE
    __Vectors                                0x00000000   Data           4  startup_tm4c123.o(RESET)
    _printf_flags                            0x00000000   Number         0  printf_stubs.o ABSOLUTE
    _printf_return_value                     0x00000000   Number         0  printf_stubs.o ABSOLUTE
    _printf_sizespec                         0x00000000   Number         0  printf_stubs.o ABSOLUTE
    _printf_widthprec                        0x00000000   Number         0  printf_stubs.o ABSOLUTE
    __ARM_exceptions_init                     - Undefined Weak Reference
    __alloca_initialize                       - Undefined Weak Reference
    __arm_preinit_                            - Undefined Weak Reference
    __arm_relocate_pie_                       - Undefined Weak Reference
    __cpp_initialize__aeabi_                  - Undefined Weak Reference
    __cxa_finalize                            - Undefined Weak Reference
    __rt_locale                               - Undefined Weak Reference
    __sigvec_lookup                           - Undefined Weak Reference
    _atexit_init                              - Undefined Weak Reference
    _call_atexit_fns                          - Undefined Weak Reference
    _clock_init                               - Undefined Weak Reference
    _fp_trap_init                             - Undefined Weak Reference
    _fp_trap_shutdown                         - Undefined Weak Reference
    _get_lc_collate                           - Undefined Weak Reference
    _get_lc_ctype                             - Undefined Weak Reference
    _get_lc_monetary                          - Undefined Weak Reference
    _get_lc_numeric                           - Undefined Weak Reference
    _get_lc_time                              - Undefined Weak Reference
    _getenv_init                              - Undefined Weak Reference
    _handle_redirection                       - Undefined Weak Reference
    _init_alloc                               - Undefined Weak Reference
    _init_user_alloc                          - Undefined Weak Reference
    _initio                                   - Undefined Weak Reference
    _printf_mbtowc                            - Undefined Weak Reference
    _printf_truncate_signed                   - Undefined Weak Reference
    _printf_truncate_unsigned                 - Undefined Weak Reference
    _rand_init                                - Undefined Weak Reference
    _signal_finish                            - Undefined Weak Reference
    _signal_init                              - Undefined Weak Reference
    _terminate_alloc                          - Undefined Weak Reference
    _terminate_user_alloc                     - Undefined Weak Reference
    _terminateio                              - Undefined Weak Reference
    __Vectors_End                            0x0000026c   Data           0  startup_tm4c123.o(RESET)
    __Vectors_Size                           0x0000026c   Number         0  startup_tm4c123.o ABSOLUTE
    __main                                   0x0000026d   Thumb Code     8  __main.o(!!!main)
    __scatterload                            0x00000275   Thumb Code     0  __scatter.o(!!!scatter)
    __scatterload_rt2                        0x00000275   Thumb Code    44  __scatter.o(!!!scatter)
    __scatterload_rt2_thumb_only             0x00000275   Thumb Code     0  __scatter.o(!!!scatter)
    __scatterload_null                       0x00000283   Thumb Code     0  __scatter.o(!!!scatter)
    __decompress                             0x000002a9   Thumb Code    58  __dczerorl.o(!!dczerorl)
    __decompress0                            0x000002a9   Thumb Code     0  __dczerorl.o(!!dczerorl)
    __scatterload_zeroinit                   0x000002e5   Thumb Code    28  __scatter_zi.o(!!handler_zi)
    _printf_d                                0x00000301   Thumb Code     0  _printf_d.o(.ARM.Collect$$_printf_percent$$00000009)
    _printf_percent                          0x00000301   Thumb Code     0  _printf_percent.o(.ARM.Collect$$_printf_percent$$00000000)
    _printf_c                                0x00000307   Thumb Code     0  _printf_c.o(.ARM.Collect$$_printf_percent$$00000013)
    _printf_percent_end                      0x0000030d   Thumb Code     0  _printf_percent_end.o(.ARM.Collect$$_printf_percent$$00000017)
    __rt_lib_init                            0x00000311   Thumb Code     0  libinit.o(.ARM.Collect$$libinit$$00000000)
    __rt_lib_init_fp_1                       0x00000313   Thumb Code     0  libinit2.o(.ARM.Collect$$libinit$$00000001)
    __rt_lib_init_alloca_1                   0x00000317   Thumb Code     0  libinit2.o(.ARM.Collect$$libinit$$00000030)
    __rt_lib_init_argv_1                     0x00000317   Thumb Code     0  libinit2.o(.ARM.Collect$$libinit$$0000002E)
    __rt_lib_init_atexit_1                   0x00000317   Thumb Code     0  libinit2.o(.ARM.Collect$$libinit$$0000001D)
    __rt_lib_init_clock_1                    0x00000317   Thumb Code     0  libinit2.o(.ARM.Collect$$libinit$$00000023)
    __rt_lib_init_cpp_1                      0x00000317   Thumb Code     0  libinit2.o(.ARM.Collect$$libinit$$00000034)
    __rt_lib_init_exceptions_1               0x00000317   Thumb Code     0  libinit2.o(.ARM.Collect$$libinit$$00000032)
    __rt_lib_init_fp_trap_1                  0x00000317   Thumb Code     0  libinit2.o(.ARM.Collect$$libinit$$00000021)
    __rt_lib_init_getenv_1                   0x00000317   Thumb Code     0  libinit2.o(.ARM.Collect$$libinit$$00000025)
    __rt_lib_init_heap_1                     0x00000317   Thumb Code     0  libinit2.o(.ARM.Collect$$libinit$$0000000C)
    __rt_lib_init_lc_collate_1               0x00000317   Thumb Code     0  libinit2.o(.ARM.Collect$$libinit$$00000013)
    __rt_lib_init_lc_ctype_1                 0x00000317   Thumb Code     0  libinit2.o(.ARM.Collect$$libinit$$00000015)
    __rt_lib_init_lc_monetary_1              0x00000317   Thumb Code     0  libinit2.o(.ARM.Collect$$libinit$$00000017)
    __rt_lib_init_lc_numeric_1               0x00000317   Thumb Code     0  libinit2.o(.ARM.Collect$$libinit$$00000019)
    __rt_lib_init_lc_time_1                  0x00000317   Thumb Code     0  libinit2.o(.ARM.Collect$$libinit$$0000001B)
    __rt_lib_init_preinit_1                  0x00000317   Thumb Code     0  libinit2.o(.ARM.Collect$$libinit$$00000006)
    __rt_lib_init_rand_1                     0x00000317   Thumb Code     0  libinit2.o(.ARM.Collect$$libinit$$00000010)
    __rt_lib_init_relocate_pie_1             0x00000317   Thumb Code     0  libinit2.o(.ARM.Collect$$libinit$$00000004)
    __rt_lib_init_return                     0x00000317   Thumb Code     0  libinit2.o(.ARM.Collect$$libinit$$00000035)
    __rt_lib_init_signal_1                   0x00000317   Thumb Code     0  libinit2.o(.ARM.Collect$$libinit$$0000001F)
    __rt_lib_init_stdio_1                    0x00000317   Thumb Code     0  libinit2.o(.ARM.Collect$$libinit$$00000027)
    __rt_lib_init_user_alloc_1               0x00000317   Thumb Code     0  libinit2.o(.ARM.Collect$$libinit$$0000000E)
    __rt_lib_shutdown                        0x00000319   Thumb Code     0  libshutdown.o(.ARM.Collect$$libshutdown$$00000000)
    __rt_lib_shutdown_cpp_1                  0x0000031b   Thumb Code     0  libshutdown2.o(.ARM.Collect$$libshutdown$$00000002)
    __rt_lib_shutdown_fp_trap_1              0x0000031b   Thumb Code     0  libshutdown2.o(.ARM.Collect$$libshutdown$$00000007)
    __rt_lib_shutdown_heap_1                 0x0000031b   Thumb Code     0  libshutdown2.o(.ARM.Collect$$libshutdown$$0000000F)
    __rt_lib_shutdown_return                 0x0000031b   Thumb Code     0  libshutdown2.o(.ARM.Collect$$libshutdown$$00000010)
    __rt_lib_shutdown_signal_1               0x0000031b   Thumb Code     0  libshutdown2.o(.ARM.Collect$$libshutdown$$0000000A)
    __rt_lib_shutdown_stdio_1                0x0000031b   Thumb Code     0  libshutdown2.o(.ARM.Collect$$libshutdown$$00000004)
    __rt_lib_shutdown_user_alloc_1           0x0000031b   Thumb Code     0  libshutdown2.o(.ARM.Collect$$libshutdown$$0000000C)
    __rt_entry                               0x0000031d   Thumb Code     0  __rtentry.o(.ARM.Collect$$rtentry$$00000000)
    __rt_entry_presh_1                       0x0000031d   Thumb Code     0  __rtentry2.o(.ARM.Collect$$rtentry$$00000002)
    __rt_entry_sh                            0x0000031d   Thumb Code     0  __rtentry4.o(.ARM.Collect$$rtentry$$00000004)
    __rt_entry_postsh_1                      0x00000323   Thumb Code     0  __rtentry2.o(.ARM.Collect$$rtentry$$00000008)
    __rt_entry_li                            0x0000032b   Thumb Code     0  __rtentry2.o(.ARM.Collect$$rtentry$$0000000A)
    __rt_entry_main                          0x0000032f   Thumb Code     0  __rtentry2.o(.ARM.Collect$$rtentry$$0000000D)
    __rt_entry_postli_1                      0x0000032f   Thumb Code     0  __rtentry2.o(.ARM.Collect$$rtentry$$0000000C)
    __rt_exit                                0x00000337   Thumb Code     0  rtexit.o(.ARM.Collect$$rtexit$$00000000)
    __rt_exit_ls                             0x00000339   Thumb Code     0  rtexit2.o(.ARM.Collect$$rtexit$$00000003)
    __rt_exit_prels_1                        0x00000339   Thumb Code     0  rtexit2.o(.ARM.Collect$$rtexit$$00000002)
    __rt_exit_exit                           0x0000033d   Thumb Code     0  rtexit2.o(.ARM.Collect$$rtexit$$00000004)
    SysCtlDelay                              0x00000345   Thumb Code     6  sysctl.o(.emb_text)
    CPUcpsid                                 0x0000034d   Thumb Code     8  cpu.o(.emb_text)
    CPUprimask                               0x00000355   Thumb Code     6  cpu.o(.emb_text)
    CPUcpsie                                 0x0000035b   Thumb Code     8  cpu.o(.emb_text)
    CPUwfi                                   0x00000363   Thumb Code     4  cpu.o(.emb_text)
    CPUbasepriSet                            0x00000367   Thumb Code     6  cpu.o(.emb_text)
    CPUbasepriGet                            0x0000036d   Thumb Code     6  cpu.o(.emb_text)
    Reset_Handler                            0x00000375   Thumb Code     8  startup_tm4c123.o(.text)
    NMI_Handler                              0x0000037d   Thumb Code     2  startup_tm4c123.o(.text)
    HardFault_Handler                        0x0000037f   Thumb Code     2  startup_tm4c123.o(.text)
    MemManage_Handler                        0x00000381   Thumb Code     2  startup_tm4c123.o(.text)
    BusFault_Handler                         0x00000383   Thumb Code     2  startup_tm4c123.o(.text)
    UsageFault_Handler                       0x00000385   Thumb Code     2  startup_tm4c123.o(.text)
    DebugMon_Handler                         0x00000389   Thumb Code     2  startup_tm4c123.o(.text)
    GPIOB_Handler                            0x00000391   Thumb Code     2  startup_tm4c123.o(.text)
    GPIOC_Handler                            0x00000393   Thumb Code     2  startup_tm4c123.o(.text)
    GPIOD_Handler                            0x00000395   Thumb Code     2  startup_tm4c123.o(.text)
    GPIOE_Handler                            0x00000397   Thumb Code     2  startup_tm4c123.o(.text)
    UART0_Handler                            0x00000399   Thumb Code     2  startup_tm4c123.o(.text)
    UART1_Handler                            0x0000039b   Thumb Code     2  startup_tm4c123.o(.text)
    SSI0_Handler                             0x0000039d   Thumb Code     2  startup_tm4c123.o(.text)
    I2C0_Handler                             0x0000039f   Thumb Code     2  startup_tm4c123.o(.text)
    PMW0_FAULT_Handler                       0x000003a1   Thumb Code     2  startup_tm4c123.o(.text)
    PWM0_0_Handler                           0x000003a3   Thumb Code     2  startup_tm4c123.o(.text)
    PWM0_1_Handler                           0x000003a5   Thumb Code     2  startup_tm4c123.o(.text)
    PWM0_2_Handler                           0x000003a7   Thumb Code     2  startup_tm4c123.o(.text)
    QEI0_Handler                             0x000003a9   Thumb Code     2  startup_tm4c123.o(.text)
    ADC0SS0_Handler                          0x000003ab   Thumb Code     2  startup_tm4c123.o(.text)
    ADC0SS1_Handler                          0x000003ad   Thumb Code     2  startup_tm4c123.o(.text)
    ADC0SS2_Handler                          0x000003af   Thumb Code     2  startup_tm4c123.o(.text)
    ADC0SS3_Handler                          0x000003b1   Thumb Code     2  startup_tm4c123.o(.text)
    WDT0_Handler                             0x000003b3   Thumb Code     2  startup_tm4c123.o(.text)
    TIMER0A_Handler                          0x000003b5   Thumb Code     2  startup_tm4c123.o(.text)
    TIMER0B_Handler                          0x000003b7   Thumb Code     2  startup_tm4c123.o(.text)
    TIMER1A_Handler                          0x000003b9   Thumb Code     2  startup_tm4c123.o(.text)
    TIMER1B_Handler                          0x000003bb   Thumb Code     2  startup_tm4c123.o(.text)
    TIMER2A_Handler                          0x000003bd   Thumb Code     2  startup_tm4c123.o(.text)
    TIMER2B_Handler                          0x000003bf   Thumb Code     2  startup_tm4c123.o(.text)
    COMP0_Handler                            0x000003c1   Thumb Code     2  startup_tm4c123.o(.text)
    COMP1_Handler                            0x000003c3   Thumb Code     2  startup_tm4c123.o(.text)
    COMP2_Handler                            0x000003c5   Thumb Code     2  startup_tm4c123.o(.text)
    SYSCTL_Handler                           0x000003c7   Thumb Code     2  startup_tm4c123.o(.text)
    FLASH_Handler                            0x000003c9   Thumb Code     2  startup_tm4c123.o(.text)
    GPIOF_Handler                            0x000003cb   Thumb Code     2  startup_tm4c123.o(.text)
    GPIOG_Handler                            0x000003cd   Thumb Code     2  startup_tm4c123.o(.text)
    GPIOH_Handler                            0x000003cf   Thumb Code     2  startup_tm4c123.o(.text)
    UART2_Handler                            0x000003d1   Thumb Code     2  startup_tm4c123.o(.text)
    SSI1_Handler                             0x000003d3   Thumb Code     2  startup_tm4c123.o(.text)
    TIMER3A_Handler                          0x000003d5   Thumb Code     2  startup_tm4c123.o(.text)
    TIMER3B_Handler                          0x000003d7   Thumb Code     2  startup_tm4c123.o(.text)
    I2C1_Handler                             0x000003d9   Thumb Code     2  startup_tm4c123.o(.text)
    QEI1_Handler                             0x000003db   Thumb Code     2  startup_tm4c123.o(.text)
    CAN0_Handler                             0x000003dd   Thumb Code     2  startup_tm4c123.o(.text)
    CAN1_Handler                             0x000003df   Thumb Code     2  startup_tm4c123.o(.text)
    CAN2_Handler                             0x000003e1   Thumb Code     2  startup_tm4c123.o(.text)
    HIB_Handler                              0x000003e3   Thumb Code     2  startup_tm4c123.o(.text)
    USB0_Handler                             0x000003e5   Thumb Code     2  startup_tm4c123.o(.text)
    PWM0_3_Handler                           0x000003e7   Thumb Code     2  startup_tm4c123.o(.text)
    UDMA_Handler                             0x000003e9   Thumb Code     2  startup_tm4c123.o(.text)
    UDMAERR_Handler                          0x000003eb   Thumb Code     2  startup_tm4c123.o(.text)
    ADC1SS0_Handler                          0x000003ed   Thumb Code     2  startup_tm4c123.o(.text)
    ADC1SS1_Handler                          0x000003ef   Thumb Code     2  startup_tm4c123.o(.text)
    ADC1SS2_Handler                          0x000003f1   Thumb Code     2  startup_tm4c123.o(.text)
    ADC1SS3_Handler                          0x000003f3   Thumb Code     2  startup_tm4c123.o(.text)
    GPIOJ_Handler                            0x000003f5   Thumb Code     2  startup_tm4c123.o(.text)
    GPIOK_Handler                            0x000003f7   Thumb Code     2  startup_tm4c123.o(.text)
    GPIOL_Handler                            0x000003f9   Thumb Code     2  startup_tm4c123.o(.text)
    SSI2_Handler                             0x000003fb   Thumb Code     2  startup_tm4c123.o(.text)
    SSI3_Handler                             0x000003fd   Thumb Code     2  startup_tm4c123.o(.text)
    UART3_Handler                            0x000003ff   Thumb Code     2  startup_tm4c123.o(.text)
    UART4_Handler                            0x00000401   Thumb Code     2  startup_tm4c123.o(.text)
    UART5_Handler                            0x00000403   Thumb Code     2  startup_tm4c123.o(.text)
    UART6_Handler                            0x00000405   Thumb Code     2  startup_tm4c123.o(.text)
    UART7_Handler                            0x00000407   Thumb Code     2  startup_tm4c123.o(.text)
    I2C2_Handler                             0x00000409   Thumb Code     2  startup_tm4c123.o(.text)
    I2C3_Handler                             0x0000040b   Thumb Code     2  startup_tm4c123.o(.text)
    TIMER4A_Handler                          0x0000040d   Thumb Code     2  startup_tm4c123.o(.text)
    TIMER4B_Handler                          0x0000040f   Thumb Code     2  startup_tm4c123.o(.text)
    TIMER5A_Handler                          0x00000411   Thumb Code     2  startup_tm4c123.o(.text)
    TIMER5B_Handler                          0x00000413   Thumb Code     2  startup_tm4c123.o(.text)
    WTIMER0A_Handler                         0x00000415   Thumb Code     2  startup_tm4c123.o(.text)
    WTIMER0B_Handler                         0x00000417   Thumb Code     2  startup_tm4c123.o(.text)
    WTIMER1A_Handler                         0x00000419   Thumb Code     2  startup_tm4c123.o(.text)
    WTIMER1B_Handler                         0x0000041b   Thumb Code     2  startup_tm4c123.o(.text)
    WTIMER2A_Handler                         0x0000041d   Thumb Code     2  startup_tm4c123.o(.text)
    WTIMER2B_Handler                         0x0000041f   Thumb Code     2  startup_tm4c123.o(.text)
    WTIMER3A_Handler                         0x00000421   Thumb Code     2  startup_tm4c123.o(.text)
    WTIMER3B_Handler                         0x00000423   Thumb Code     2  startup_tm4c123.o(.text)
    WTIMER4A_Handler                         0x00000425   Thumb Code     2  startup_tm4c123.o(.text)
    WTIMER4B_Handler                         0x00000427   Thumb Code     2  startup_tm4c123.o(.text)
    WTIMER5A_Handler                         0x00000429   Thumb Code     2  startup_tm4c123.o(.text)
    WTIMER5B_Handler                         0x0000042b   Thumb Code     2  startup_tm4c123.o(.text)
    FPU_Handler                              0x0000042d   Thumb Code     2  startup_tm4c123.o(.text)
    I2C4_Handler                             0x0000042f   Thumb Code     2  startup_tm4c123.o(.text)
    I2C5_Handler                             0x00000431   Thumb Code     2  startup_tm4c123.o(.text)
    GPIOM_Handler                            0x00000433   Thumb Code     2  startup_tm4c123.o(.text)
    GPION_Handler                            0x00000435   Thumb Code     2  startup_tm4c123.o(.text)
    QEI2_Handler                             0x00000437   Thumb Code     2  startup_tm4c123.o(.text)
    GPIOP0_Handler                           0x00000439   Thumb Code     2  startup_tm4c123.o(.text)
    GPIOP1_Handler                           0x0000043b   Thumb Code     2  startup_tm4c123.o(.text)
    GPIOP2_Handler                           0x0000043d   Thumb Code     2  startup_tm4c123.o(.text)
    GPIOP3_Handler                           0x0000043f   Thumb Code     2  startup_tm4c123.o(.text)
    GPIOP4_Handler                           0x00000441   Thumb Code     2  startup_tm4c123.o(.text)
    GPIOP5_Handler                           0x00000443   Thumb Code     2  startup_tm4c123.o(.text)
    GPIOP6_Handler                           0x00000445   Thumb Code     2  startup_tm4c123.o(.text)
    GPIOP7_Handler                           0x00000447   Thumb Code     2  startup_tm4c123.o(.text)
    GPIOQ0_Handler                           0x00000449   Thumb Code     2  startup_tm4c123.o(.text)
    GPIOQ1_Handler                           0x0000044b   Thumb Code     2  startup_tm4c123.o(.text)
    GPIOQ2_Handler                           0x0000044d   Thumb Code     2  startup_tm4c123.o(.text)
    GPIOQ3_Handler                           0x0000044f   Thumb Code     2  startup_tm4c123.o(.text)
    GPIOQ4_Handler                           0x00000451   Thumb Code     2  startup_tm4c123.o(.text)
    GPIOQ5_Handler                           0x00000453   Thumb Code     2  startup_tm4c123.o(.text)
    GPIOQ6_Handler                           0x00000455   Thumb Code     2  startup_tm4c123.o(.text)
    GPIOQ7_Handler                           0x00000457   Thumb Code     2  startup_tm4c123.o(.text)
    GPIOR_Handler                            0x00000459   Thumb Code     2  startup_tm4c123.o(.text)
    GPIOS_Handler                            0x0000045b   Thumb Code     2  startup_tm4c123.o(.text)
    PMW1_0_Handler                           0x0000045d   Thumb Code     2  startup_tm4c123.o(.text)
    PWM1_1_Handler                           0x0000045f   Thumb Code     2  startup_tm4c123.o(.text)
    PWM1_2_Handler                           0x00000461   Thumb Code     2  startup_tm4c123.o(.text)
    PWM1_3_Handler                           0x00000463   Thumb Code     2  startup_tm4c123.o(.text)
    PWM1_FAULT_Handler                       0x00000465   Thumb Code     2  startup_tm4c123.o(.text)
    __user_initial_stackheap                 0x00000469   Thumb Code     0  startup_tm4c123.o(.text)
    __2sprintf                               0x00000489   Thumb Code    34  noretval__2sprintf.o(.text)
    _printf_pre_padding                      0x000004b1   Thumb Code    44  _printf_pad.o(.text)
    _printf_post_padding                     0x000004dd   Thumb Code    34  _printf_pad.o(.text)
    _printf_str                              0x000004ff   Thumb Code    82  _printf_str.o(.text)
    _printf_int_dec                          0x00000551   Thumb Code   104  _printf_dec.o(.text)
    __printf                                 0x000005c9   Thumb Code   270  __printf_wp.o(.text)
    strlen                                   0x000006d7   Thumb Code    62  strlen.o(.text)
    __aeabi_memcpy                           0x00000715   Thumb Code     0  rt_memcpy_v6.o(.text)
    __rt_memcpy                              0x00000715   Thumb Code   138  rt_memcpy_v6.o(.text)
    _memcpy_lastbytes                        0x0000077b   Thumb Code     0  rt_memcpy_v6.o(.text)
    __aeabi_memset4                          0x0000079f   Thumb Code    16  aeabi_memset4.o(.text)
    __aeabi_memset8                          0x0000079f   Thumb Code     0  aeabi_memset4.o(.text)
    __aeabi_memclr                           0x000007af   Thumb Code     0  rt_memclr.o(.text)
    __rt_memclr                              0x000007af   Thumb Code     0  rt_memclr.o(.text)
    _memset                                  0x000007b3   Thumb Code    64  rt_memclr.o(.text)
    __aeabi_memclr4                          0x000007f3   Thumb Code     0  rt_memclr_w.o(.text)
    __aeabi_memclr8                          0x000007f3   Thumb Code     0  rt_memclr_w.o(.text)
    __rt_memclr_w                            0x000007f3   Thumb Code     0  rt_memclr_w.o(.text)
    _memset_w                                0x000007f7   Thumb Code    74  rt_memclr_w.o(.text)
    __use_two_region_memory                  0x00000841   Thumb Code     2  heapauxi.o(.text)
    __rt_heap_escrow$2region                 0x00000843   Thumb Code     2  heapauxi.o(.text)
    __rt_heap_expand$2region                 0x00000845   Thumb Code     2  heapauxi.o(.text)
    _printf_int_common                       0x00000847   Thumb Code   178  _printf_intcommon.o(.text)
    _printf_char_common                      0x00000903   Thumb Code    32  _printf_char_common.o(.text)
    _sputc                                   0x00000929   Thumb Code    10  _sputc.o(.text)
    _printf_cs_common                        0x00000933   Thumb Code    20  _printf_char.o(.text)
    _printf_char                             0x00000947   Thumb Code    16  _printf_char.o(.text)
    _printf_string                           0x00000957   Thumb Code     8  _printf_char.o(.text)
    __aeabi_memcpy4                          0x0000095f   Thumb Code     0  rt_memcpy_w.o(.text)
    __aeabi_memcpy8                          0x0000095f   Thumb Code     0  rt_memcpy_w.o(.text)
    __rt_memcpy_w                            0x0000095f   Thumb Code   100  rt_memcpy_w.o(.text)
    _memcpy_lastbytes_aligned                0x000009a7   Thumb Code     0  rt_memcpy_w.o(.text)
    __user_setup_stackheap                   0x000009c3   Thumb Code    74  sys_stackheap_outer.o(.text)
    exit                                     0x00000a0d   Thumb Code    18  exit.o(.text)
    __user_libspace                          0x00000a21   Thumb Code     8  libspace.o(.text)
    __user_perproc_libspace                  0x00000a21   Thumb Code     0  libspace.o(.text)
    _sys_exit                                0x00000a29   Thumb Code     8  sys_exit.o(.text)
    __I$use$semihosting                      0x00000a35   Thumb Code     0  use_no_semi.o(.text)
    __use_no_semihosting_swi                 0x00000a35   Thumb Code     2  use_no_semi.o(.text)
    __semihosting_library_function           0x00000a37   Thumb Code     0  indicate_semi.o(.text)
    _fp_init                                 0x00000a39   Thumb Code    22  clib_os.o(.text.$Sub$$_fp_init)
    GPIOA_Handler                            0x00000a51   Thumb Code   238  drivers.o(.text.GPIOA_Handler)
    LCD_Clear                                0x00000b41   Thumb Code    40  lcd.o(.text.LCD_Clear)
    LCD_Print                                0x00000b69   Thumb Code   176  lcd.o(.text.LCD_Print)
    LCD_SetCursor                            0x00000ca9   Thumb Code    24  lcd.o(.text.LCD_SetCursor)
    PendSV_Handler                           0x00000cc1   Thumb Code    96  port.o(.text.PendSV_Handler)
    SVC_Handler                              0x00000d21   Thumb Code    32  port.o(.text.SVC_Handler)
    SysTick_Handler                          0x00000d41   Thumb Code    30  cmsis_os2.o(.text.SysTick_Handler)
    SystemInit                               0x00000d61   Thumb Code   136  system_tm4c123.o(.text.SystemInit)
    _mutex_acquire                           0x00000de9   Thumb Code    36  clib_os.o(.text._mutex_acquire)
    _mutex_free                              0x00000e0d   Thumb Code    78  clib_os.o(.text._mutex_free)
    _mutex_initialize                        0x00000e5d   Thumb Code   126  clib_os.o(.text._mutex_initialize)
    _mutex_release                           0x00000edd   Thumb Code    38  clib_os.o(.text._mutex_release)
    _platform_post_stackheap_init            0x00000f05   Thumb Code     2  clib_os.o(.text._platform_post_stackheap_init)
    createSafetyTasks                        0x00000f09   Thumb Code   136  safety_tasks.o(.text.createSafetyTasks)
    delay_ms                                 0x00000fa5   Thumb Code   106  drivers.o(.text.delay_ms)
    doorTask                                 0x00001011   Thumb Code   360  safety_tasks.o(.text.doorTask)
    initADC                                  0x0000118d   Thumb Code   114  drivers.o(.text.initADC)
    initBuzzer                               0x00001201   Thumb Code    56  drivers.o(.text.initBuzzer)
    initDoorLockLed                          0x00001239   Thumb Code    44  drivers.o(.text.initDoorLockLed)
    initLCD                                  0x00001265   Thumb Code   128  lcd.o(.text.initLCD)
    initRGB                                  0x000012e5   Thumb Code    56  drivers.o(.text.initRGB)
    initSwitches                             0x0000131d   Thumb Code   112  drivers.o(.text.initSwitches)
    initTimer1                               0x0000138d   Thumb Code   158  drivers.o(.text.initTimer1)
    initUltrasonic                           0x0000142d   Thumb Code   102  drivers.o(.text.initUltrasonic)
    isDriverDoorOpen                         0x00001495   Thumb Code    18  drivers.o(.text.isDriverDoorOpen)
    isGearDrive                              0x000014a9   Thumb Code    20  drivers.o(.text.isGearDrive)
    isGearReverse                            0x000014bd   Thumb Code    20  drivers.o(.text.isGearReverse)
    isIgnitionOn                             0x000014d1   Thumb Code    18  drivers.o(.text.isIgnitionOn)
    isManualLockOn                           0x000014e5   Thumb Code    12  drivers.o(.text.isManualLockOn)
    isManualUnlockOn                         0x000014f1   Thumb Code    12  drivers.o(.text.isManualUnlockOn)
    lcdUpdateTask                            0x000014fd   Thumb Code   884  safety_tasks.o(.text.lcdUpdateTask)
    lockDoors                                0x000018b9   Thumb Code    16  drivers.o(.text.lockDoors)
    main                                     0x000018c9   Thumb Code    42  main.o(.text.main)
    pvPortMalloc                             0x00002085   Thumb Code   428  heap_4.o(.text.pvPortMalloc)
    pvTaskIncrementMutexHeldCount            0x00002231   Thumb Code    24  tasks.o(.text.pvTaskIncrementMutexHeldCount)
    pxPortInitialiseStack                    0x00002249   Thumb Code    40  port.o(.text.pxPortInitialiseStack)
    readSpeedADC                             0x00002271   Thumb Code    86  drivers.o(.text.readSpeedADC)
    rearAssistTask                           0x000022c9   Thumb Code   234  safety_tasks.o(.text.rearAssistTask)
    setBuzzerFrequency                       0x000023b5   Thumb Code   230  drivers.o(.text.setBuzzerFrequency)
    setDoorLockLed                           0x0000249d   Thumb Code    24  drivers.o(.text.setDoorLockLed)
    setOffBuzzer                             0x000024b5   Thumb Code    16  drivers.o(.text.setOffBuzzer)
    setOnBuzzer                              0x000024c5   Thumb Code    16  drivers.o(.text.setOnBuzzer)
    setRGBColor                              0x000024d5   Thumb Code    38  drivers.o(.text.setRGBColor)
    ultrasonic_edge_processor                0x000024fd   Thumb Code    78  drivers.o(.text.ultrasonic_edge_processor)
    ultrasonic_get_distance                  0x0000254d   Thumb Code   196  drivers.o(.text.ultrasonic_get_distance)
    ultrasonic_trigger                       0x00002611   Thumb Code   102  drivers.o(.text.ultrasonic_trigger)
    unlockDoors                              0x00002679   Thumb Code    16  drivers.o(.text.unlockDoors)
    uxListRemove                             0x00002689   Thumb Code    34  list.o(.text.uxListRemove)
    vApplicationGetTimerTaskMemory           0x000026ad   Thumb Code    26  tasks.o(.text.vApplicationGetTimerTaskMemory)
    vApplicationStackOverflowHook            0x000026c9   Thumb Code     4  cmsis_os2.o(.text.vApplicationStackOverflowHook)
    vListInitialise                          0x000026cd   Thumb Code    22  list.o(.text.vListInitialise)
    vListInitialiseItem                      0x000026e5   Thumb Code     6  list.o(.text.vListInitialiseItem)
    vListInsert                              0x000026ed   Thumb Code    96  list.o(.text.vListInsert)
    vPortEnterCritical                       0x00002761   Thumb Code    54  port.o(.text.vPortEnterCritical)
    vPortExitCritical                        0x00002799   Thumb Code    32  port.o(.text.vPortExitCritical)
    vPortFree                                0x000027b9   Thumb Code   248  heap_4.o(.text.vPortFree)
    vPortSetupTimerInterrupt                 0x000028b1   Thumb Code    52  port.o(.text.vPortSetupTimerInterrupt)
    vQueueDelete                             0x000028e5   Thumb Code    18  queue.o(.text.vQueueDelete)
    vQueueWaitForMessageRestricted           0x000028f9   Thumb Code    70  queue.o(.text.vQueueWaitForMessageRestricted)
    vTaskDelay                               0x00002941   Thumb Code   170  tasks.o(.text.vTaskDelay)
    vTaskInternalSetTimeOutState             0x000029ed   Thumb Code    26  tasks.o(.text.vTaskInternalSetTimeOutState)
    vTaskMissedYield                         0x00002a09   Thumb Code    14  tasks.o(.text.vTaskMissedYield)
    vTaskPlaceOnEventList                    0x00002a19   Thumb Code    36  tasks.o(.text.vTaskPlaceOnEventList)
    vTaskPlaceOnEventListRestricted          0x00002a3d   Thumb Code    84  tasks.o(.text.vTaskPlaceOnEventListRestricted)
    vTaskPriorityDisinheritAfterTimeout      0x00002a91   Thumb Code   152  tasks.o(.text.vTaskPriorityDisinheritAfterTimeout)
    vTaskStartScheduler                      0x00002b29   Thumb Code   212  tasks.o(.text.vTaskStartScheduler)
    vTaskSuspendAll                          0x00002bfd   Thumb Code    16  tasks.o(.text.vTaskSuspendAll)
    vTaskSwitchContext                       0x00002c0d   Thumb Code   206  tasks.o(.text.vTaskSwitchContext)
    xPortStartScheduler                      0x00002cdd   Thumb Code   406  port.o(.text.xPortStartScheduler)
    xPortSysTickHandler                      0x00002e75   Thumb Code    46  port.o(.text.xPortSysTickHandler)
    xQueueCreateMutex                        0x00002ea5   Thumb Code    40  queue.o(.text.xQueueCreateMutex)
    xQueueCreateMutexStatic                  0x00002ecd   Thumb Code   130  queue.o(.text.xQueueCreateMutexStatic)
    xQueueGenericCreate                      0x00002f51   Thumb Code   136  queue.o(.text.xQueueGenericCreate)
    xQueueGenericCreateStatic                0x00002fd9   Thumb Code   144  queue.o(.text.xQueueGenericCreateStatic)
    xQueueGenericSend                        0x00003069   Thumb Code   466  queue.o(.text.xQueueGenericSend)
    xQueueReceive                            0x0000323d   Thumb Code   342  queue.o(.text.xQueueReceive)
    xQueueSemaphoreTake                      0x00003395   Thumb Code   368  queue.o(.text.xQueueSemaphoreTake)
    xTaskCheckForTimeOut                     0x00003505   Thumb Code   146  tasks.o(.text.xTaskCheckForTimeOut)
    xTaskCreate                              0x00003599   Thumb Code    94  tasks.o(.text.xTaskCreate)
    xTaskCreateStatic                        0x000035f9   Thumb Code   122  tasks.o(.text.xTaskCreateStatic)
    xTaskGetSchedulerState                   0x00003675   Thumb Code    38  tasks.o(.text.xTaskGetSchedulerState)
    xTaskGetTickCount                        0x0000369d   Thumb Code    12  tasks.o(.text.xTaskGetTickCount)
    xTaskIncrementTick                       0x000036a9   Thumb Code   402  tasks.o(.text.xTaskIncrementTick)
    xTaskPriorityDisinherit                  0x0000383d   Thumb Code   136  tasks.o(.text.xTaskPriorityDisinherit)
    xTaskPriorityInherit                     0x000038c5   Thumb Code   166  tasks.o(.text.xTaskPriorityInherit)
    xTaskRemoveFromEventList                 0x0000396d   Thumb Code   226  tasks.o(.text.xTaskRemoveFromEventList)
    xTaskResumeAll                           0x00003a51   Thumb Code   372  tasks.o(.text.xTaskResumeAll)
    xTimerCreateTimerTask                    0x00003bc5   Thumb Code   180  timers.o(.text.xTimerCreateTimerTask)
    ADCIntClear                              0x00003c81   Thumb Code    10  adc.o(i.ADCIntClear)
    ADCIntStatus                             0x00003c8b   Thumb Code    52  adc.o(i.ADCIntStatus)
    ADCProcessorTrigger                      0x00003cbf   Thumb Code    26  adc.o(i.ADCProcessorTrigger)
    ADCSequenceConfigure                     0x00003cd9   Thumb Code    96  adc.o(i.ADCSequenceConfigure)
    ADCSequenceDataGet                       0x00003d39   Thumb Code    36  adc.o(i.ADCSequenceDataGet)
    ADCSequenceEnable                        0x00003d5d   Thumb Code    14  adc.o(i.ADCSequenceEnable)
    ADCSequenceStepConfigure                 0x00003d6b   Thumb Code   154  adc.o(i.ADCSequenceStepConfigure)
    GPIODirModeSet                           0x00003e05   Thumb Code    40  gpio.o(i.GPIODirModeSet)
    GPIOIntClear                             0x00003e2d   Thumb Code     6  gpio.o(i.GPIOIntClear)
    GPIOIntDisable                           0x00003e33   Thumb Code    14  gpio.o(i.GPIOIntDisable)
    GPIOIntEnable                            0x00003e41   Thumb Code    12  gpio.o(i.GPIOIntEnable)
    GPIOIntRegister                          0x00003e4d   Thumb Code    26  gpio.o(i.GPIOIntRegister)
    GPIOIntStatus                            0x00003e67   Thumb Code    14  gpio.o(i.GPIOIntStatus)
    GPIOIntTypeSet                           0x00003e75   Thumb Code    80  gpio.o(i.GPIOIntTypeSet)
    GPIOPadConfigSet                         0x00003ec5   Thumb Code   354  gpio.o(i.GPIOPadConfigSet)
    GPIOPinConfigure                         0x00004035   Thumb Code    60  gpio.o(i.GPIOPinConfigure)
    GPIOPinRead                              0x00004079   Thumb Code     6  gpio.o(i.GPIOPinRead)
    GPIOPinTypeADC                           0x0000407f   Thumb Code    28  gpio.o(i.GPIOPinTypeADC)
    GPIOPinTypeGPIOInput                     0x0000409b   Thumb Code    28  gpio.o(i.GPIOPinTypeGPIOInput)
    GPIOPinTypeGPIOOutput                    0x000040b7   Thumb Code    28  gpio.o(i.GPIOPinTypeGPIOOutput)
    GPIOPinTypeTimer                         0x000040d3   Thumb Code    28  gpio.o(i.GPIOPinTypeTimer)
    GPIOPinWrite                             0x000040ef   Thumb Code     6  gpio.o(i.GPIOPinWrite)
    IntEnable                                0x000040f5   Thumb Code    92  interrupt.o(i.IntEnable)
    IntMasterEnable                          0x00004159   Thumb Code    14  interrupt.o(i.IntMasterEnable)
    IntRegister                              0x00004169   Thumb Code    44  interrupt.o(i.IntRegister)
    SysCtlClockGet                           0x0000419d   Thumb Code   304  sysctl.o(i.SysCtlClockGet)
    SysCtlPeripheralEnable                   0x000042f1   Thumb Code    36  sysctl.o(i.SysCtlPeripheralEnable)
    SysCtlPeripheralReady                    0x00004319   Thumb Code    40  sysctl.o(i.SysCtlPeripheralReady)
    TimerConfigure                           0x00004345   Thumb Code    88  timer.o(i.TimerConfigure)
    TimerControlEvent                        0x000043a5   Thumb Code    18  timer.o(i.TimerControlEvent)
    TimerDisable                             0x000043b7   Thumb Code    16  timer.o(i.TimerDisable)
    TimerEnable                              0x000043c7   Thumb Code    14  timer.o(i.TimerEnable)
    TimerIntClear                            0x000043d5   Thumb Code     4  timer.o(i.TimerIntClear)
    TimerIntEnable                           0x000043d9   Thumb Code     8  timer.o(i.TimerIntEnable)
    TimerIntStatus                           0x000043e1   Thumb Code    10  timer.o(i.TimerIntStatus)
    TimerLoadSet                             0x000043eb   Thumb Code    18  timer.o(i.TimerLoadSet)
    TimerValueGet                            0x000043fd   Thumb Code    10  timer.o(i.TimerValueGet)
    _is_digit                                0x00004459   Thumb Code    14  __printf_wp.o(i._is_digit)
    $Super$$_fp_init                         0x00004467   Thumb Code    26  fpinit.o(x$fpl$fpinit)
    __fplib_config_fpu_vfp                   0x0000447f   Thumb Code     0  fpinit.o(x$fpl$fpinit)
    __fplib_config_pureend_doubles           0x0000447f   Thumb Code     0  fpinit.o(x$fpl$fpinit)
    Region$$Table$$Base                      0x00004a2c   Number         0  anon$$obj.o(Region$$Table)
    Region$$Table$$Limit                     0x00004a4c   Number         0  anon$$obj.o(Region$$Table)
    SystemCoreClock                          0x20000000   Data           4  system_tm4c123.o(.data.SystemCoreClock)
    __libspace_start                         0x20000670   Data          96  libspace.o(.bss)
    __temporary_stack_top$libspace           0x200006d0   Data           0  libspace.o(.bss)
    captured                                 0x200006d0   Data           1  drivers.o(.bss.captured)
    distanceBuzzer                           0x20000878   Data           1  safety_tasks.o(.bss.distanceBuzzer)
    distanceQueue                            0x2000087c   Data           4  safety_tasks.o(.bss.distanceQueue)
    doorLocked                               0x20000880   Data           1  safety_tasks.o(.bss.doorLocked)
    doorOpenedBuzzer                         0x20000881   Data           1  safety_tasks.o(.bss.doorOpenedBuzzer)
    driverDoorState                          0x20000884   Data           4  drivers.o(.bss.driverDoorState)
    fallingEdge                              0x20000888   Data           4  drivers.o(.bss.fallingEdge)
    gearState                                0x2000088c   Data           1  drivers.o(.bss.gearState)
    ignitionState                            0x20000890   Data           4  drivers.o(.bss.ignitionState)
    lcdMutex                                 0x20000894   Data           4  safety_tasks.o(.bss.lcdMutex)
    manualLockState                          0x2000089b   Data           1  drivers.o(.bss.manualLockState)
    manualUnlockState                        0x2000089c   Data           1  drivers.o(.bss.manualUnlockState)
    pxCurrentTCB                             0x20000944   Data           4  tasks.o(.bss.pxCurrentTCB)
    risingEdge                               0x20000dbc   Data           4  drivers.o(.bss.risingEdge)
    speedQueue                               0x20000dc0   Data           4  safety_tasks.o(.bss.speedQueue)



==============================================================================

Memory Map of the image

  Image Entry point : 0x00000375

  Load Region LR_1 (Base: 0x00000000, Size: 0x0000526c, Max: 0xffffffff, ABSOLUTE, COMPRESSED[0x00004c18])

    Execution Region ER_RO (Exec base: 0x00000000, Load base: 0x00000000, Size: 0x00004a4c, Max: 0xffffffff, ABSOLUTE)

    Exec Addr    Load Addr    Size         Type   Attr      Idx    E Section Name        Object

    0x00000000   0x00000000   0x0000026c   Data   RO          351    RESET               startup_tm4c123.o
    0x0000026c   0x0000026c   0x00000008   Code   RO         2157  * !!!main             c_w.l(__main.o)
    0x00000274   0x00000274   0x00000034   Code   RO         2335    !!!scatter          c_w.l(__scatter.o)
    0x000002a8   0x000002a8   0x0000003a   Code   RO         2333    !!dczerorl          c_w.l(__dczerorl.o)
    0x000002e2   0x000002e2   0x00000002   PAD
    0x000002e4   0x000002e4   0x0000001c   Code   RO         2337    !!handler_zi        c_w.l(__scatter_zi.o)
    0x00000300   0x00000300   0x00000000   Code   RO         2144    .ARM.Collect$$_printf_percent$$00000000  c_w.l(_printf_percent.o)
    0x00000300   0x00000300   0x00000006   Code   RO         2143    .ARM.Collect$$_printf_percent$$00000009  c_w.l(_printf_d.o)
    0x00000306   0x00000306   0x00000006   Code   RO         2142    .ARM.Collect$$_printf_percent$$00000013  c_w.l(_printf_c.o)
    0x0000030c   0x0000030c   0x00000004   Code   RO         2170    .ARM.Collect$$_printf_percent$$00000017  c_w.l(_printf_percent_end.o)
    0x00000310   0x00000310   0x00000002   Code   RO         2197    .ARM.Collect$$libinit$$00000000  c_w.l(libinit.o)
    0x00000312   0x00000312   0x00000004   Code   RO         2203    .ARM.Collect$$libinit$$00000001  c_w.l(libinit2.o)
    0x00000316   0x00000316   0x00000000   Code   RO         2206    .ARM.Collect$$libinit$$00000004  c_w.l(libinit2.o)
    0x00000316   0x00000316   0x00000000   Code   RO         2208    .ARM.Collect$$libinit$$00000006  c_w.l(libinit2.o)
    0x00000316   0x00000316   0x00000000   Code   RO         2211    .ARM.Collect$$libinit$$0000000C  c_w.l(libinit2.o)
    0x00000316   0x00000316   0x00000000   Code   RO         2213    .ARM.Collect$$libinit$$0000000E  c_w.l(libinit2.o)
    0x00000316   0x00000316   0x00000000   Code   RO         2215    .ARM.Collect$$libinit$$00000010  c_w.l(libinit2.o)
    0x00000316   0x00000316   0x00000000   Code   RO         2218    .ARM.Collect$$libinit$$00000013  c_w.l(libinit2.o)
    0x00000316   0x00000316   0x00000000   Code   RO         2220    .ARM.Collect$$libinit$$00000015  c_w.l(libinit2.o)
    0x00000316   0x00000316   0x00000000   Code   RO         2222    .ARM.Collect$$libinit$$00000017  c_w.l(libinit2.o)
    0x00000316   0x00000316   0x00000000   Code   RO         2224    .ARM.Collect$$libinit$$00000019  c_w.l(libinit2.o)
    0x00000316   0x00000316   0x00000000   Code   RO         2226    .ARM.Collect$$libinit$$0000001B  c_w.l(libinit2.o)
    0x00000316   0x00000316   0x00000000   Code   RO         2228    .ARM.Collect$$libinit$$0000001D  c_w.l(libinit2.o)
    0x00000316   0x00000316   0x00000000   Code   RO         2230    .ARM.Collect$$libinit$$0000001F  c_w.l(libinit2.o)
    0x00000316   0x00000316   0x00000000   Code   RO         2232    .ARM.Collect$$libinit$$00000021  c_w.l(libinit2.o)
    0x00000316   0x00000316   0x00000000   Code   RO         2234    .ARM.Collect$$libinit$$00000023  c_w.l(libinit2.o)
    0x00000316   0x00000316   0x00000000   Code   RO         2236    .ARM.Collect$$libinit$$00000025  c_w.l(libinit2.o)
    0x00000316   0x00000316   0x00000000   Code   RO         2238    .ARM.Collect$$libinit$$00000027  c_w.l(libinit2.o)
    0x00000316   0x00000316   0x00000000   Code   RO         2242    .ARM.Collect$$libinit$$0000002E  c_w.l(libinit2.o)
    0x00000316   0x00000316   0x00000000   Code   RO         2244    .ARM.Collect$$libinit$$00000030  c_w.l(libinit2.o)
    0x00000316   0x00000316   0x00000000   Code   RO         2246    .ARM.Collect$$libinit$$00000032  c_w.l(libinit2.o)
    0x00000316   0x00000316   0x00000000   Code   RO         2248    .ARM.Collect$$libinit$$00000034  c_w.l(libinit2.o)
    0x00000316   0x00000316   0x00000002   Code   RO         2249    .ARM.Collect$$libinit$$00000035  c_w.l(libinit2.o)
    0x00000318   0x00000318   0x00000002   Code   RO         2269    .ARM.Collect$$libshutdown$$00000000  c_w.l(libshutdown.o)
    0x0000031a   0x0000031a   0x00000000   Code   RO         2284    .ARM.Collect$$libshutdown$$00000002  c_w.l(libshutdown2.o)
    0x0000031a   0x0000031a   0x00000000   Code   RO         2286    .ARM.Collect$$libshutdown$$00000004  c_w.l(libshutdown2.o)
    0x0000031a   0x0000031a   0x00000000   Code   RO         2289    .ARM.Collect$$libshutdown$$00000007  c_w.l(libshutdown2.o)
    0x0000031a   0x0000031a   0x00000000   Code   RO         2292    .ARM.Collect$$libshutdown$$0000000A  c_w.l(libshutdown2.o)
    0x0000031a   0x0000031a   0x00000000   Code   RO         2294    .ARM.Collect$$libshutdown$$0000000C  c_w.l(libshutdown2.o)
    0x0000031a   0x0000031a   0x00000000   Code   RO         2297    .ARM.Collect$$libshutdown$$0000000F  c_w.l(libshutdown2.o)
    0x0000031a   0x0000031a   0x00000002   Code   RO         2298    .ARM.Collect$$libshutdown$$00000010  c_w.l(libshutdown2.o)
    0x0000031c   0x0000031c   0x00000000   Code   RO         2161    .ARM.Collect$$rtentry$$00000000  c_w.l(__rtentry.o)
    0x0000031c   0x0000031c   0x00000000   Code   RO         2174    .ARM.Collect$$rtentry$$00000002  c_w.l(__rtentry2.o)
    0x0000031c   0x0000031c   0x00000006   Code   RO         2186    .ARM.Collect$$rtentry$$00000004  c_w.l(__rtentry4.o)
    0x00000322   0x00000322   0x00000008   Code   RO         2175    .ARM.Collect$$rtentry$$00000008  c_w.l(__rtentry2.o)
    0x0000032a   0x0000032a   0x00000004   Code   RO         2177    .ARM.Collect$$rtentry$$0000000A  c_w.l(__rtentry2.o)
    0x0000032e   0x0000032e   0x00000000   Code   RO         2179    .ARM.Collect$$rtentry$$0000000C  c_w.l(__rtentry2.o)
    0x0000032e   0x0000032e   0x00000008   Code   RO         2180    .ARM.Collect$$rtentry$$0000000D  c_w.l(__rtentry2.o)
    0x00000336   0x00000336   0x00000002   Code   RO         2201    .ARM.Collect$$rtexit$$00000000  c_w.l(rtexit.o)
    0x00000338   0x00000338   0x00000000   Code   RO         2251    .ARM.Collect$$rtexit$$00000002  c_w.l(rtexit2.o)
    0x00000338   0x00000338   0x00000004   Code   RO         2252    .ARM.Collect$$rtexit$$00000003  c_w.l(rtexit2.o)
    0x0000033c   0x0000033c   0x00000006   Code   RO         2253    .ARM.Collect$$rtexit$$00000004  c_w.l(rtexit2.o)
    0x00000342   0x00000342   0x00000002   PAD
    0x00000344   0x00000344   0x00000006   Code   RO         1508    .emb_text           driverlib.lib(sysctl.o)
    0x0000034a   0x0000034a   0x00000002   PAD
    0x0000034c   0x0000034c   0x00000026   Code   RO         2098    .emb_text           driverlib.lib(cpu.o)
    0x00000372   0x00000372   0x00000002   PAD
    0x00000374   0x00000374   0x00000114   Code   RO          352  * .text               startup_tm4c123.o
    0x00000488   0x00000488   0x00000028   Code   RO         2112    .text               c_w.l(noretval__2sprintf.o)
    0x000004b0   0x000004b0   0x0000004e   Code   RO         2116    .text               c_w.l(_printf_pad.o)
    0x000004fe   0x000004fe   0x00000052   Code   RO         2118    .text               c_w.l(_printf_str.o)
    0x00000550   0x00000550   0x00000078   Code   RO         2120    .text               c_w.l(_printf_dec.o)
    0x000005c8   0x000005c8   0x0000010e   Code   RO         2130    .text               c_w.l(__printf_wp.o)
    0x000006d6   0x000006d6   0x0000003e   Code   RO         2145    .text               c_w.l(strlen.o)
    0x00000714   0x00000714   0x0000008a   Code   RO         2147    .text               c_w.l(rt_memcpy_v6.o)
    0x0000079e   0x0000079e   0x00000010   Code   RO         2149    .text               c_w.l(aeabi_memset4.o)
    0x000007ae   0x000007ae   0x00000044   Code   RO         2151    .text               c_w.l(rt_memclr.o)
    0x000007f2   0x000007f2   0x0000004e   Code   RO         2153    .text               c_w.l(rt_memclr_w.o)
    0x00000840   0x00000840   0x00000006   Code   RO         2155    .text               c_w.l(heapauxi.o)
    0x00000846   0x00000846   0x000000b2   Code   RO         2162    .text               c_w.l(_printf_intcommon.o)
    0x000008f8   0x000008f8   0x00000030   Code   RO         2164    .text               c_w.l(_printf_char_common.o)
    0x00000928   0x00000928   0x0000000a   Code   RO         2166    .text               c_w.l(_sputc.o)
    0x00000932   0x00000932   0x0000002c   Code   RO         2168    .text               c_w.l(_printf_char.o)
    0x0000095e   0x0000095e   0x00000064   Code   RO         2171    .text               c_w.l(rt_memcpy_w.o)
    0x000009c2   0x000009c2   0x0000004a   Code   RO         2190    .text               c_w.l(sys_stackheap_outer.o)
    0x00000a0c   0x00000a0c   0x00000012   Code   RO         2192    .text               c_w.l(exit.o)
    0x00000a1e   0x00000a1e   0x00000002   PAD
    0x00000a20   0x00000a20   0x00000008   Code   RO         2198    .text               c_w.l(libspace.o)
    0x00000a28   0x00000a28   0x0000000c   Code   RO         2259    .text               c_w.l(sys_exit.o)
    0x00000a34   0x00000a34   0x00000002   Code   RO         2274    .text               c_w.l(use_no_semi.o)
    0x00000a36   0x00000a36   0x00000000   Code   RO         2276    .text               c_w.l(indicate_semi.o)
    0x00000a36   0x00000a36   0x00000002   PAD
    0x00000a38   0x00000a38   0x00000016   Code   RO          142    .text.$Sub$$_fp_init  clib_os.o
    0x00000a4e   0x00000a4e   0x00000002   PAD
    0x00000a50   0x00000a50   0x000000ee   Code   RO           64    .text.GPIOA_Handler  drivers.o
    0x00000b3e   0x00000b3e   0x00000002   PAD
    0x00000b40   0x00000b40   0x00000028   Code   RO           50    .text.LCD_Clear     lcd.o
    0x00000b68   0x00000b68   0x000000b0   Code   RO           46    .text.LCD_Print     lcd.o
    0x00000c18   0x00000c18   0x00000090   Code   RO           44    .text.LCD_SendCommand  lcd.o
    0x00000ca8   0x00000ca8   0x00000018   Code   RO           48    .text.LCD_SetCursor  lcd.o
    0x00000cc0   0x00000cc0   0x00000060   Code   RO          438    .text.PendSV_Handler  port.o
    0x00000d20   0x00000d20   0x00000020   Code   RO          434    .text.SVC_Handler   port.o
    0x00000d40   0x00000d40   0x0000001e   Code   RO          166    .text.SysTick_Handler  cmsis_os2.o
    0x00000d5e   0x00000d5e   0x00000002   PAD
    0x00000d60   0x00000d60   0x00000088   Code   RO          361    .text.SystemInit    system_tm4c123.o
    0x00000de8   0x00000de8   0x00000024   Code   RO          148    .text._mutex_acquire  clib_os.o
    0x00000e0c   0x00000e0c   0x0000004e   Code   RO          152    .text._mutex_free   clib_os.o
    0x00000e5a   0x00000e5a   0x00000002   PAD
    0x00000e5c   0x00000e5c   0x0000007e   Code   RO          146    .text._mutex_initialize  clib_os.o
    0x00000eda   0x00000eda   0x00000002   PAD
    0x00000edc   0x00000edc   0x00000026   Code   RO          150    .text._mutex_release  clib_os.o
    0x00000f02   0x00000f02   0x00000002   PAD
    0x00000f04   0x00000f04   0x00000002   Code   RO          140    .text._platform_post_stackheap_init  clib_os.o
    0x00000f06   0x00000f06   0x00000002   PAD
    0x00000f08   0x00000f08   0x0000009c   Code   RO           14    .text.createSafetyTasks  safety_tasks.o
    0x00000fa4   0x00000fa4   0x0000006a   Code   RO           62    .text.delay_ms      drivers.o
    0x0000100e   0x0000100e   0x00000002   PAD
    0x00001010   0x00001010   0x0000017c   Code   RO           16    .text.doorTask      safety_tasks.o
    0x0000118c   0x0000118c   0x00000072   Code   RO           68    .text.initADC       drivers.o
    0x000011fe   0x000011fe   0x00000002   PAD
    0x00001200   0x00001200   0x00000038   Code   RO          100    .text.initBuzzer    drivers.o
    0x00001238   0x00001238   0x0000002c   Code   RO           96    .text.initDoorLockLed  drivers.o
    0x00001264   0x00001264   0x00000080   Code   RO           42    .text.initLCD       lcd.o
    0x000012e4   0x000012e4   0x00000038   Code   RO           92    .text.initRGB       drivers.o
    0x0000131c   0x0000131c   0x00000070   Code   RO           66    .text.initSwitches  drivers.o
    0x0000138c   0x0000138c   0x0000009e   Code   RO           76    .text.initTimer1    drivers.o
    0x0000142a   0x0000142a   0x00000002   PAD
    0x0000142c   0x0000142c   0x00000066   Code   RO           84    .text.initUltrasonic  drivers.o
    0x00001492   0x00001492   0x00000002   PAD
    0x00001494   0x00001494   0x00000012   Code   RO          114    .text.isDriverDoorOpen  drivers.o
    0x000014a6   0x000014a6   0x00000002   PAD
    0x000014a8   0x000014a8   0x00000014   Code   RO          108    .text.isGearDrive   drivers.o
    0x000014bc   0x000014bc   0x00000014   Code   RO          110    .text.isGearReverse  drivers.o
    0x000014d0   0x000014d0   0x00000012   Code   RO          112    .text.isIgnitionOn  drivers.o
    0x000014e2   0x000014e2   0x00000002   PAD
    0x000014e4   0x000014e4   0x0000000c   Code   RO          120    .text.isManualLockOn  drivers.o
    0x000014f0   0x000014f0   0x0000000c   Code   RO          122    .text.isManualUnlockOn  drivers.o
    0x000014fc   0x000014fc   0x000003bc   Code   RO           20    .text.lcdUpdateTask  safety_tasks.o
    0x000018b8   0x000018b8   0x00000010   Code   RO          116    .text.lockDoors     drivers.o
    0x000018c8   0x000018c8   0x0000002a   Code   RO            2    .text.main          main.o
    0x000018f2   0x000018f2   0x00000002   PAD
    0x000018f4   0x000018f4   0x000000b2   Code   RO          586    .text.prvAddCurrentTaskToDelayedList  tasks.o
    0x000019a6   0x000019a6   0x00000002   PAD
    0x000019a8   0x000019a8   0x00000132   Code   RO          576    .text.prvAddNewTaskToReadyList  tasks.o
    0x00001ada   0x00001ada   0x00000002   PAD
    0x00001adc   0x00001adc   0x0000006a   Code   RO          616    .text.prvCheckTasksWaitingTermination  tasks.o
    0x00001b46   0x00001b46   0x00000002   PAD
    0x00001b48   0x00001b48   0x0000002a   Code   RO          700    .text.prvIdleTask   tasks.o
    0x00001b72   0x00001b72   0x00000002   PAD
    0x00001b74   0x00001b74   0x0000011a   Code   RO          698    .text.prvInitialiseNewTask  tasks.o
    0x00001c8e   0x00001c8e   0x00000002   PAD
    0x00001c90   0x00001c90   0x00000028   Code   RO          444    .text.prvPortStartFirstTask  port.o
    0x00001cb8   0x00001cb8   0x000000b8   Code   RO          782    .text.prvSampleTimeNow  timers.o
    0x00001d70   0x00001d70   0x0000003e   Code   RO          432    .text.prvTaskExitError  port.o
    0x00001dae   0x00001dae   0x00000002   PAD
    0x00001db0   0x00001db0   0x0000025e   Code   RO          738    .text.prvTimerTask  timers.o
    0x0000200e   0x0000200e   0x00000002   PAD
    0x00002010   0x00002010   0x00000074   Code   RO          528    .text.prvUnlockQueue  queue.o
    0x00002084   0x00002084   0x000001ac   Code   RO          467    .text.pvPortMalloc  heap_4.o
    0x00002230   0x00002230   0x00000018   Code   RO          676    .text.pvTaskIncrementMutexHeldCount  tasks.o
    0x00002248   0x00002248   0x00000028   Code   RO          430    .text.pxPortInitialiseStack  port.o
    0x00002270   0x00002270   0x00000056   Code   RO           70    .text.readSpeedADC  drivers.o
    0x000022c6   0x000022c6   0x00000002   PAD
    0x000022c8   0x000022c8   0x000000ea   Code   RO           18    .text.rearAssistTask  safety_tasks.o
    0x000023b2   0x000023b2   0x00000002   PAD
    0x000023b4   0x000023b4   0x000000e6   Code   RO          106    .text.setBuzzerFrequency  drivers.o
    0x0000249a   0x0000249a   0x00000002   PAD
    0x0000249c   0x0000249c   0x00000018   Code   RO           98    .text.setDoorLockLed  drivers.o
    0x000024b4   0x000024b4   0x00000010   Code   RO          104    .text.setOffBuzzer  drivers.o
    0x000024c4   0x000024c4   0x00000010   Code   RO          102    .text.setOnBuzzer   drivers.o
    0x000024d4   0x000024d4   0x00000026   Code   RO           94    .text.setRGBColor   drivers.o
    0x000024fa   0x000024fa   0x00000002   PAD
    0x000024fc   0x000024fc   0x0000004e   Code   RO           86    .text.ultrasonic_edge_processor  drivers.o
    0x0000254a   0x0000254a   0x00000002   PAD
    0x0000254c   0x0000254c   0x000000c4   Code   RO           90    .text.ultrasonic_get_distance  drivers.o
    0x00002610   0x00002610   0x00000066   Code   RO           88    .text.ultrasonic_trigger  drivers.o
    0x00002676   0x00002676   0x00000002   PAD
    0x00002678   0x00002678   0x00000010   Code   RO          118    .text.unlockDoors   drivers.o
    0x00002688   0x00002688   0x00000022   Code   RO          420    .text.uxListRemove  list.o
    0x000026aa   0x000026aa   0x00000002   PAD
    0x000026ac   0x000026ac   0x0000001a   Code   RO          694    .text.vApplicationGetTimerTaskMemory  tasks.o
    0x000026c6   0x000026c6   0x00000002   PAD
    0x000026c8   0x000026c8   0x00000004   Code   RO          312    .text.vApplicationStackOverflowHook  cmsis_os2.o
    0x000026cc   0x000026cc   0x00000016   Code   RO          412    .text.vListInitialise  list.o
    0x000026e2   0x000026e2   0x00000002   PAD
    0x000026e4   0x000026e4   0x00000006   Code   RO          414    .text.vListInitialiseItem  list.o
    0x000026ea   0x000026ea   0x00000002   PAD
    0x000026ec   0x000026ec   0x00000060   Code   RO          418    .text.vListInsert   list.o
    0x0000274c   0x0000274c   0x00000014   Code   RO          442    .text.vPortEnableVFP  port.o
    0x00002760   0x00002760   0x00000036   Code   RO          448    .text.vPortEnterCritical  port.o
    0x00002796   0x00002796   0x00000002   PAD
    0x00002798   0x00002798   0x00000020   Code   RO          450    .text.vPortExitCritical  port.o
    0x000027b8   0x000027b8   0x000000f8   Code   RO          469    .text.vPortFree     heap_4.o
    0x000028b0   0x000028b0   0x00000034   Code   RO          440    .text.vPortSetupTimerInterrupt  port.o
    0x000028e4   0x000028e4   0x00000012   Code   RO          548    .text.vQueueDelete  queue.o
    0x000028f6   0x000028f6   0x00000002   PAD
    0x000028f8   0x000028f8   0x00000046   Code   RO          564    .text.vQueueWaitForMessageRestricted  queue.o
    0x0000293e   0x0000293e   0x00000002   PAD
    0x00002940   0x00002940   0x000000aa   Code   RO          590    .text.vTaskDelay    tasks.o
    0x000029ea   0x000029ea   0x00000002   PAD
    0x000029ec   0x000029ec   0x0000001a   Code   RO          648    .text.vTaskInternalSetTimeOutState  tasks.o
    0x00002a06   0x00002a06   0x00000002   PAD
    0x00002a08   0x00002a08   0x0000000e   Code   RO          652    .text.vTaskMissedYield  tasks.o
    0x00002a16   0x00002a16   0x00000002   PAD
    0x00002a18   0x00002a18   0x00000024   Code   RO          636    .text.vTaskPlaceOnEventList  tasks.o
    0x00002a3c   0x00002a3c   0x00000054   Code   RO          640    .text.vTaskPlaceOnEventListRestricted  tasks.o
    0x00002a90   0x00002a90   0x00000098   Code   RO          672    .text.vTaskPriorityDisinheritAfterTimeout  tasks.o
    0x00002b28   0x00002b28   0x000000d4   Code   RO          612    .text.vTaskStartScheduler  tasks.o
    0x00002bfc   0x00002bfc   0x00000010   Code   RO          584    .text.vTaskSuspendAll  tasks.o
    0x00002c0c   0x00002c0c   0x000000ce   Code   RO          606    .text.vTaskSwitchContext  tasks.o
    0x00002cda   0x00002cda   0x00000002   PAD
    0x00002cdc   0x00002cdc   0x00000196   Code   RO          436    .text.xPortStartScheduler  port.o
    0x00002e72   0x00002e72   0x00000002   PAD
    0x00002e74   0x00002e74   0x0000002e   Code   RO          452    .text.xPortSysTickHandler  port.o
    0x00002ea2   0x00002ea2   0x00000002   PAD
    0x00002ea4   0x00002ea4   0x00000028   Code   RO          508    .text.xQueueCreateMutex  queue.o
    0x00002ecc   0x00002ecc   0x00000082   Code   RO          510    .text.xQueueCreateMutexStatic  queue.o
    0x00002f4e   0x00002f4e   0x00000002   PAD
    0x00002f50   0x00002f50   0x00000088   Code   RO          506    .text.xQueueGenericCreate  queue.o
    0x00002fd8   0x00002fd8   0x00000090   Code   RO          502    .text.xQueueGenericCreateStatic  queue.o
    0x00003068   0x00003068   0x000001d2   Code   RO          518    .text.xQueueGenericSend  queue.o
    0x0000323a   0x0000323a   0x00000002   PAD
    0x0000323c   0x0000323c   0x00000156   Code   RO          534    .text.xQueueReceive  queue.o
    0x00003392   0x00003392   0x00000002   PAD
    0x00003394   0x00003394   0x00000170   Code   RO          522    .text.xQueueSemaphoreTake  queue.o
    0x00003504   0x00003504   0x00000092   Code   RO          650    .text.xTaskCheckForTimeOut  tasks.o
    0x00003596   0x00003596   0x00000002   PAD
    0x00003598   0x00003598   0x0000005e   Code   RO          578    .text.xTaskCreate   tasks.o
    0x000035f6   0x000035f6   0x00000002   PAD
    0x000035f8   0x000035f8   0x0000007a   Code   RO          574    .text.xTaskCreateStatic  tasks.o
    0x00003672   0x00003672   0x00000002   PAD
    0x00003674   0x00003674   0x00000026   Code   RO          666    .text.xTaskGetSchedulerState  tasks.o
    0x0000369a   0x0000369a   0x00000002   PAD
    0x0000369c   0x0000369c   0x0000000c   Code   RO          620    .text.xTaskGetTickCount  tasks.o
    0x000036a8   0x000036a8   0x00000192   Code   RO          618    .text.xTaskIncrementTick  tasks.o
    0x0000383a   0x0000383a   0x00000002   PAD
    0x0000383c   0x0000383c   0x00000088   Code   RO          670    .text.xTaskPriorityDisinherit  tasks.o
    0x000038c4   0x000038c4   0x000000a6   Code   RO          668    .text.xTaskPriorityInherit  tasks.o
    0x0000396a   0x0000396a   0x00000002   PAD
    0x0000396c   0x0000396c   0x000000e2   Code   RO          642    .text.xTaskRemoveFromEventList  tasks.o
    0x00003a4e   0x00003a4e   0x00000002   PAD
    0x00003a50   0x00003a50   0x00000174   Code   RO          588    .text.xTaskResumeAll  tasks.o
    0x00003bc4   0x00003bc4   0x000000bc   Code   RO          736    .text.xTimerCreateTimerTask  timers.o
    0x00003c80   0x00003c80   0x0000000a   Code   RO          811    i.ADCIntClear       driverlib.lib(adc.o)
    0x00003c8a   0x00003c8a   0x00000034   Code   RO          818    i.ADCIntStatus      driverlib.lib(adc.o)
    0x00003cbe   0x00003cbe   0x0000001a   Code   RO          823    i.ADCProcessorTrigger  driverlib.lib(adc.o)
    0x00003cd8   0x00003cd8   0x00000060   Code   RO          826    i.ADCSequenceConfigure  driverlib.lib(adc.o)
    0x00003d38   0x00003d38   0x00000024   Code   RO          829    i.ADCSequenceDataGet  driverlib.lib(adc.o)
    0x00003d5c   0x00003d5c   0x0000000e   Code   RO          831    i.ADCSequenceEnable  driverlib.lib(adc.o)
    0x00003d6a   0x00003d6a   0x0000009a   Code   RO          834    i.ADCSequenceStepConfigure  driverlib.lib(adc.o)
    0x00003e04   0x00003e04   0x00000028   Code   RO         1084    i.GPIODirModeSet    driverlib.lib(gpio.o)
    0x00003e2c   0x00003e2c   0x00000006   Code   RO         1085    i.GPIOIntClear      driverlib.lib(gpio.o)
    0x00003e32   0x00003e32   0x0000000e   Code   RO         1086    i.GPIOIntDisable    driverlib.lib(gpio.o)
    0x00003e40   0x00003e40   0x0000000c   Code   RO         1087    i.GPIOIntEnable     driverlib.lib(gpio.o)
    0x00003e4c   0x00003e4c   0x0000001a   Code   RO         1088    i.GPIOIntRegister   driverlib.lib(gpio.o)
    0x00003e66   0x00003e66   0x0000000e   Code   RO         1090    i.GPIOIntStatus     driverlib.lib(gpio.o)
    0x00003e74   0x00003e74   0x00000050   Code   RO         1092    i.GPIOIntTypeSet    driverlib.lib(gpio.o)
    0x00003ec4   0x00003ec4   0x00000170   Code   RO         1096    i.GPIOPadConfigSet  driverlib.lib(gpio.o)
    0x00004034   0x00004034   0x00000044   Code   RO         1097    i.GPIOPinConfigure  driverlib.lib(gpio.o)
    0x00004078   0x00004078   0x00000006   Code   RO         1098    i.GPIOPinRead       driverlib.lib(gpio.o)
    0x0000407e   0x0000407e   0x0000001c   Code   RO         1099    i.GPIOPinTypeADC    driverlib.lib(gpio.o)
    0x0000409a   0x0000409a   0x0000001c   Code   RO         1107    i.GPIOPinTypeGPIOInput  driverlib.lib(gpio.o)
    0x000040b6   0x000040b6   0x0000001c   Code   RO         1108    i.GPIOPinTypeGPIOOutput  driverlib.lib(gpio.o)
    0x000040d2   0x000040d2   0x0000001c   Code   RO         1118    i.GPIOPinTypeTimer  driverlib.lib(gpio.o)
    0x000040ee   0x000040ee   0x00000006   Code   RO         1126    i.GPIOPinWrite      driverlib.lib(gpio.o)
    0x000040f4   0x000040f4   0x00000064   Code   RO         1393    i.IntEnable         driverlib.lib(interrupt.o)
    0x00004158   0x00004158   0x0000000e   Code   RO         1396    i.IntMasterEnable   driverlib.lib(interrupt.o)
    0x00004166   0x00004166   0x00000002   PAD
    0x00004168   0x00004168   0x00000034   Code   RO         1405    i.IntRegister       driverlib.lib(interrupt.o)
    0x0000419c   0x0000419c   0x00000154   Code   RO         1511    i.SysCtlClockGet    driverlib.lib(sysctl.o)
    0x000042f0   0x000042f0   0x00000028   Code   RO         1542    i.SysCtlPeripheralEnable  driverlib.lib(sysctl.o)
    0x00004318   0x00004318   0x0000002c   Code   RO         1546    i.SysCtlPeripheralReady  driverlib.lib(sysctl.o)
    0x00004344   0x00004344   0x00000060   Code   RO         1860    i.TimerConfigure    driverlib.lib(timer.o)
    0x000043a4   0x000043a4   0x00000012   Code   RO         1861    i.TimerControlEvent  driverlib.lib(timer.o)
    0x000043b6   0x000043b6   0x00000010   Code   RO         1868    i.TimerDisable      driverlib.lib(timer.o)
    0x000043c6   0x000043c6   0x0000000e   Code   RO         1869    i.TimerEnable       driverlib.lib(timer.o)
    0x000043d4   0x000043d4   0x00000004   Code   RO         1870    i.TimerIntClear     driverlib.lib(timer.o)
    0x000043d8   0x000043d8   0x00000008   Code   RO         1872    i.TimerIntEnable    driverlib.lib(timer.o)
    0x000043e0   0x000043e0   0x0000000a   Code   RO         1874    i.TimerIntStatus    driverlib.lib(timer.o)
    0x000043ea   0x000043ea   0x00000012   Code   RO         1878    i.TimerLoadSet      driverlib.lib(timer.o)
    0x000043fc   0x000043fc   0x0000000a   Code   RO         1892    i.TimerValueGet     driverlib.lib(timer.o)
    0x00004406   0x00004406   0x00000002   PAD
    0x00004408   0x00004408   0x00000050   Code   RO         1128    i._GPIOIntNumberGet  driverlib.lib(gpio.o)
    0x00004458   0x00004458   0x0000000e   Code   RO         2132    i._is_digit         c_w.l(__printf_wp.o)
    0x00004466   0x00004466   0x0000001a   Code   RO         2159    x$fpl$fpinit        fz_wm.l(fpinit.o)
    0x00004480   0x00004480   0x00000228   Data   RO         1129    .constdata          driverlib.lib(gpio.o)
    0x000046a8   0x000046a8   0x0000010c   Data   RO         1409    .constdata          driverlib.lib(interrupt.o)
    0x000047b4   0x000047b4   0x00000254   Data   RO         1564    .constdata          driverlib.lib(sysctl.o)
    0x00004a08   0x00004a08   0x0000001d   Data   RO           33    .rodata.str1.1      safety_tasks.o
    0x00004a25   0x00004a25   0x00000003   PAD
    0x00004a28   0x00004a28   0x00000004   Data   RO          719    .rodata.uxTopUsedPriority  tasks.o
    0x00004a2c   0x00004a2c   0x00000020   Data   RO         2332    Region$$Table       anon$$obj.o


    Execution Region ER_RW (Exec base: 0x20000000, Load base: 0x00004c00, Size: 0x0000066c, Max: 0xffffffff, ABSOLUTE, COMPRESSED[0x00000018])

    Exec Addr    Load Addr    Size         Type   Attr      Idx    E Section Name        Object

    0x20000000   COMPRESSED   0x00000004   Data   RW          363    .data.SystemCoreClock  system_tm4c123.o
    0x20000004   COMPRESSED   0x00000001   Data   RW           30    .data.lcdUpdateTask.lastGear  safety_tasks.o
    0x20000005   COMPRESSED   0x00000003   PAD
    0x20000008   COMPRESSED   0x00000004   Data   RW          458    .data.uxCriticalNesting  port.o
    0x2000000c   COMPRESSED   0x000003f4   PAD
    0x20000400   COMPRESSED   0x0000026c   Data   RW         1410    vtable              driverlib.lib(interrupt.o)


    Execution Region ER_ZI (Exec base: 0x20000670, Load base: 0x00004c18, Size: 0x00002ef0, Max: 0xffffffff, ABSOLUTE)

    Exec Addr    Load Addr    Size         Type   Attr      Idx    E Section Name        Object

    0x20000670        -       0x00000060   Zero   RW         2199    .bss                c_w.l(libspace.o)
    0x200006d0        -       0x00000001   Zero   RW          126    .bss.captured       drivers.o
    0x200006d1   0x00004c18   0x00000003   PAD
    0x200006d4        -       0x00000190   Zero   RW          157    .bss.clib_mutex_cb  clib_os.o
    0x20000864        -       0x00000014   Zero   RW          156    .bss.clib_mutex_id  clib_os.o
    0x20000878        -       0x00000001   Zero   RW           24    .bss.distanceBuzzer  safety_tasks.o
    0x20000879   0x00004c18   0x00000003   PAD
    0x2000087c        -       0x00000004   Zero   RW           27    .bss.distanceQueue  safety_tasks.o
    0x20000880        -       0x00000001   Zero   RW           22    .bss.doorLocked     safety_tasks.o
    0x20000881        -       0x00000001   Zero   RW           23    .bss.doorOpenedBuzzer  safety_tasks.o
    0x20000882        -       0x00000001   Zero   RW           28    .bss.doorTask.wasHigh  safety_tasks.o
    0x20000883   0x00004c18   0x00000001   PAD
    0x20000884        -       0x00000004   Zero   RW          128    .bss.driverDoorState  drivers.o
    0x20000888        -       0x00000004   Zero   RW          125    .bss.fallingEdge    drivers.o
    0x2000088c        -       0x00000001   Zero   RW          129    .bss.gearState      drivers.o
    0x2000088d   0x00004c18   0x00000003   PAD
    0x20000890        -       0x00000004   Zero   RW          127    .bss.ignitionState  drivers.o
    0x20000894        -       0x00000004   Zero   RW           25    .bss.lcdMutex       safety_tasks.o
    0x20000898        -       0x00000001   Zero   RW           32    .bss.lcdUpdateTask.doorWasOpen  safety_tasks.o
    0x20000899        -       0x00000001   Zero   RW           31    .bss.lcdUpdateTask.lastLock  safety_tasks.o
    0x2000089a        -       0x00000001   Zero   RW           29    .bss.lcdUpdateTask.wasOn  safety_tasks.o
    0x2000089b        -       0x00000001   Zero   RW          130    .bss.manualLockState  drivers.o
    0x2000089c        -       0x00000001   Zero   RW          131    .bss.manualUnlockState  drivers.o
    0x2000089d        -       0x00000050   Zero   RW          792    .bss.prvCheckForValidListAndQueue.ucStaticTimerQueueStorage  timers.o
    0x200008ed   0x00004c18   0x00000003   PAD
    0x200008f0        -       0x00000050   Zero   RW          791    .bss.prvCheckForValidListAndQueue.xStaticTimerQueue  timers.o
    0x20000940        -       0x00000004   Zero   RW          788    .bss.prvSampleTimeNow.xLastTime  timers.o
    0x20000944        -       0x00000004   Zero   RW          702    .bss.pxCurrentTCB   tasks.o
    0x20000948        -       0x00000004   Zero   RW          786    .bss.pxCurrentTimerList  timers.o
    0x2000094c        -       0x00000004   Zero   RW          710    .bss.pxDelayedTaskList  tasks.o
    0x20000950        -       0x00000004   Zero   RW          485    .bss.pxEnd          heap_4.o
    0x20000954        -       0x00000004   Zero   RW          711    .bss.pxOverflowDelayedTaskList  tasks.o
    0x20000958        -       0x00000004   Zero   RW          787    .bss.pxOverflowTimerList  timers.o
    0x2000095c        -       0x00000460   Zero   RW          714    .bss.pxReadyTasksLists  tasks.o
    0x20000dbc        -       0x00000004   Zero   RW          124    .bss.risingEdge     drivers.o
    0x20000dc0        -       0x00000004   Zero   RW           26    .bss.speedQueue     safety_tasks.o
    0x20000dc4        -       0x00002000   Zero   RW          488    .bss.ucHeap         heap_4.o
    0x20002dc4        -       0x00000001   Zero   RW          456    .bss.ucMaxSysCallPriority  port.o
    0x20002dc5   0x00004c18   0x00000003   PAD
    0x20002dc8        -       0x00000004   Zero   RW          457    .bss.ulMaxPRIGROUPValue  port.o
    0x20002dcc        -       0x00000004   Zero   RW          707    .bss.uxCurrentNumberOfTasks  tasks.o
    0x20002dd0        -       0x00000004   Zero   RW          706    .bss.uxDeletedTasksWaitingCleanUp  tasks.o
    0x20002dd4        -       0x00000004   Zero   RW          708    .bss.uxSchedulerSuspended  tasks.o
    0x20002dd8        -       0x00000004   Zero   RW          703    .bss.uxTaskNumber   tasks.o
    0x20002ddc        -       0x00000004   Zero   RW          715    .bss.uxTopReadyPriority  tasks.o
    0x20002de0        -       0x00000200   Zero   RW          723    .bss.vApplicationGetIdleTaskMemory.uxIdleTaskStack  tasks.o
    0x20002fe0        -       0x0000005c   Zero   RW          722    .bss.vApplicationGetIdleTaskMemory.xIdleTaskTCB  tasks.o
    0x2000303c        -       0x00000200   Zero   RW          725    .bss.vApplicationGetTimerTaskMemory.uxTimerTaskStack  tasks.o
    0x2000323c        -       0x0000005c   Zero   RW          724    .bss.vApplicationGetTimerTaskMemory.xTimerTaskTCB  tasks.o
    0x20003298        -       0x00000014   Zero   RW          789    .bss.xActiveTimerList1  timers.o
    0x200032ac        -       0x00000014   Zero   RW          790    .bss.xActiveTimerList2  timers.o
    0x200032c0        -       0x00000014   Zero   RW          726    .bss.xDelayedTaskList1  tasks.o
    0x200032d4        -       0x00000014   Zero   RW          727    .bss.xDelayedTaskList2  tasks.o
    0x200032e8        -       0x00000004   Zero   RW          486    .bss.xFreeBytesRemaining  heap_4.o
    0x200032ec        -       0x00000004   Zero   RW          718    .bss.xIdleTaskHandles.0  tasks.o
    0x200032f0        -       0x00000004   Zero   RW          489    .bss.xMinimumEverFreeBytesRemaining  heap_4.o
    0x200032f4        -       0x00000004   Zero   RW          717    .bss.xNextTaskUnblockTime  tasks.o
    0x200032f8        -       0x00000004   Zero   RW          721    .bss.xNumOfOverflows  tasks.o
    0x200032fc        -       0x00000004   Zero   RW          490    .bss.xNumberOfSuccessfulAllocations  heap_4.o
    0x20003300        -       0x00000004   Zero   RW          491    .bss.xNumberOfSuccessfulFrees  heap_4.o
    0x20003304        -       0x00000004   Zero   RW          720    .bss.xPendedTicks   tasks.o
    0x20003308        -       0x00000014   Zero   RW          712    .bss.xPendingReadyList  tasks.o
    0x2000331c        -       0x00000004   Zero   RW          704    .bss.xSchedulerRunning  tasks.o
    0x20003320        -       0x00000008   Zero   RW          487    .bss.xStart         heap_4.o
    0x20003328        -       0x00000014   Zero   RW          713    .bss.xSuspendedTaskList  tasks.o
    0x2000333c        -       0x00000014   Zero   RW          705    .bss.xTasksWaitingTermination  tasks.o
    0x20003350        -       0x00000004   Zero   RW          709    .bss.xTickCount     tasks.o
    0x20003354        -       0x00000004   Zero   RW          784    .bss.xTimerQueue    timers.o
    0x20003358        -       0x00000004   Zero   RW          785    .bss.xTimerTaskHandle  timers.o
    0x2000335c        -       0x00000004   Zero   RW          716    .bss.xYieldPendings  tasks.o
    0x20003360        -       0x00000000   Zero   RW          350    HEAP                startup_tm4c123.o
    0x20003360        -       0x00000200   Zero   RW          349    STACK               startup_tm4c123.o


==============================================================================

Image component sizes


      Code (inc. data)   RO Data    RW Data    ZI Data      Debug   Object Name

       302          0          0          0        420       4946   clib_os.o
        34          0          0          0          0      56007   cmsis_os2.o
      1904          8          0          0         20       6765   drivers.o
       676          0          0          0       8220       5753   heap_4.o
       512          0          0          0          0       2176   lcd.o
       158          0          0          0          0       2456   list.o
        42          0          0          0          0        683   main.o
       880         16          0          4          5       4195   port.o
      1830          0          0          0          0      22265   queue.o
      1726        112         29          1         19       4304   safety_tasks.o
       276         24        620          0        512       5500   startup_tm4c123.o
       136          0          0          4          0       6686   system_tm4c123.o
      3594          0          4          0       2488      44289   tasks.o
       978         18          0          0        220      16443   timers.o

    ----------------------------------------------------------------------
     13148        178        688       1024      11920     182468   Object Totals
         0          0         32          0          0          0   (incl. Generated)
       100          0          3       1015         16          0   (incl. Padding)

    ----------------------------------------------------------------------

      Code (inc. data)   RO Data    RW Data    ZI Data      Debug   Library Member Name

        58          0          0          0          0          0   __dczerorl.o
         8          0          0          0          0         68   __main.o
       284          0          0          0          0        156   __printf_wp.o
         0          0          0          0          0          0   __rtentry.o
        20          0          0          0          0          0   __rtentry2.o
         6          0          0          0          0          0   __rtentry4.o
        52          8          0          0          0          0   __scatter.o
        28          0          0          0          0          0   __scatter_zi.o
         6          0          0          0          0          0   _printf_c.o
        44          0          0          0          0        108   _printf_char.o
        48          6          0          0          0         96   _printf_char_common.o
         6          0          0          0          0          0   _printf_d.o
       120         16          0          0          0         92   _printf_dec.o
       178          0          0          0          0         88   _printf_intcommon.o
        78          0          0          0          0        108   _printf_pad.o
         0          0          0          0          0          0   _printf_percent.o
         4          0          0          0          0          0   _printf_percent_end.o
        82          0          0          0          0         80   _printf_str.o
        10          0          0          0          0         68   _sputc.o
        16          0          0          0          0         68   aeabi_memset4.o
        18          0          0          0          0         80   exit.o
         6          0          0          0          0        152   heapauxi.o
         0          0          0          0          0          0   indicate_semi.o
         2          0          0          0          0          0   libinit.o
         6          0          0          0          0          0   libinit2.o
         2          0          0          0          0          0   libshutdown.o
         2          0          0          0          0          0   libshutdown2.o
         8          4          0          0         96         68   libspace.o
        40          6          0          0          0         84   noretval__2sprintf.o
        68          0          0          0          0         68   rt_memclr.o
        78          0          0          0          0         80   rt_memclr_w.o
       138          0          0          0          0         68   rt_memcpy_v6.o
       100          0          0          0          0         80   rt_memcpy_w.o
         2          0          0          0          0          0   rtexit.o
        10          0          0          0          0          0   rtexit2.o
        62          0          0          0          0         76   strlen.o
        12          4          0          0          0         68   sys_exit.o
        74          0          0          0          0         80   sys_stackheap_outer.o
         2          0          0          0          0         68   use_no_semi.o
       388          0          0          0          0       9638   adc.o
        38          0          0          0          0        572   cpu.o
       832         40        552          0          0       9886   gpio.o
       166         16        268        620          0       2668   interrupt.o
       430         44        596          0          0       4054   sysctl.o
       194          8          0          0          0       4635   timer.o
        26          0          0          0          0        116   fpinit.o

    ----------------------------------------------------------------------
      3768        152       1416        620         96      33473   Library Totals
        16          0          0          0          0          0   (incl. Padding)

    ----------------------------------------------------------------------

      Code (inc. data)   RO Data    RW Data    ZI Data      Debug   Library Name

      1678         44          0          0         96       1904   c_w.l
      2048        108       1416        620          0      31453   driverlib.lib
        26          0          0          0          0        116   fz_wm.l

    ----------------------------------------------------------------------
      3768        152       1416        620         96      33473   Library Totals

    ----------------------------------------------------------------------

==============================================================================


      Code (inc. data)   RO Data    RW Data    ZI Data      Debug   

     16916        330       2104       1644      12016     211213   Grand Totals
     16916        330       2104         24      12016     211213   ELF Image Totals (compressed)
     16916        330       2104         24          0          0   ROM Totals

==============================================================================

    Total RO  Size (Code + RO Data)                19020 (  18.57kB)
    Total RW  Size (RW Data + ZI Data)             13660 (  13.34kB)
    Total ROM Size (Code + RO Data + RW Data)      19044 (  18.60kB)

==============================================================================

