Component: Arm Compiler for Embedded 6.19 Tool: armlink [5e73cb00]

==============================================================================

Section Cross References

    main.o(.text.main) refers to main.o(.text.setupHardware) for setupHardware
    main.o(.text.main) refers to safety_tasks.o(.text.createSafetyTasks) for createSafetyTasks
    main.o(.text.main) refers to tasks.o(.text.vTaskStartScheduler) for vTaskStartScheduler
    main.o(.ARM.exidx.text.main) refers to main.o(.text.main) for [Anonymous Symbol]
    main.o(.text.setupHardware) refers to drivers.o(.text.initGPIO) for initGPIO
    main.o(.text.setupHardware) refers to drivers.o(.text.initADC) for initADC
    main.o(.text.setupHardware) refers to drivers.o(.text.initUltrasonic) for initUltrasonic
    main.o(.text.setupHardware) refers to lcd.o(.text.initLCD) for initLCD
    main.o(.text.setupHardware) refers to drivers.o(.text.initBuzzer) for initBuzzer
    main.o(.text.setupHardware) refers to drivers.o(.text.initRGB) for initRGB
    main.o(.ARM.exidx.text.setupHardware) refers to main.o(.text.setupHardware) for [Anonymous Symbol]
    safety_tasks.o(.text.createSafetyTasks) refers to queue.o(.text.xQueueCreateMutex) for xQueueCreateMutex
    safety_tasks.o(.text.createSafetyTasks) refers to safety_tasks.o(.bss.lcdMutex) for lcdMutex
    safety_tasks.o(.text.createSafetyTasks) refers to queue.o(.text.xQueueGenericCreate) for xQueueGenericCreate
    safety_tasks.o(.text.createSafetyTasks) refers to safety_tasks.o(.bss.speedQueue) for speedQueue
    safety_tasks.o(.text.createSafetyTasks) refers to safety_tasks.o(.bss.distanceQueue) for distanceQueue
    safety_tasks.o(.text.createSafetyTasks) refers to safety_tasks.o(.text.readSpeedTask) for readSpeedTask
    safety_tasks.o(.text.createSafetyTasks) refers to safety_tasks.o(.rodata.str1.1) for .L.str
    safety_tasks.o(.text.createSafetyTasks) refers to tasks.o(.text.xTaskCreate) for xTaskCreate
    safety_tasks.o(.text.createSafetyTasks) refers to safety_tasks.o(.text.gearLogicTask) for gearLogicTask
    safety_tasks.o(.text.createSafetyTasks) refers to safety_tasks.o(.text.doorLockTask) for doorLockTask
    safety_tasks.o(.text.createSafetyTasks) refers to safety_tasks.o(.text.rearAssistTask) for rearAssistTask
    safety_tasks.o(.text.createSafetyTasks) refers to safety_tasks.o(.text.lcdUpdateTask) for lcdUpdateTask
    safety_tasks.o(.ARM.exidx.text.createSafetyTasks) refers to safety_tasks.o(.text.createSafetyTasks) for [Anonymous Symbol]
    safety_tasks.o(.text.readSpeedTask) refers to drivers.o(.text.readSpeedADC) for readSpeedADC
    safety_tasks.o(.text.readSpeedTask) refers to safety_tasks.o(.bss.speedQueue) for speedQueue
    safety_tasks.o(.text.readSpeedTask) refers to queue.o(.text.xQueueGenericSend) for xQueueGenericSend
    safety_tasks.o(.text.readSpeedTask) refers to tasks.o(.text.vTaskDelay) for vTaskDelay
    safety_tasks.o(.ARM.exidx.text.readSpeedTask) refers to safety_tasks.o(.text.readSpeedTask) for [Anonymous Symbol]
    safety_tasks.o(.text.gearLogicTask) refers to drivers.o(.text.isIgnitionOn) for isIgnitionOn
    safety_tasks.o(.text.gearLogicTask) refers to drivers.o(.text.unlockDoors) for unlockDoors
    safety_tasks.o(.text.gearLogicTask) refers to safety_tasks.o(.bss.doorLocked) for doorLocked
    safety_tasks.o(.text.gearLogicTask) refers to tasks.o(.text.vTaskDelay) for vTaskDelay
    safety_tasks.o(.ARM.exidx.text.gearLogicTask) refers to safety_tasks.o(.text.gearLogicTask) for [Anonymous Symbol]
    safety_tasks.o(.text.doorLockTask) refers to safety_tasks.o(.bss.speedQueue) for speedQueue
    safety_tasks.o(.text.doorLockTask) refers to queue.o(.text.xQueueReceive) for xQueueReceive
    safety_tasks.o(.text.doorLockTask) refers to drivers.o(.text.isGearDrive) for isGearDrive
    safety_tasks.o(.text.doorLockTask) refers to safety_tasks.o(.bss.doorLocked) for doorLocked
    safety_tasks.o(.text.doorLockTask) refers to drivers.o(.text.lockDoors) for lockDoors
    safety_tasks.o(.text.doorLockTask) refers to drivers.o(.text.isManualLockPressed) for isManualLockPressed
    safety_tasks.o(.text.doorLockTask) refers to drivers.o(.text.isManualUnlockPressed) for isManualUnlockPressed
    safety_tasks.o(.text.doorLockTask) refers to drivers.o(.text.unlockDoors) for unlockDoors
    safety_tasks.o(.text.doorLockTask) refers to tasks.o(.text.vTaskDelay) for vTaskDelay
    safety_tasks.o(.ARM.exidx.text.doorLockTask) refers to safety_tasks.o(.text.doorLockTask) for [Anonymous Symbol]
    safety_tasks.o(.text.rearAssistTask) refers to drivers.o(.text.isGearReverse) for isGearReverse
    safety_tasks.o(.text.rearAssistTask) refers to drivers.o(.text.measureDistance) for measureDistance
    safety_tasks.o(.text.rearAssistTask) refers to safety_tasks.o(.bss.distanceQueue) for distanceQueue
    safety_tasks.o(.text.rearAssistTask) refers to queue.o(.text.xQueueGenericSend) for xQueueGenericSend
[...]
    __rt_lib_init_atexit_1                   0x000003b3   Thumb Code     0  libinit2.o(.ARM.Collect$$libinit$$0000001D)
    __rt_lib_init_clock_1                    0x000003b3   Thumb Code     0  libinit2.o(.ARM.Collect$$libinit$$00000023)
    __rt_lib_init_cpp_1                      0x000003b3   Thumb Code     0  libinit2.o(.ARM.Collect$$libinit$$00000034)
    __rt_lib_init_exceptions_1               0x000003b3   Thumb Code     0  libinit2.o(.ARM.Collect$$libinit$$00000032)
    __rt_lib_init_fp_trap_1                  0x000003b3   Thumb Code     0  libinit2.o(.ARM.Collect$$libinit$$00000021)
    __rt_lib_init_getenv_1                   0x000003b3   Thumb Code     0  libinit2.o(.ARM.Collect$$libinit$$00000025)
    __rt_lib_init_lc_numeric_1               0x000003b3   Thumb Code     0  libinit2.o(.ARM.Collect$$libinit$$00000019)
    __rt_lib_init_lc_time_1                  0x000003b3   Thumb Code     0  libinit2.o(.ARM.Collect$$libinit$$0000001B)
    __rt_lib_init_return                     0x000003b3   Thumb Code     0  libinit2.o(.ARM.Collect$$libinit$$00000035)
    __rt_lib_init_signal_1                   0x000003b3   Thumb Code     0  libinit2.o(.ARM.Collect$$libinit$$0000001F)
    __rt_lib_init_stdio_1                    0x000003b3   Thumb Code     0  libinit2.o(.ARM.Collect$$libinit$$00000027)
    __rt_lib_shutdown                        0x000003b5   Thumb Code     0  libshutdown.o(.ARM.Collect$$libshutdown$$00000000)
    __rt_lib_shutdown_cpp_1                  0x000003b7   Thumb Code     0  libshutdown2.o(.ARM.Collect$$libshutdown$$00000002)
    __rt_lib_shutdown_fp_trap_1              0x000003b7   Thumb Code     0  libshutdown2.o(.ARM.Collect$$libshutdown$$00000007)
    __rt_lib_shutdown_heap_1                 0x000003b7   Thumb Code     0  libshutdown2.o(.ARM.Collect$$libshutdown$$0000000F)
    __rt_lib_shutdown_return                 0x000003b7   Thumb Code     0  libshutdown2.o(.ARM.Collect$$libshutdown$$00000010)
    __rt_lib_shutdown_signal_1               0x000003b7   Thumb Code     0  libshutdown2.o(.ARM.Collect$$libshutdown$$0000000A)
    __rt_lib_shutdown_stdio_1                0x000003b7   Thumb Code     0  libshutdown2.o(.ARM.Collect$$libshutdown$$00000004)
    __rt_lib_shutdown_user_alloc_1           0x000003b7   Thumb Code     0  libshutdown2.o(.ARM.Collect$$libshutdown$$0000000C)
    __rt_entry                               0x000003b9   Thumb Code     0  __rtentry.o(.ARM.Collect$$rtentry$$00000000)
    __rt_entry_presh_1                       0x000003b9   Thumb Code     0  __rtentry2.o(.ARM.Collect$$rtentry$$00000002)
    __rt_entry_sh                            0x000003b9   Thumb Code     0  __rtentry4.o(.ARM.Collect$$rtentry$$00000004)
    __rt_entry_postsh_1                      0x000003bf   Thumb Code     0  __rtentry2.o(.ARM.Collect$$rtentry$$00000008)
    __rt_entry_li                            0x000003c7   Thumb Code     0  __rtentry2.o(.ARM.Collect$$rtentry$$0000000A)
    __rt_entry_main                          0x000003cb   Thumb Code     0  __rtentry2.o(.ARM.Collect$$rtentry$$0000000D)
    __rt_entry_postli_1                      0x000003cb   Thumb Code     0  __rtentry2.o(.ARM.Collect$$rtentry$$0000000C)
    __rt_exit                                0x000003d3   Thumb Code     0  rtexit.o(.ARM.Collect$$rtexit$$00000000)
    __rt_exit_ls                             0x000003d5   Thumb Code     0  rtexit2.o(.ARM.Collect$$rtexit$$00000003)
    __rt_exit_prels_1                        0x000003d5   Thumb Code     0  rtexit2.o(.ARM.Collect$$rtexit$$00000002)
    __rt_exit_exit                           0x000003d9   Thumb Code     0  rtexit2.o(.ARM.Collect$$rtexit$$00000004)
    SysCtlDelay                              0x000003e1   Thumb Code     6  sysctl.o(.emb_text)
    Reset_Handler                            0x000003e9   Thumb Code     8  startup_tm4c123.o(.text)
    NMI_Handler                              0x000003f1   Thumb Code     2  startup_tm4c123.o(.text)
    HardFault_Handler                        0x000003f3   Thumb Code     2  startup_tm4c123.o(.text)
    MemManage_Handler                        0x000003f5   Thumb Code     2  startup_tm4c123.o(.text)
    BusFault_Handler                         0x000003f7   Thumb Code     2  startup_tm4c123.o(.text)
    UsageFault_Handler                       0x000003f9   Thumb Code     2  startup_tm4c123.o(.text)
    DebugMon_Handler                         0x000003fd   Thumb Code     2  startup_tm4c123.o(.text)
    GPIOA_Handler                            0x00000403   Thumb Code     2  startup_tm4c123.o(.text)
    GPIOB_Handler                            0x00000405   Thumb Code     2  startup_tm4c123.o(.text)
    GPIOC_Handler                            0x00000407   Thumb Code     2  startup_tm4c123.o(.text)
    GPIOD_Handler                            0x00000409   Thumb Code     2  startup_tm4c123.o(.text)
    GPIOE_Handler                            0x0000040b   Thumb Code     2  startup_tm4c123.o(.text)
    UART0_Handler                            0x0000040d   Thumb Code     2  startup_tm4c123.o(.text)
    UART1_Handler                            0x0000040f   Thumb Code     2  startup_tm4c123.o(.text)
    SSI0_Handler                             0x00000411   Thumb Code     2  startup_tm4c123.o(.text)
    I2C0_Handler                             0x00000413   Thumb Code     2  startup_tm4c123.o(.text)
    PMW0_FAULT_Handler                       0x00000415   Thumb Code     2  startup_tm4c123.o(.text)
    PWM0_0_Handler                           0x00000417   Thumb Code     2  startup_tm4c123.o(.text)
    PWM0_1_Handler                           0x00000419   Thumb Code     2  startup_tm4c123.o(.text)
    PWM0_2_Handler                           0x0000041b   Thumb Code     2  startup_tm4c123.o(.text)
    QEI0_Handler                             0x0000041d   Thumb Code     2  startup_tm4c123.o(.text)
    ADC0SS0_Handler                          0x0000041f   Thumb Code     2  startup_tm4c123.o(.text)
    ADC0SS1_Handler                          0x00000421   Thumb Code     2  startup_tm4c123.o(.text)
    ADC0SS2_Handler                          0x00000423   Thumb Code     2  startup_tm4c123.o(.text)
    ADC0SS3_Handler                          0x00000425   Thumb Code     2  startup_tm4c123.o(.text)
    WDT0_Handler                             0x00000427   Thumb Code     2  startup_tm4c123.o(.text)
    TIMER0A_Handler                          0x00000429   Thumb Code     2  startup_tm4c123.o(.text)
    TIMER0B_Handler                          0x0000042b   Thumb Code     2  startup_tm4c123.o(.text)
    TIMER1A_Handler                          0x0000042d   Thumb Code     2  startup_tm4c123.o(.text)
    TIMER1B_Handler                          0x0000042f   Thumb Code     2  startup_tm4c123.o(.text)
    TIMER2A_Handler                          0x00000431   Thumb Code     2  startup_tm4c123.o(.text)
    TIMER2B_Handler                          0x00000433   Thumb Code     2  startup_tm4c123.o(.text)
    COMP0_Handler                            0x00000435   Thumb Code     2  startup_tm4c123.o(.text)
    COMP1_Handler                            0x00000437   Thumb Code     2  startup_tm4c123.o(.text)
    COMP2_Handler                            0x00000439   Thumb Code     2  startup_tm4c123.o(.text)
    SYSCTL_Handler                           0x0000043b   Thumb Code     2  startup_tm4c123.o(.text)
    FLASH_Handler                            0x0000043d   Thumb Code     2  startup_tm4c123.o(.text)
    GPIOF_Handler                            0x0000043f   Thumb Code     2  startup_tm4c123.o(.text)
    GPIOG_Handler                            0x00000441   Thumb Code     2  startup_tm4c123.o(.text)
    GPIOH_Handler                            0x00000443   Thumb Code     2  startup_tm4c123.o(.text)
    UART2_Handler                            0x00000445   Thumb Code     2  startup_tm4c123.o(.text)
    SSI1_Handler                             0x00000447   Thumb Code     2  startup_tm4c123.o(.text)
    TIMER3A_Handler                          0x00000449   Thumb Code     2  startup_tm4c123.o(.text)
    TIMER3B_Handler                          0x0000044b   Thumb Code     2  startup_tm4c123.o(.text)
    I2C1_Handler                             0x0000044d   Thumb Code     2  startup_tm4c123.o(.text)
    QEI1_Handler                             0x0000044f   Thumb Code     2  startup_tm4c123.o(.text)
    CAN0_Handler                             0x00000451   Thumb Code     2  startup_tm4c123.o(.text)
    CAN1_Handler                             0x00000453   Thumb Code     2  startup_tm4c123.o(.text)
    CAN2_Handler                             0x00000455   Thumb Code     2  startup_tm4c123.o(.text)
    HIB_Handler                              0x00000457   Thumb Code     2  startup_tm4c123.o(.text)
    USB0_Handler                             0x00000459   Thumb Code     2  startup_tm4c123.o(.text)
    PWM0_3_Handler                           0x0000045b   Thumb Code     2  startup_tm4c123.o(.text)
    UDMA_Handler                             0x0000045d   Thumb Code     2  startup_tm4c123.o(.text)
    UDMAERR_Handler                          0x0000045f   Thumb Code     2  startup_tm4c123.o(.text)
    ADC1SS0_Handler                          0x00000461   Thumb Code     2  startup_tm4c123.o(.text)
    ADC1SS1_Handler                          0x00000463   Thumb Code     2  startup_tm4c123.o(.text)
    ADC1SS2_Handler                          0x00000465   Thumb Code     2  startup_tm4c123.o(.text)
    ADC1SS3_Handler                          0x00000467   Thumb Code     2  startup_tm4c123.o(.text)
    GPIOJ_Handler                            0x00000469   Thumb Code     2  startup_tm4c123.o(.text)
    GPIOK_Handler                            0x0000046b   Thumb Code     2  startup_tm4c123.o(.text)
    GPIOL_Handler                            0x0000046d   Thumb Code     2  startup_tm4c123.o(.text)
    SSI2_Handler                             0x0000046f   Thumb Code     2  startup_tm4c123.o(.text)
    SSI3_Handler                             0x00000471   Thumb Code     2  startup_tm4c123.o(.text)
    UART3_Handler                            0x00000473   Thumb Code     2  startup_tm4c123.o(.text)
    UART4_Handler                            0x00000475   Thumb Code     2  startup_tm4c123.o(.text)
    UART5_Handler                            0x00000477   Thumb Code     2  startup_tm4c123.o(.text)
    UART6_Handler                            0x00000479   Thumb Code     2  startup_tm4c123.o(.text)
    UART7_Handler                            0x0000047b   Thumb Code     2  startup_tm4c123.o(.text)
    I2C2_Handler                             0x0000047d   Thumb Code     2  startup_tm4c123.o(.text)
    I2C3_Handler                             0x0000047f   Thumb Code     2  startup_tm4c123.o(.text)
    TIMER4A_Handler                          0x00000481   Thumb Code     2  startup_tm4c123.o(.text)
    TIMER4B_Handler                          0x00000483   Thumb Code     2  startup_tm4c123.o(.text)
    TIMER5A_Handler                          0x00000485   Thumb Code     2  startup_tm4c123.o(.text)
    TIMER5B_Handler                          0x00000487   Thumb Code     2  startup_tm4c123.o(.text)
    WTIMER0A_Handler                         0x00000489   Thumb Code     2  startup_tm4c123.o(.text)
    WTIMER0B_Handler                         0x0000048b   Thumb Code     2  startup_tm4c123.o(.text)
    WTIMER1A_Handler                         0x0000048d   Thumb Code     2  startup_tm4c123.o(.text)
    WTIMER1B_Handler                         0x0000048f   Thumb Code     2  startup_tm4c123.o(.text)
    WTIMER2A_Handler                         0x00000491   Thumb Code     2  startup_tm4c123.o(.text)
    WTIMER2B_Handler                         0x00000493   Thumb Code     2  startup_tm4c123.o(.text)
    WTIMER3A_Handler                         0x00000495   Thumb Code     2  startup_tm4c123.o(.text)
    WTIMER3B_Handler                         0x00000497   Thumb Code     2  startup_tm4c123.o(.text)
    WTIMER4A_Handler                         0x00000499   Thumb Code     2  startup_tm4c123.o(.text)
    WTIMER4B_Handler                         0x0000049b   Thumb Code     2  startup_tm4c123.o(.text)
    WTIMER5A_Handler                         0x0000049d   Thumb Code     2  startup_tm4c123.o(.text)
    WTIMER5B_Handler                         0x0000049f   Thumb Code     2  startup_tm4c123.o(.text)
    FPU_Handler                              0x000004a1   Thumb Code     2  startup_tm4c123.o(.text)
    I2C4_Handler                             0x000004a3   Thumb Code     2  startup_tm4c123.o(.text)
    I2C5_Handler                             0x000004a5   Thumb Code     2  startup_tm4c123.o(.text)
    GPIOM_Handler                            0x000004a7   Thumb Code     2  startup_tm4c123.o(.text)
    GPION_Handler                            0x000004a9   Thumb Code     2  startup_tm4c123.o(.text)
    QEI2_Handler                             0x000004ab   Thumb Code     2  startup_tm4c123.o(.text)
    GPIOP0_Handler                           0x000004ad   Thumb Code     2  startup_tm4c123.o(.text)
    GPIOP1_Handler                           0x000004af   Thumb Code     2  startup_tm4c123.o(.text)
    GPIOP2_Handler                           0x000004b1   Thumb Code     2  startup_tm4c123.o(.text)
    GPIOP3_Handler                           0x000004b3   Thumb Code     2  startup_tm4c123.o(.text)
    GPIOP4_Handler                           0x000004b5   Thumb Code     2  startup_tm4c123.o(.text)
    GPIOP5_Handler                           0x000004b7   Thumb Code     2  startup_tm4c123.o(.text)
    GPIOP6_Handler                           0x000004b9   Thumb Code     2  startup_tm4c123.o(.text)
    GPIOP7_Handler                           0x000004bb   Thumb Code     2  startup_tm4c123.o(.text)
    GPIOQ0_Handler                           0x000004bd   Thumb Code     2  startup_tm4c123.o(.text)
    GPIOQ1_Handler                           0x000004bf   Thumb Code     2  startup_tm4c123.o(.text)
    GPIOQ2_Handler                           0x000004c1   Thumb Code     2  startup_tm4c123.o(.text)
    GPIOQ3_Handler                           0x000004c3   Thumb Code     2  startup_tm4c123.o(.text)
    GPIOQ4_Handler                           0x000004c5   Thumb Code     2  startup_tm4c123.o(.text)
    GPIOQ5_Handler                           0x000004c7   Thumb Code     2  startup_tm4c123.o(.text)
    GPIOQ6_Handler                           0x000004c9   Thumb Code     2  startup_tm4c123.o(.text)
    GPIOQ7_Handler                           0x000004cb   Thumb Code     2  startup_tm4c123.o(.text)
    GPIOR_Handler                            0x000004cd   Thumb Code     2  startup_tm4c123.o(.text)
    GPIOS_Handler                            0x000004cf   Thumb Code     2  startup_tm4c123.o(.text)
    PMW1_0_Handler                           0x000004d1   Thumb Code     2  startup_tm4c123.o(.text)
    PWM1_1_Handler                           0x000004d3   Thumb Code     2  startup_tm4c123.o(.text)
    PWM1_2_Handler                           0x000004d5   Thumb Code     2  startup_tm4c123.o(.text)
    PWM1_3_Handler                           0x000004d7   Thumb Code     2  startup_tm4c123.o(.text)
    PWM1_FAULT_Handler                       0x000004d9   Thumb Code     2  startup_tm4c123.o(.text)
    __user_initial_stackheap                 0x000004dd   Thumb Code     0  startup_tm4c123.o(.text)
    sprintf                                  0x000004fd   Thumb Code    38  sprintf.o(.text)
    __aeabi_memcpy                           0x00000529   Thumb Code     0  rt_memcpy_v6.o(.text)
    __rt_memcpy                              0x00000529   Thumb Code   138  rt_memcpy_v6.o(.text)
    _memcpy_lastbytes                        0x0000058f   Thumb Code     0  rt_memcpy_v6.o(.text)
    __aeabi_memset4                          0x000005b3   Thumb Code    16  aeabi_memset4.o(.text)
    __aeabi_memset8                          0x000005b3   Thumb Code     0  aeabi_memset4.o(.text)
    __aeabi_memclr                           0x000005c3   Thumb Code     0  rt_memclr.o(.text)
    __rt_memclr                              0x000005c3   Thumb Code     0  rt_memclr.o(.text)
    _memset                                  0x000005c7   Thumb Code    64  rt_memclr.o(.text)
    strcmp                                   0x00000609   Thumb Code   124  strcmpv7em.o(.text)
    __use_two_region_memory                  0x00000685   Thumb Code     2  heapauxi.o(.text)
    __rt_heap_escrow$2region                 0x00000687   Thumb Code     2  heapauxi.o(.text)
    __rt_heap_expand$2region                 0x00000689   Thumb Code     2  heapauxi.o(.text)
    _printf_pre_padding                      0x0000068b   Thumb Code    44  _printf_pad.o(.text)
    _printf_post_padding                     0x000006b7   Thumb Code    34  _printf_pad.o(.text)
    _printf_truncate_signed                  0x000006d9   Thumb Code    18  _printf_truncate.o(.text)
    _printf_truncate_unsigned                0x000006eb   Thumb Code    18  _printf_truncate.o(.text)
    _printf_str                              0x000006fd   Thumb Code    82  _printf_str.o(.text)
    _printf_int_dec                          0x00000751   Thumb Code   104  _printf_dec.o(.text)
    _printf_charcount                        0x000007c9   Thumb Code    40  _printf_charcount.o(.text)
    _printf_char_common                      0x000007fb   Thumb Code    32  _printf_char_common.o(.text)
    _sputc                                   0x00000821   Thumb Code    10  _sputc.o(.text)
    _printf_wctomb                           0x0000082d   Thumb Code   182  _printf_wctomb.o(.text)
    _printf_longlong_dec                     0x000008e9   Thumb Code   108  _printf_longlong_dec.o(.text)
    _printf_longlong_oct                     0x00000965   Thumb Code    68  _printf_oct_int_ll.o(.text)
    _printf_int_oct                          0x000009a9   Thumb Code    24  _printf_oct_int_ll.o(.text)
    _printf_ll_oct                           0x000009c1   Thumb Code    12  _printf_oct_int_ll.o(.text)
    _printf_longlong_hex                     0x000009d5   Thumb Code    86  _printf_hex_int_ll_ptr.o(.text)
    _printf_int_hex                          0x00000a2b   Thumb Code    28  _printf_hex_int_ll_ptr.o(.text)
    _printf_ll_hex                           0x00000a47   Thumb Code    12  _printf_hex_int_ll_ptr.o(.text)
    _printf_hex_ptr                          0x00000a53   Thumb Code    18  _printf_hex_int_ll_ptr.o(.text)
    __printf                                 0x00000a69   Thumb Code   388  __printf_flags_ss_wp.o(.text)
    __aeabi_memcpy4                          0x00000bf1   Thumb Code     0  rt_memcpy_w.o(.text)
    __aeabi_memcpy8                          0x00000bf1   Thumb Code     0  rt_memcpy_w.o(.text)
    __rt_memcpy_w                            0x00000bf1   Thumb Code   100  rt_memcpy_w.o(.text)
    _memcpy_lastbytes_aligned                0x00000c39   Thumb Code     0  rt_memcpy_w.o(.text)
    __aeabi_memclr4                          0x00000c55   Thumb Code     0  rt_memclr_w.o(.text)
    __aeabi_memclr8                          0x00000c55   Thumb Code     0  rt_memclr_w.o(.text)
    __rt_memclr_w                            0x00000c55   Thumb Code     0  rt_memclr_w.o(.text)
    _memset_w                                0x00000c59   Thumb Code    74  rt_memclr_w.o(.text)
    _ll_udiv10                               0x00000ca3   Thumb Code   138  lludiv10.o(.text)
    _printf_int_common                       0x00000d2d   Thumb Code   178  _printf_intcommon.o(.text)
    _printf_fp_dec_real                      0x00000f8f   Thumb Code   620  _printf_fp_dec.o(.text)
    _printf_fp_hex_real                      0x000011fd   Thumb Code   756  _printf_fp_hex.o(.text)
    _printf_cs_common                        0x000014f9   Thumb Code    20  _printf_char.o(.text)
    _printf_char                             0x0000150d   Thumb Code    16  _printf_char.o(.text)
    _printf_string                           0x0000151d   Thumb Code     8  _printf_char.o(.text)
    _printf_lcs_common                       0x00001525   Thumb Code    20  _printf_wchar.o(.text)
    _printf_wchar                            0x00001539   Thumb Code    16  _printf_wchar.o(.text)
    _printf_wstring                          0x00001549   Thumb Code     8  _printf_wchar.o(.text)
    _c16rtomb                                0x00001551   Thumb Code    72  _c16rtomb.o(.text)
    _wcrtomb                                 0x00001551   Thumb Code     0  _c16rtomb.o(.text)
    __user_setup_stackheap                   0x00001599   Thumb Code    74  sys_stackheap_outer.o(.text)
    __rt_ctype_table                         0x000015e5   Thumb Code    16  rt_ctype_table.o(.text)
    __rt_locale                              0x000015f5   Thumb Code    10  rt_locale_twolibspace.o(.text)
    _printf_fp_infnan                        0x00001601   Thumb Code   112  _printf_fp_infnan.o(.text)
    _btod_etento                             0x00001681   Thumb Code   224  bigflt0.o(.text)
    exit                                     0x00001765   Thumb Code    18  exit.o(.text)
    __user_libspace                          0x00001779   Thumb Code     8  libspace.o(.text)
    __user_perproc_libspace                  0x00001779   Thumb Code     0  libspace.o(.text)
    _sys_exit                                0x00001781   Thumb Code     8  sys_exit.o(.text)
    __I$use$semihosting                      0x0000178d   Thumb Code     0  use_no_semi.o(.text)
    __use_no_semihosting_swi                 0x0000178d   Thumb Code     2  use_no_semi.o(.text)
    __semihosting_library_function           0x0000178f   Thumb Code     0  indicate_semi.o(.text)
    _fp_init                                 0x00001791   Thumb Code    22  clib_os.o(.text.$Sub$$_fp_init)
    LCD_Print                                0x000017a9   Thumb Code    34  lcd.o(.text.LCD_Print)
    LCD_SetCursor                            0x000017cd   Thumb Code    60  lcd.o(.text.LCD_SetCursor)
    PendSV_Handler                           0x00001809   Thumb Code    96  port.o(.text.PendSV_Handler)
    PortA_ISR                                0x00001869   Thumb Code   164  drivers.o(.text.PortA_ISR)
    SVC_Handler                              0x0000190d   Thumb Code    32  port.o(.text.SVC_Handler)
    SysTick_Handler                          0x0000192d   Thumb Code    30  cmsis_os2.o(.text.SysTick_Handler)
    SystemInit                               0x0000194d   Thumb Code   268  system_tm4c123.o(.text.SystemInit)
    _mutex_acquire                           0x00001a59   Thumb Code    40  clib_os.o(.text._mutex_acquire)
    _mutex_free                              0x00001a81   Thumb Code    84  clib_os.o(.text._mutex_free)
    _mutex_initialize                        0x00001ad5   Thumb Code   168  clib_os.o(.text._mutex_initialize)
    _mutex_release                           0x00001b7d   Thumb Code    42  clib_os.o(.text._mutex_release)
    _platform_post_stackheap_init            0x00001ba9   Thumb Code     2  clib_os.o(.text._platform_post_stackheap_init)
    createSafetyTasks                        0x00001bad   Thumb Code   240  safety_tasks.o(.text.createSafetyTasks)
    doorLockTask                             0x00001c9d   Thumb Code   142  safety_tasks.o(.text.doorLockTask)
    gearLogicTask                            0x00001d2d   Thumb Code    44  safety_tasks.o(.text.gearLogicTask)
    initADC                                  0x00001d59   Thumb Code    78  drivers.o(.text.initADC)
    initBuzzer                               0x00001da9   Thumb Code    18  drivers.o(.text.initBuzzer)
    initGPIO                                 0x00001dbd   Thumb Code   134  drivers.o(.text.initGPIO)
    initLCD                                  0x00001e45   Thumb Code   188  lcd.o(.text.initLCD)
    initRGB                                  0x00001f01   Thumb Code    18  drivers.o(.text.initRGB)
    initUltrasonic                           0x00001f15   Thumb Code   122  drivers.o(.text.initUltrasonic)
    isGearDrive                              0x00001f91   Thumb Code    20  drivers.o(.text.isGearDrive)
    isGearReverse                            0x00001fa5   Thumb Code    20  drivers.o(.text.isGearReverse)
    isIgnitionOn                             0x00001fb9   Thumb Code    12  drivers.o(.text.isIgnitionOn)
    isManualLockPressed                      0x00001fc5   Thumb Code    46  drivers.o(.text.isManualLockPressed)
    isManualUnlockPressed                    0x00001ff5   Thumb Code    46  drivers.o(.text.isManualUnlockPressed)
    lcdPulseEnable                           0x00002045   Thumb Code    78  lcd.o(.text.lcdPulseEnable)
    lcdSendCommand                           0x00002095   Thumb Code    72  lcd.o(.text.lcdSendCommand)
    lcdSendData                              0x000020dd   Thumb Code    72  lcd.o(.text.lcdSendData)
    lcdUpdateTask                            0x00002125   Thumb Code   232  safety_tasks.o(.text.lcdUpdateTask)
    lcdWrite4Bits                            0x0000220d   Thumb Code    38  lcd.o(.text.lcdWrite4Bits)
    lockDoors                                0x00002235   Thumb Code    20  drivers.o(.text.lockDoors)
    main                                     0x00002249   Thumb Code    24  main.o(.text.main)
    measureDistance                          0x00002261   Thumb Code   296  drivers.o(.text.measureDistance)
    pvPortMalloc                             0x00003475   Thumb Code   696  heap_4.o(.text.pvPortMalloc)
    pvTaskIncrementMutexHeldCount            0x0000372d   Thumb Code    36  tasks.o(.text.pvTaskIncrementMutexHeldCount)
    pxPortInitialiseStack                    0x00003751   Thumb Code    94  port.o(.text.pxPortInitialiseStack)
    readSpeedADC                             0x000037b1   Thumb Code   104  drivers.o(.text.readSpeedADC)
    readSpeedTask                            0x00003819   Thumb Code    44  safety_tasks.o(.text.readSpeedTask)
    rearAssistTask                           0x00003845   Thumb Code   128  safety_tasks.o(.text.rearAssistTask)
    setBuzzerFrequency                       0x000038c5   Thumb Code    54  drivers.o(.text.setBuzzerFrequency)
    setRGBColor                              0x000038fd   Thumb Code   114  drivers.o(.text.setRGBColor)
    setupHardware                            0x00003971   Thumb Code    28  main.o(.text.setupHardware)
    unlockDoors                              0x0000398d   Thumb Code    20  drivers.o(.text.unlockDoors)
    uxListRemove                             0x000039a1   Thumb Code    72  list.o(.text.uxListRemove)
    vApplicationGetIdleTaskMemory            0x000039e9   Thumb Code    42  tasks.o(.text.vApplicationGetIdleTaskMemory)
    vApplicationGetTimerTaskMemory           0x00003a15   Thumb Code    42  tasks.o(.text.vApplicationGetTimerTaskMemory)
    vApplicationStackOverflowHook            0x00003a41   Thumb Code    16  cmsis_os2.o(.text.vApplicationStackOverflowHook)
    vListInitialise                          0x00003a51   Thumb Code    46  list.o(.text.vListInitialise)
    vListInitialiseItem                      0x00003a81   Thumb Code    14  list.o(.text.vListInitialiseItem)
    vListInsert                              0x00003a91   Thumb Code   106  list.o(.text.vListInsert)
    vPortEnterCritical                       0x00003b11   Thumb Code    72  port.o(.text.vPortEnterCritical)
    vPortExitCritical                        0x00003b59   Thumb Code    60  port.o(.text.vPortExitCritical)
    vPortFree                                0x00003b95   Thumb Code   222  heap_4.o(.text.vPortFree)
    vPortSetupTimerInterrupt                 0x00003c75   Thumb Code    68  port.o(.text.vPortSetupTimerInterrupt)
    vQueueDelete                             0x00003cb9   Thumb Code    48  queue.o(.text.vQueueDelete)
    vQueueWaitForMessageRestricted           0x00003ce9   Thumb Code   100  queue.o(.text.vQueueWaitForMessageRestricted)
    vTaskDelay                               0x00003d4d   Thumb Code    98  tasks.o(.text.vTaskDelay)
    vTaskInternalSetTimeOutState             0x00003db1   Thumb Code    36  tasks.o(.text.vTaskInternalSetTimeOutState)
    vTaskMissedYield                         0x00003dd5   Thumb Code    14  tasks.o(.text.vTaskMissedYield)
    vTaskPlaceOnEventList                    0x00003de5   Thumb Code    52  tasks.o(.text.vTaskPlaceOnEventList)
    vTaskPlaceOnEventListRestricted          0x00003e19   Thumb Code   114  tasks.o(.text.vTaskPlaceOnEventListRestricted)
    vTaskPriorityDisinheritAfterTimeout      0x00003e8d   Thumb Code   358  tasks.o(.text.vTaskPriorityDisinheritAfterTimeout)
    vTaskStartScheduler                      0x00003ff5   Thumb Code   130  tasks.o(.text.vTaskStartScheduler)
    vTaskSuspendAll                          0x00004079   Thumb Code    16  tasks.o(.text.vTaskSuspendAll)
    vTaskSwitchContext                       0x00004089   Thumb Code   312  tasks.o(.text.vTaskSwitchContext)
    xPortStartScheduler                      0x000041c1   Thumb Code   428  port.o(.text.xPortStartScheduler)
    xPortSysTickHandler                      0x0000436d   Thumb Code    62  port.o(.text.xPortSysTickHandler)
    xQueueCreateMutex                        0x000043ad   Thumb Code    38  queue.o(.text.xQueueCreateMutex)
    xQueueCreateMutexStatic                  0x000043d5   Thumb Code    50  queue.o(.text.xQueueCreateMutexStatic)
    xQueueGenericCreate                      0x00004409   Thumb Code   148  queue.o(.text.xQueueGenericCreate)
    xQueueGenericCreateStatic                0x0000449d   Thumb Code   158  queue.o(.text.xQueueGenericCreateStatic)
    xQueueGenericReset                       0x0000453d   Thumb Code   236  queue.o(.text.xQueueGenericReset)
    xQueueGenericSend                        0x00004629   Thumb Code   500  queue.o(.text.xQueueGenericSend)
    xQueueReceive                            0x0000481d   Thumb Code   434  queue.o(.text.xQueueReceive)
    xQueueSemaphoreTake                      0x000049d1   Thumb Code   486  queue.o(.text.xQueueSemaphoreTake)
    xTaskCheckForTimeOut                     0x00004bb9   Thumb Code   224  tasks.o(.text.xTaskCheckForTimeOut)
    xTaskCreate                              0x00004c99   Thumb Code    82  tasks.o(.text.xTaskCreate)
    xTaskCreateStatic                        0x00004ced   Thumb Code    92  tasks.o(.text.xTaskCreateStatic)
    xTaskGetSchedulerState                   0x00004d49   Thumb Code    56  tasks.o(.text.xTaskGetSchedulerState)
    xTaskGetTickCount                        0x00004d81   Thumb Code    20  tasks.o(.text.xTaskGetTickCount)
    xTaskIncrementTick                       0x00004d95   Thumb Code   630  tasks.o(.text.xTaskIncrementTick)
    xTaskPriorityDisinherit                  0x0000500d   Thumb Code   286  tasks.o(.text.xTaskPriorityDisinherit)
    xTaskPriorityInherit                     0x0000512d   Thumb Code   348  tasks.o(.text.xTaskPriorityInherit)
    xTaskRemoveFromEventList                 0x00005289   Thumb Code   418  tasks.o(.text.xTaskRemoveFromEventList)
    xTaskResumeAll                           0x0000542d   Thumb Code   584  tasks.o(.text.xTaskResumeAll)
    xTimerCreateTimerTask                    0x00005675   Thumb Code   134  timers.o(.text.xTimerCreateTimerTask)
    _btod_d2e                                0x000056fb   Thumb Code    62  btod.o(CL$$btod_d2e)
    _d2e_denorm_low                          0x00005739   Thumb Code    70  btod.o(CL$$btod_d2e_denorm_low)
    _d2e_norm_op1                            0x0000577f   Thumb Code    96  btod.o(CL$$btod_d2e_norm_op1)
    __btod_div_common                        0x000057e1   Thumb Code   696  btod.o(CL$$btod_div_common)
    _e2e                                     0x00005b19   Thumb Code   220  btod.o(CL$$btod_e2e)
    _btod_ediv                               0x00005bf5   Thumb Code    42  btod.o(CL$$btod_ediv)
    _btod_emul                               0x00005c1f   Thumb Code    42  btod.o(CL$$btod_emul)
    __btod_mult_common                       0x00005c49   Thumb Code   580  btod.o(CL$$btod_mult_common)
    ADCIntClear                              0x00005e8d   Thumb Code    10  adc.o(i.ADCIntClear)
    ADCIntStatus                             0x00005e97   Thumb Code    52  adc.o(i.ADCIntStatus)
    ADCProcessorTrigger                      0x00005ecb   Thumb Code    26  adc.o(i.ADCProcessorTrigger)
    ADCSequenceConfigure                     0x00005ee5   Thumb Code    96  adc.o(i.ADCSequenceConfigure)
    ADCSequenceDataGet                       0x00005f45   Thumb Code    36  adc.o(i.ADCSequenceDataGet)
    ADCSequenceEnable                        0x00005f69   Thumb Code    14  adc.o(i.ADCSequenceEnable)
    ADCSequenceStepConfigure                 0x00005f77   Thumb Code   154  adc.o(i.ADCSequenceStepConfigure)
    GPIODirModeSet                           0x00006011   Thumb Code    40  gpio.o(i.GPIODirModeSet)
    GPIOIntClear                             0x00006039   Thumb Code     6  gpio.o(i.GPIOIntClear)
    GPIOIntDisable                           0x0000603f   Thumb Code    14  gpio.o(i.GPIOIntDisable)
    GPIOIntEnable                            0x0000604d   Thumb Code    12  gpio.o(i.GPIOIntEnable)
    GPIOIntRegister                          0x00006059   Thumb Code    26  gpio.o(i.GPIOIntRegister)
    GPIOIntStatus                            0x00006073   Thumb Code    14  gpio.o(i.GPIOIntStatus)
    GPIOIntTypeSet                           0x00006081   Thumb Code    80  gpio.o(i.GPIOIntTypeSet)
    GPIOPadConfigSet                         0x000060d1   Thumb Code   354  gpio.o(i.GPIOPadConfigSet)
    GPIOPinConfigure                         0x00006241   Thumb Code    60  gpio.o(i.GPIOPinConfigure)
    GPIOPinRead                              0x00006285   Thumb Code     6  gpio.o(i.GPIOPinRead)
    GPIOPinTypeGPIOInput                     0x0000628b   Thumb Code    28  gpio.o(i.GPIOPinTypeGPIOInput)
    GPIOPinTypeGPIOOutput                    0x000062a7   Thumb Code    28  gpio.o(i.GPIOPinTypeGPIOOutput)
    GPIOPinTypeTimer                         0x000062c3   Thumb Code    28  gpio.o(i.GPIOPinTypeTimer)
    GPIOPinWrite                             0x000062df   Thumb Code     6  gpio.o(i.GPIOPinWrite)
    IntEnable                                0x000062e5   Thumb Code    92  interrupt.o(i.IntEnable)
    IntRegister                              0x00006349   Thumb Code    44  interrupt.o(i.IntRegister)
    SysCtlClockGet                           0x0000637d   Thumb Code   304  sysctl.o(i.SysCtlClockGet)
    SysCtlPeripheralEnable                   0x000064d1   Thumb Code    36  sysctl.o(i.SysCtlPeripheralEnable)
    SysCtlPeripheralReady                    0x000064f9   Thumb Code    40  sysctl.o(i.SysCtlPeripheralReady)
    TimerConfigure                           0x00006525   Thumb Code    88  timer.o(i.TimerConfigure)
    TimerControlEvent                        0x00006585   Thumb Code    18  timer.o(i.TimerControlEvent)
    TimerEnable                              0x00006597   Thumb Code    14  timer.o(i.TimerEnable)
    TimerIntClear                            0x000065a5   Thumb Code     4  timer.o(i.TimerIntClear)
    TimerIntStatus                           0x000065a9   Thumb Code    10  timer.o(i.TimerIntStatus)
    TimerValueGet                            0x000065b3   Thumb Code    10  timer.o(i.TimerValueGet)
    __ARM_fpclassify                         0x0000660d   Thumb Code    48  fpclassify.o(i.__ARM_fpclassify)
    _is_digit                                0x0000663d   Thumb Code    14  __printf_wp.o(i._is_digit)
    _get_lc_numeric                          0x0000664d   Thumb Code    44  lc_numeric_c.o(locale$$code)
    _get_lc_ctype                            0x00006679   Thumb Code    44  lc_ctype_c.o(locale$$code)
    __aeabi_ddiv                             0x000066a5   Thumb Code     0  ddiv.o(x$fpl$ddiv)
    _ddiv                                    0x000066a5   Thumb Code   556  ddiv.o(x$fpl$ddiv)
    __aeabi_d2iz                             0x00006959   Thumb Code     0  dfix.o(x$fpl$dfix)
    _dfix                                    0x00006959   Thumb Code    94  dfix.o(x$fpl$dfix)
    __aeabi_ui2d                             0x000069b7   Thumb Code     0  dflt_clz.o(x$fpl$dfltu)
    _dfltu                                   0x000069b7   Thumb Code    38  dflt_clz.o(x$fpl$dfltu)
    __aeabi_dmul                             0x000069dd   Thumb Code     0  dmul.o(x$fpl$dmul)
    _dmul                                    0x000069dd   Thumb Code   332  dmul.o(x$fpl$dmul)
    __fpl_dnaninf                            0x00006b31   Thumb Code   156  dnaninf.o(x$fpl$dnaninf)
    __fpl_dretinf                            0x00006bcd   Thumb Code    12  dretinf.o(x$fpl$dretinf)
    $Super$$_fp_init                         0x00006bd9   Thumb Code    26  fpinit.o(x$fpl$fpinit)
    __fplib_config_fpu_vfp                   0x00006bf1   Thumb Code     0  fpinit.o(x$fpl$fpinit)
    __fplib_config_pureend_doubles           0x00006bf1   Thumb Code     0  fpinit.o(x$fpl$fpinit)
    _printf_fp_dec                           0x00006bf3   Thumb Code     4  printf1.o(x$fpl$printf1)
    _printf_fp_hex                           0x00006bf7   Thumb Code     4  printf2.o(x$fpl$printf2)
    __I$use$fp                               0x00006bfa   Number         0  usenofp.o(x$fpl$usenofp)
    Region$$Table$$Base                      0x000072f0   Number         0  anon$$obj.o(Region$$Table)
    Region$$Table$$Limit                     0x00007310   Number         0  anon$$obj.o(Region$$Table)
    __ctype                                  0x00007339   Data           0  lc_ctype_c.o(locale$$data)
    SystemCoreClock                          0x20000000   Data           4  system_tm4c123.o(.data.SystemCoreClock)
    __libspace_start                         0x20000670   Data          96  libspace.o(.bss)
    __temporary_stack_top$libspace           0x200006d0   Data           0  libspace.o(.bss)
    distanceQueue                            0x20000874   Data           4  safety_tasks.o(.bss.distanceQueue)
    doorLocked                               0x20000878   Data           4  safety_tasks.o(.bss.doorLocked)
    driverDoorState                          0x2000087c   Data           4  drivers.o(.bss.driverDoorState)
    ignitionState                            0x20000880   Data           4  drivers.o(.bss.ignitionState)
    lcdMutex                                 0x20000884   Data           4  safety_tasks.o(.bss.lcdMutex)
    manualLockFlag                           0x20000888   Data           4  drivers.o(.bss.manualLockFlag)
    manualUnlockFlag                         0x2000088c   Data           4  drivers.o(.bss.manualUnlockFlag)
    pxCurrentTCB                             0x20000934   Data           4  tasks.o(.bss.pxCurrentTCB)
    speedQueue                               0x20000dac   Data           4  safety_tasks.o(.bss.speedQueue)



==============================================================================

Memory Map of the image

  Image Entry point : 0x000003e9

  Load Region LR_1 (Base: 0x00000000, Size: 0x00007e6c, Max: 0xffffffff, ABSOLUTE, COMPRESSED[0x00007818])

    Execution Region ER_RO (Exec base: 0x00000000, Load base: 0x00000000, Size: 0x0000743c, Max: 0xffffffff, ABSOLUTE)

    Exec Addr    Load Addr    Size         Type   Attr      Idx    E Section Name        Object

    0x00000000   0x00000000   0x0000026c   Data   RO          361    RESET               startup_tm4c123.o
    0x0000026c   0x0000026c   0x00000008   Code   RO         2181  * !!!main             c_w.l(__main.o)
    0x00000274   0x00000274   0x00000034   Code   RO         2542    !!!scatter          c_w.l(__scatter.o)
    0x000002a8   0x000002a8   0x0000003a   Code   RO         2540    !!dczerorl          c_w.l(__dczerorl.o)
    0x000002e2   0x000002e2   0x00000002   PAD
    0x000002e4   0x000002e4   0x0000001c   Code   RO         2544    !!handler_zi        c_w.l(__scatter_zi.o)
    0x00000300   0x00000300   0x00000000   Code   RO         2283    .ARM.Collect$$_printf_percent$$00000000  c_w.l(_printf_percent.o)
    0x00000300   0x00000300   0x00000006   Code   RO         2272    .ARM.Collect$$_printf_percent$$00000001  c_w.l(_printf_n.o)
    0x00000306   0x00000306   0x00000006   Code   RO         2274    .ARM.Collect$$_printf_percent$$00000002  c_w.l(_printf_p.o)
    0x0000030c   0x0000030c   0x00000006   Code   RO         2279    .ARM.Collect$$_printf_percent$$00000003  c_w.l(_printf_f.o)
    0x00000312   0x00000312   0x00000006   Code   RO         2280    .ARM.Collect$$_printf_percent$$00000004  c_w.l(_printf_e.o)
    0x00000318   0x00000318   0x00000006   Code   RO         2281    .ARM.Collect$$_printf_percent$$00000005  c_w.l(_printf_g.o)
    0x0000031e   0x0000031e   0x00000006   Code   RO         2282    .ARM.Collect$$_printf_percent$$00000006  c_w.l(_printf_a.o)
    0x00000324   0x00000324   0x0000000a   Code   RO         2287    .ARM.Collect$$_printf_percent$$00000007  c_w.l(_printf_ll.o)
    0x0000032e   0x0000032e   0x00000006   Code   RO         2276    .ARM.Collect$$_printf_percent$$00000008  c_w.l(_printf_i.o)
    0x00000334   0x00000334   0x00000006   Code   RO         2277    .ARM.Collect$$_printf_percent$$00000009  c_w.l(_printf_d.o)
    0x0000033a   0x0000033a   0x00000006   Code   RO         2278    .ARM.Collect$$_printf_percent$$0000000A  c_w.l(_printf_u.o)
    0x00000340   0x00000340   0x00000006   Code   RO         2275    .ARM.Collect$$_printf_percent$$0000000B  c_w.l(_printf_o.o)
    0x00000346   0x00000346   0x00000006   Code   RO         2273    .ARM.Collect$$_printf_percent$$0000000C  c_w.l(_printf_x.o)
    0x0000034c   0x0000034c   0x00000006   Code   RO         2284    .ARM.Collect$$_printf_percent$$0000000D  c_w.l(_printf_lli.o)
    0x00000352   0x00000352   0x00000006   Code   RO         2285    .ARM.Collect$$_printf_percent$$0000000E  c_w.l(_printf_lld.o)
    0x00000358   0x00000358   0x00000006   Code   RO         2286    .ARM.Collect$$_printf_percent$$0000000F  c_w.l(_printf_llu.o)
    0x0000035e   0x0000035e   0x00000006   Code   RO         2291    .ARM.Collect$$_printf_percent$$00000010  c_w.l(_printf_llo.o)
    0x00000364   0x00000364   0x00000006   Code   RO         2292    .ARM.Collect$$_printf_percent$$00000011  c_w.l(_printf_llx.o)
    0x0000036a   0x0000036a   0x0000000a   Code   RO         2288    .ARM.Collect$$_printf_percent$$00000012  c_w.l(_printf_l.o)
    0x00000374   0x00000374   0x00000006   Code   RO         2270    .ARM.Collect$$_printf_percent$$00000013  c_w.l(_printf_c.o)
    0x0000037a   0x0000037a   0x00000006   Code   RO         2271    .ARM.Collect$$_printf_percent$$00000014  c_w.l(_printf_s.o)
    0x00000380   0x00000380   0x00000006   Code   RO         2289    .ARM.Collect$$_printf_percent$$00000015  c_w.l(_printf_lc.o)
    0x00000386   0x00000386   0x00000006   Code   RO         2290    .ARM.Collect$$_printf_percent$$00000016  c_w.l(_printf_ls.o)
    0x0000038c   0x0000038c   0x00000004   Code   RO         2342    .ARM.Collect$$_printf_percent$$00000017  c_w.l(_printf_percent_end.o)
    0x00000390   0x00000390   0x00000002   Code   RO         2393    .ARM.Collect$$libinit$$00000000  c_w.l(libinit.o)
    0x00000392   0x00000392   0x00000004   Code   RO         2408    .ARM.Collect$$libinit$$00000001  c_w.l(libinit2.o)
    0x00000396   0x00000396   0x00000000   Code   RO         2411    .ARM.Collect$$libinit$$00000004  c_w.l(libinit2.o)
    0x00000396   0x00000396   0x00000000   Code   RO         2413    .ARM.Collect$$libinit$$00000006  c_w.l(libinit2.o)
    0x00000396   0x00000396   0x00000000   Code   RO         2416    .ARM.Collect$$libinit$$0000000C  c_w.l(libinit2.o)
    0x00000396   0x00000396   0x00000000   Code   RO         2418    .ARM.Collect$$libinit$$0000000E  c_w.l(libinit2.o)
    0x00000396   0x00000396   0x00000000   Code   RO         2420    .ARM.Collect$$libinit$$00000010  c_w.l(libinit2.o)
    0x00000396   0x00000396   0x00000006   Code   RO         2421    .ARM.Collect$$libinit$$00000011  c_w.l(libinit2.o)
    0x0000039c   0x0000039c   0x00000000   Code   RO         2423    .ARM.Collect$$libinit$$00000013  c_w.l(libinit2.o)
    0x0000039c   0x0000039c   0x0000000c   Code   RO         2424    .ARM.Collect$$libinit$$00000014  c_w.l(libinit2.o)
    0x000003a8   0x000003a8   0x00000000   Code   RO         2425    .ARM.Collect$$libinit$$00000015  c_w.l(libinit2.o)
    0x000003a8   0x000003a8   0x00000000   Code   RO         2427    .ARM.Collect$$libinit$$00000017  c_w.l(libinit2.o)
    0x000003a8   0x000003a8   0x0000000a   Code   RO         2428    .ARM.Collect$$libinit$$00000018  c_w.l(libinit2.o)
    0x000003b2   0x000003b2   0x00000000   Code   RO         2429    .ARM.Collect$$libinit$$00000019  c_w.l(libinit2.o)
    0x000003b2   0x000003b2   0x00000000   Code   RO         2431    .ARM.Collect$$libinit$$0000001B  c_w.l(libinit2.o)
    0x000003b2   0x000003b2   0x00000000   Code   RO         2433    .ARM.Collect$$libinit$$0000001D  c_w.l(libinit2.o)
    0x000003b2   0x000003b2   0x00000000   Code   RO         2435    .ARM.Collect$$libinit$$0000001F  c_w.l(libinit2.o)
    0x000003b2   0x000003b2   0x00000000   Code   RO         2437    .ARM.Collect$$libinit$$00000021  c_w.l(libinit2.o)
    0x000003b2   0x000003b2   0x00000000   Code   RO         2439    .ARM.Collect$$libinit$$00000023  c_w.l(libinit2.o)
    0x000003b2   0x000003b2   0x00000000   Code   RO         2441    .ARM.Collect$$libinit$$00000025  c_w.l(libinit2.o)
    0x000003b2   0x000003b2   0x00000000   Code   RO         2443    .ARM.Collect$$libinit$$00000027  c_w.l(libinit2.o)
    0x000003b2   0x000003b2   0x00000000   Code   RO         2447    .ARM.Collect$$libinit$$0000002E  c_w.l(libinit2.o)
    0x000003b2   0x000003b2   0x00000000   Code   RO         2449    .ARM.Collect$$libinit$$00000030  c_w.l(libinit2.o)
    0x000003b2   0x000003b2   0x00000000   Code   RO         2451    .ARM.Collect$$libinit$$00000032  c_w.l(libinit2.o)
    0x000003b2   0x000003b2   0x00000000   Code   RO         2453    .ARM.Collect$$libinit$$00000034  c_w.l(libinit2.o)
    0x000003b2   0x000003b2   0x00000002   Code   RO         2454    .ARM.Collect$$libinit$$00000035  c_w.l(libinit2.o)
    0x000003b4   0x000003b4   0x00000002   Code   RO         2476    .ARM.Collect$$libshutdown$$00000000  c_w.l(libshutdown.o)
    0x000003b6   0x000003b6   0x00000000   Code   RO         2491    .ARM.Collect$$libshutdown$$00000002  c_w.l(libshutdown2.o)
    0x000003b6   0x000003b6   0x00000000   Code   RO         2493    .ARM.Collect$$libshutdown$$00000004  c_w.l(libshutdown2.o)
    0x000003b6   0x000003b6   0x00000000   Code   RO         2496    .ARM.Collect$$libshutdown$$00000007  c_w.l(libshutdown2.o)
    0x000003b6   0x000003b6   0x00000000   Code   RO         2499    .ARM.Collect$$libshutdown$$0000000A  c_w.l(libshutdown2.o)
    0x000003b6   0x000003b6   0x00000000   Code   RO         2501    .ARM.Collect$$libshutdown$$0000000C  c_w.l(libshutdown2.o)
    0x000003b6   0x000003b6   0x00000000   Code   RO         2504    .ARM.Collect$$libshutdown$$0000000F  c_w.l(libshutdown2.o)
    0x000003b6   0x000003b6   0x00000002   Code   RO         2505    .ARM.Collect$$libshutdown$$00000010  c_w.l(libshutdown2.o)
    0x000003b8   0x000003b8   0x00000000   Code   RO         2201    .ARM.Collect$$rtentry$$00000000  c_w.l(__rtentry.o)
    0x000003b8   0x000003b8   0x00000000   Code   RO         2311    .ARM.Collect$$rtentry$$00000002  c_w.l(__rtentry2.o)
    0x000003b8   0x000003b8   0x00000006   Code   RO         2323    .ARM.Collect$$rtentry$$00000004  c_w.l(__rtentry4.o)
    0x000003be   0x000003be   0x00000008   Code   RO         2312    .ARM.Collect$$rtentry$$00000008  c_w.l(__rtentry2.o)
    0x000003c6   0x000003c6   0x00000004   Code   RO         2314    .ARM.Collect$$rtentry$$0000000A  c_w.l(__rtentry2.o)
    0x000003ca   0x000003ca   0x00000000   Code   RO         2316    .ARM.Collect$$rtentry$$0000000C  c_w.l(__rtentry2.o)
    0x000003ca   0x000003ca   0x00000008   Code   RO         2317    .ARM.Collect$$rtentry$$0000000D  c_w.l(__rtentry2.o)
    0x000003d2   0x000003d2   0x00000002   Code   RO         2401    .ARM.Collect$$rtexit$$00000000  c_w.l(rtexit.o)
    0x000003d4   0x000003d4   0x00000000   Code   RO         2456    .ARM.Collect$$rtexit$$00000002  c_w.l(rtexit2.o)
    0x000003d4   0x000003d4   0x00000004   Code   RO         2457    .ARM.Collect$$rtexit$$00000003  c_w.l(rtexit2.o)
    0x000003d8   0x000003d8   0x00000006   Code   RO         2458    .ARM.Collect$$rtexit$$00000004  c_w.l(rtexit2.o)
    0x000003de   0x000003de   0x00000002   PAD
    0x000003e0   0x000003e0   0x00000006   Code   RO         1451    .emb_text           driverlib.lib(sysctl.o)
    0x000003e6   0x000003e6   0x00000002   PAD
    0x000003e8   0x000003e8   0x00000114   Code   RO          362  * .text               startup_tm4c123.o
    0x000004fc   0x000004fc   0x0000002c   Code   RO         2169    .text               c_w.l(sprintf.o)
    0x00000528   0x00000528   0x0000008a   Code   RO         2171    .text               c_w.l(rt_memcpy_v6.o)
    0x000005b2   0x000005b2   0x00000010   Code   RO         2173    .text               c_w.l(aeabi_memset4.o)
    0x000005c2   0x000005c2   0x00000044   Code   RO         2175    .text               c_w.l(rt_memclr.o)
    0x00000606   0x00000606   0x00000002   PAD
    0x00000608   0x00000608   0x0000007c   Code   RO         2177    .text               c_w.l(strcmpv7em.o)
    0x00000684   0x00000684   0x00000006   Code   RO         2179    .text               c_w.l(heapauxi.o)
    0x0000068a   0x0000068a   0x0000004e   Code   RO         2204    .text               c_w.l(_printf_pad.o)
    0x000006d8   0x000006d8   0x00000024   Code   RO         2206    .text               c_w.l(_printf_truncate.o)
    0x000006fc   0x000006fc   0x00000052   Code   RO         2208    .text               c_w.l(_printf_str.o)
    0x0000074e   0x0000074e   0x00000002   PAD
    0x00000750   0x00000750   0x00000078   Code   RO         2210    .text               c_w.l(_printf_dec.o)
    0x000007c8   0x000007c8   0x00000028   Code   RO         2212    .text               c_w.l(_printf_charcount.o)
    0x000007f0   0x000007f0   0x00000030   Code   RO         2214    .text               c_w.l(_printf_char_common.o)
    0x00000820   0x00000820   0x0000000a   Code   RO         2216    .text               c_w.l(_sputc.o)
    0x0000082a   0x0000082a   0x00000002   PAD
    0x0000082c   0x0000082c   0x000000bc   Code   RO         2218    .text               c_w.l(_printf_wctomb.o)
    0x000008e8   0x000008e8   0x0000007c   Code   RO         2221    .text               c_w.l(_printf_longlong_dec.o)
    0x00000964   0x00000964   0x00000070   Code   RO         2227    .text               c_w.l(_printf_oct_int_ll.o)
    0x000009d4   0x000009d4   0x00000094   Code   RO         2247    .text               c_w.l(_printf_hex_int_ll_ptr.o)
    0x00000a68   0x00000a68   0x00000188   Code   RO         2267    .text               c_w.l(__printf_flags_ss_wp.o)
    0x00000bf0   0x00000bf0   0x00000064   Code   RO         2293    .text               c_w.l(rt_memcpy_w.o)
    0x00000c54   0x00000c54   0x0000004e   Code   RO         2295    .text               c_w.l(rt_memclr_w.o)
    0x00000ca2   0x00000ca2   0x0000008a   Code   RO         2325    .text               c_w.l(lludiv10.o)
    0x00000d2c   0x00000d2c   0x000000b2   Code   RO         2327    .text               c_w.l(_printf_intcommon.o)
    0x00000dde   0x00000dde   0x0000041c   Code   RO         2329    .text               c_w.l(_printf_fp_dec.o)
    0x000011fa   0x000011fa   0x00000002   PAD
    0x000011fc   0x000011fc   0x000002fc   Code   RO         2333    .text               c_w.l(_printf_fp_hex.o)
    0x000014f8   0x000014f8   0x0000002c   Code   RO         2338    .text               c_w.l(_printf_char.o)
    0x00001524   0x00001524   0x0000002c   Code   RO         2340    .text               c_w.l(_printf_wchar.o)
    0x00001550   0x00001550   0x00000048   Code   RO         2343    .text               c_w.l(_c16rtomb.o)
    0x00001598   0x00001598   0x0000004a   Code   RO         2345    .text               c_w.l(sys_stackheap_outer.o)
    0x000015e2   0x000015e2   0x00000002   PAD
    0x000015e4   0x000015e4   0x00000010   Code   RO         2347    .text               c_w.l(rt_ctype_table.o)
    0x000015f4   0x000015f4   0x0000000a   Code   RO         2354    .text               c_w.l(rt_locale_twolibspace.o)
    0x000015fe   0x000015fe   0x00000002   PAD
    0x00001600   0x00001600   0x00000080   Code   RO         2356    .text               c_w.l(_printf_fp_infnan.o)
    0x00001680   0x00001680   0x000000e4   Code   RO         2358    .text               c_w.l(bigflt0.o)
    0x00001764   0x00001764   0x00000012   Code   RO         2388    .text               c_w.l(exit.o)
    0x00001776   0x00001776   0x00000002   PAD
    0x00001778   0x00001778   0x00000008   Code   RO         2398    .text               c_w.l(libspace.o)
    0x00001780   0x00001780   0x0000000c   Code   RO         2466    .text               c_w.l(sys_exit.o)
    0x0000178c   0x0000178c   0x00000002   Code   RO         2481    .text               c_w.l(use_no_semi.o)
    0x0000178e   0x0000178e   0x00000000   Code   RO         2483    .text               c_w.l(indicate_semi.o)
    0x0000178e   0x0000178e   0x00000002   PAD
    0x00001790   0x00001790   0x00000016   Code   RO          108    .text.$Sub$$_fp_init  clib_os.o
    0x000017a6   0x000017a6   0x00000002   PAD
    0x000017a8   0x000017a8   0x00000022   Code   RO           48    .text.LCD_Print     lcd.o
    0x000017ca   0x000017ca   0x00000002   PAD
    0x000017cc   0x000017cc   0x0000003c   Code   RO           50    .text.LCD_SetCursor  lcd.o
    0x00001808   0x00001808   0x00000060   Code   RO          448    .text.PendSV_Handler  port.o
    0x00001868   0x00001868   0x000000a4   Code   RO           59    .text.PortA_ISR     drivers.o
    0x0000190c   0x0000190c   0x00000020   Code   RO          444    .text.SVC_Handler   port.o
    0x0000192c   0x0000192c   0x0000001e   Code   RO          135    .text.SysTick_Handler  cmsis_os2.o
    0x0000194a   0x0000194a   0x00000002   PAD
    0x0000194c   0x0000194c   0x0000010c   Code   RO          373    .text.SystemInit    system_tm4c123.o
    0x00001a58   0x00001a58   0x00000028   Code   RO          116    .text._mutex_acquire  clib_os.o
    0x00001a80   0x00001a80   0x00000054   Code   RO          122    .text._mutex_free   clib_os.o
    0x00001ad4   0x00001ad4   0x000000a8   Code   RO          114    .text._mutex_initialize  clib_os.o
    0x00001b7c   0x00001b7c   0x0000002a   Code   RO          120    .text._mutex_release  clib_os.o
    0x00001ba6   0x00001ba6   0x00000002   PAD
    0x00001ba8   0x00001ba8   0x00000002   Code   RO          106    .text._platform_post_stackheap_init  clib_os.o
    0x00001baa   0x00001baa   0x00000002   PAD
    0x00001bac   0x00001bac   0x000000f0   Code   RO           14    .text.createSafetyTasks  safety_tasks.o
    0x00001c9c   0x00001c9c   0x0000008e   Code   RO           20    .text.doorLockTask  safety_tasks.o
    0x00001d2a   0x00001d2a   0x00000002   PAD
    0x00001d2c   0x00001d2c   0x0000002c   Code   RO           18    .text.gearLogicTask  safety_tasks.o
    0x00001d58   0x00001d58   0x0000004e   Code   RO           63    .text.initADC       drivers.o
    0x00001da6   0x00001da6   0x00000002   PAD
    0x00001da8   0x00001da8   0x00000012   Code   RO           71    .text.initBuzzer    drivers.o
    0x00001dba   0x00001dba   0x00000002   PAD
    0x00001dbc   0x00001dbc   0x00000086   Code   RO           61    .text.initGPIO      drivers.o
    0x00001e42   0x00001e42   0x00000002   PAD
    0x00001e44   0x00001e44   0x000000bc   Code   RO           46    .text.initLCD       lcd.o
    0x00001f00   0x00001f00   0x00000012   Code   RO           75    .text.initRGB       drivers.o
    0x00001f12   0x00001f12   0x00000002   PAD
    0x00001f14   0x00001f14   0x0000007a   Code   RO           67    .text.initUltrasonic  drivers.o
    0x00001f8e   0x00001f8e   0x00000002   PAD
    0x00001f90   0x00001f90   0x00000014   Code   RO           79    .text.isGearDrive   drivers.o
    0x00001fa4   0x00001fa4   0x00000014   Code   RO           81    .text.isGearReverse  drivers.o
    0x00001fb8   0x00001fb8   0x0000000c   Code   RO           83    .text.isIgnitionOn  drivers.o
    0x00001fc4   0x00001fc4   0x0000002e   Code   RO           91    .text.isManualLockPressed  drivers.o
    0x00001ff2   0x00001ff2   0x00000002   PAD
    0x00001ff4   0x00001ff4   0x0000002e   Code   RO           93    .text.isManualUnlockPressed  drivers.o
    0x00002022   0x00002022   0x00000002   PAD
    0x00002024   0x00002024   0x00000020   Code   RO          118    .text.is_thread_mode  clib_os.o
    0x00002044   0x00002044   0x0000004e   Code   RO           38    .text.lcdPulseEnable  lcd.o
    0x00002092   0x00002092   0x00000002   PAD
    0x00002094   0x00002094   0x00000048   Code   RO           42    .text.lcdSendCommand  lcd.o
    0x000020dc   0x000020dc   0x00000048   Code   RO           44    .text.lcdSendData   lcd.o
    0x00002124   0x00002124   0x000000e8   Code   RO           24    .text.lcdUpdateTask  safety_tasks.o
    0x0000220c   0x0000220c   0x00000026   Code   RO           40    .text.lcdWrite4Bits  lcd.o
    0x00002232   0x00002232   0x00000002   PAD
    0x00002234   0x00002234   0x00000014   Code   RO           87    .text.lockDoors     drivers.o
    0x00002248   0x00002248   0x00000018   Code   RO            2    .text.main          main.o
    0x00002260   0x00002260   0x00000128   Code   RO           69    .text.measureDistance  drivers.o
    0x00002388   0x00002388   0x00000020   Code   RO          112    .text.os_kernel_is_active  clib_os.o
    0x000023a8   0x000023a8   0x0000010e   Code   RO          619    .text.prvAddCurrentTaskToDelayedList  tasks.o
    0x000024b6   0x000024b6   0x00000002   PAD
    0x000024b8   0x000024b8   0x00000170   Code   RO          603    .text.prvAddNewTaskToReadyList  tasks.o
    0x00002628   0x00002628   0x0000007e   Code   RO          781    .text.prvCheckForValidListAndQueue  timers.o
    0x000026a6   0x000026a6   0x00000002   PAD
    0x000026a8   0x000026a8   0x0000005a   Code   RO          653    .text.prvCheckTasksWaitingTermination  tasks.o
    0x00002702   0x00002702   0x00000002   PAD
    0x00002704   0x00002704   0x00000042   Code   RO          556    .text.prvCopyDataFromQueue  queue.o
    0x00002746   0x00002746   0x00000002   PAD
    0x00002748   0x00002748   0x000000cc   Code   RO          544    .text.prvCopyDataToQueue  queue.o
    0x00002814   0x00002814   0x000000d8   Code   RO          649    .text.prvCreateIdleTasks  tasks.o
    0x000028ec   0x000028ec   0x000000aa   Code   RO          601    .text.prvCreateStaticTask  tasks.o
    0x00002996   0x00002996   0x00000002   PAD
    0x00002998   0x00002998   0x0000008e   Code   RO          607    .text.prvCreateTask  tasks.o
    0x00002a26   0x00002a26   0x00000002   PAD
    0x00002a28   0x00002a28   0x00000050   Code   RO          613    .text.prvDeleteTCB  tasks.o
    0x00002a78   0x00002a78   0x00000026   Code   RO          560    .text.prvGetHighestPriorityOfWaitToReceiveList  queue.o
    0x00002a9e   0x00002a9e   0x00000002   PAD
    0x00002aa0   0x00002aa0   0x00000040   Code   RO          827    .text.prvGetNextExpireTime  timers.o
    0x00002ae0   0x00002ae0   0x000000aa   Code   RO          478    .text.prvHeapInit   heap_4.o
    0x00002b8a   0x00002b8a   0x00000002   PAD
    0x00002b8c   0x00002b8c   0x00000038   Code   RO          743    .text.prvIdleTask   tasks.o
    0x00002bc4   0x00002bc4   0x0000002c   Code   RO          524    .text.prvInitialiseMutex  queue.o
    0x00002bf0   0x00002bf0   0x00000048   Code   RO          516    .text.prvInitialiseNewQueue  queue.o
    0x00002c38   0x00002c38   0x00000108   Code   RO          739    .text.prvInitialiseNewTask  tasks.o
    0x00002d40   0x00002d40   0x0000008e   Code   RO          741    .text.prvInitialiseTaskLists  tasks.o
    0x00002dce   0x00002dce   0x00000002   PAD
    0x00002dd0   0x00002dd0   0x00000118   Code   RO          482    .text.prvInsertBlockIntoFreeList  heap_4.o
    0x00002ee8   0x00002ee8   0x00000086   Code   RO          841    .text.prvInsertTimerInActiveList  timers.o
    0x00002f6e   0x00002f6e   0x00000002   PAD
    0x00002f70   0x00002f70   0x00000028   Code   RO          558    .text.prvIsQueueEmpty  queue.o
    0x00002f98   0x00002f98   0x0000002e   Code   RO          546    .text.prvIsQueueFull  queue.o
    0x00002fc6   0x00002fc6   0x00000002   PAD
    0x00002fc8   0x00002fc8   0x00000028   Code   RO          454    .text.prvPortStartFirstTask  port.o
    0x00002ff0   0x00002ff0   0x00000054   Code   RO          835    .text.prvProcessExpiredTimer  timers.o
    0x00003044   0x00003044   0x0000017a   Code   RO          831    .text.prvProcessReceivedCommands  timers.o
    0x000031be   0x000031be   0x00000002   PAD
    0x000031c0   0x000031c0   0x0000009a   Code   RO          829    .text.prvProcessTimerOrBlockTask  timers.o
    0x0000325a   0x0000325a   0x00000002   PAD
    0x0000325c   0x0000325c   0x00000034   Code   RO          839    .text.prvReloadTimer  timers.o
    0x00003290   0x00003290   0x0000003c   Code   RO          611    .text.prvResetNextTaskUnblockTime  tasks.o
    0x000032cc   0x000032cc   0x00000044   Code   RO          833    .text.prvSampleTimeNow  timers.o
    0x00003310   0x00003310   0x00000052   Code   RO          837    .text.prvSwitchTimerLists  timers.o
    0x00003362   0x00003362   0x00000002   PAD
    0x00003364   0x00003364   0x0000003e   Code   RO          442    .text.prvTaskExitError  port.o
    0x000033a2   0x000033a2   0x00000002   PAD
    0x000033a4   0x000033a4   0x0000001e   Code   RO          783    .text.prvTimerTask  timers.o
    0x000033c2   0x000033c2   0x00000002   PAD
    0x000033c4   0x000033c4   0x000000ae   Code   RO          548    .text.prvUnlockQueue  queue.o
    0x00003472   0x00003472   0x00000002   PAD
    0x00003474   0x00003474   0x000002b8   Code   RO          476    .text.pvPortMalloc  heap_4.o
    0x0000372c   0x0000372c   0x00000024   Code   RO          717    .text.pvTaskIncrementMutexHeldCount  tasks.o
    0x00003750   0x00003750   0x0000005e   Code   RO          440    .text.pxPortInitialiseStack  port.o
    0x000037ae   0x000037ae   0x00000002   PAD
    0x000037b0   0x000037b0   0x00000068   Code   RO           65    .text.readSpeedADC  drivers.o
    0x00003818   0x00003818   0x0000002c   Code   RO           16    .text.readSpeedTask  safety_tasks.o
    0x00003844   0x00003844   0x00000080   Code   RO           22    .text.rearAssistTask  safety_tasks.o
    0x000038c4   0x000038c4   0x00000036   Code   RO           73    .text.setBuzzerFrequency  drivers.o
    0x000038fa   0x000038fa   0x00000002   PAD
    0x000038fc   0x000038fc   0x00000072   Code   RO           77    .text.setRGBColor   drivers.o
    0x0000396e   0x0000396e   0x00000002   PAD
    0x00003970   0x00003970   0x0000001c   Code   RO            4    .text.setupHardware  main.o
    0x0000398c   0x0000398c   0x00000014   Code   RO           89    .text.unlockDoors   drivers.o
    0x000039a0   0x000039a0   0x00000048   Code   RO          431    .text.uxListRemove  list.o
    0x000039e8   0x000039e8   0x0000002a   Code   RO          733    .text.vApplicationGetIdleTaskMemory  tasks.o
    0x00003a12   0x00003a12   0x00000002   PAD
    0x00003a14   0x00003a14   0x0000002a   Code   RO          735    .text.vApplicationGetTimerTaskMemory  tasks.o
    0x00003a3e   0x00003a3e   0x00000002   PAD
    0x00003a40   0x00003a40   0x00000010   Code   RO          289    .text.vApplicationStackOverflowHook  cmsis_os2.o
    0x00003a50   0x00003a50   0x0000002e   Code   RO          423    .text.vListInitialise  list.o
    0x00003a7e   0x00003a7e   0x00000002   PAD
    0x00003a80   0x00003a80   0x0000000e   Code   RO          425    .text.vListInitialiseItem  list.o
    0x00003a8e   0x00003a8e   0x00000002   PAD
    0x00003a90   0x00003a90   0x0000006a   Code   RO          429    .text.vListInsert   list.o
    0x00003afa   0x00003afa   0x00000002   PAD
    0x00003afc   0x00003afc   0x00000014   Code   RO          452    .text.vPortEnableVFP  port.o
    0x00003b10   0x00003b10   0x00000048   Code   RO          458    .text.vPortEnterCritical  port.o
    0x00003b58   0x00003b58   0x0000003c   Code   RO          460    .text.vPortExitCritical  port.o
    0x00003b94   0x00003b94   0x000000de   Code   RO          480    .text.vPortFree     heap_4.o
    0x00003c72   0x00003c72   0x00000002   PAD
    0x00003c74   0x00003c74   0x00000044   Code   RO          450    .text.vPortSetupTimerInterrupt  port.o
    0x00003cb8   0x00003cb8   0x00000030   Code   RO          574    .text.vQueueDelete  queue.o
    0x00003ce8   0x00003ce8   0x00000064   Code   RO          590    .text.vQueueWaitForMessageRestricted  queue.o
    0x00003d4c   0x00003d4c   0x00000062   Code   RO          623    .text.vTaskDelay    tasks.o
    0x00003dae   0x00003dae   0x00000002   PAD
    0x00003db0   0x00003db0   0x00000024   Code   RO          687    .text.vTaskInternalSetTimeOutState  tasks.o
    0x00003dd4   0x00003dd4   0x0000000e   Code   RO          691    .text.vTaskMissedYield  tasks.o
    0x00003de2   0x00003de2   0x00000002   PAD
    0x00003de4   0x00003de4   0x00000034   Code   RO          675    .text.vTaskPlaceOnEventList  tasks.o
    0x00003e18   0x00003e18   0x00000072   Code   RO          679    .text.vTaskPlaceOnEventListRestricted  tasks.o
    0x00003e8a   0x00003e8a   0x00000002   PAD
    0x00003e8c   0x00003e8c   0x00000166   Code   RO          713    .text.vTaskPriorityDisinheritAfterTimeout  tasks.o
    0x00003ff2   0x00003ff2   0x00000002   PAD
    0x00003ff4   0x00003ff4   0x00000082   Code   RO          647    .text.vTaskStartScheduler  tasks.o
    0x00004076   0x00004076   0x00000002   PAD
    0x00004078   0x00004078   0x00000010   Code   RO          617    .text.vTaskSuspendAll  tasks.o
    0x00004088   0x00004088   0x00000138   Code   RO          639    .text.vTaskSwitchContext  tasks.o
    0x000041c0   0x000041c0   0x000001ac   Code   RO          446    .text.xPortStartScheduler  port.o
    0x0000436c   0x0000436c   0x0000003e   Code   RO          462    .text.xPortSysTickHandler  port.o
    0x000043aa   0x000043aa   0x00000002   PAD
    0x000043ac   0x000043ac   0x00000026   Code   RO          522    .text.xQueueCreateMutex  queue.o
    0x000043d2   0x000043d2   0x00000002   PAD
    0x000043d4   0x000043d4   0x00000032   Code   RO          526    .text.xQueueCreateMutexStatic  queue.o
    0x00004406   0x00004406   0x00000002   PAD
    0x00004408   0x00004408   0x00000094   Code   RO          520    .text.xQueueGenericCreate  queue.o
    0x0000449c   0x0000449c   0x0000009e   Code   RO          514    .text.xQueueGenericCreateStatic  queue.o
    0x0000453a   0x0000453a   0x00000002   PAD
    0x0000453c   0x0000453c   0x000000ec   Code   RO          512    .text.xQueueGenericReset  queue.o
    0x00004628   0x00004628   0x000001f4   Code   RO          534    .text.xQueueGenericSend  queue.o
    0x0000481c   0x0000481c   0x000001b2   Code   RO          554    .text.xQueueReceive  queue.o
    0x000049ce   0x000049ce   0x00000002   PAD
    0x000049d0   0x000049d0   0x000001e6   Code   RO          538    .text.xQueueSemaphoreTake  queue.o
    0x00004bb6   0x00004bb6   0x00000002   PAD
    0x00004bb8   0x00004bb8   0x000000e0   Code   RO          689    .text.xTaskCheckForTimeOut  tasks.o
    0x00004c98   0x00004c98   0x00000052   Code   RO          605    .text.xTaskCreate   tasks.o
    0x00004cea   0x00004cea   0x00000002   PAD
    0x00004cec   0x00004cec   0x0000005c   Code   RO          599    .text.xTaskCreateStatic  tasks.o
    0x00004d48   0x00004d48   0x00000038   Code   RO          707    .text.xTaskGetSchedulerState  tasks.o
    0x00004d80   0x00004d80   0x00000014   Code   RO          657    .text.xTaskGetTickCount  tasks.o
    0x00004d94   0x00004d94   0x00000276   Code   RO          655    .text.xTaskIncrementTick  tasks.o
    0x0000500a   0x0000500a   0x00000002   PAD
    0x0000500c   0x0000500c   0x0000011e   Code   RO          711    .text.xTaskPriorityDisinherit  tasks.o
    0x0000512a   0x0000512a   0x00000002   PAD
    0x0000512c   0x0000512c   0x0000015c   Code   RO          709    .text.xTaskPriorityInherit  tasks.o
    0x00005288   0x00005288   0x000001a2   Code   RO          681    .text.xTaskRemoveFromEventList  tasks.o
    0x0000542a   0x0000542a   0x00000002   PAD
    0x0000542c   0x0000542c   0x00000248   Code   RO          621    .text.xTaskResumeAll  tasks.o
    0x00005674   0x00005674   0x00000086   Code   RO          779    .text.xTimerCreateTimerTask  timers.o
    0x000056fa   0x000056fa   0x0000003e   Code   RO         2361    CL$$btod_d2e        c_w.l(btod.o)
    0x00005738   0x00005738   0x00000046   Code   RO         2363    CL$$btod_d2e_denorm_low  c_w.l(btod.o)
    0x0000577e   0x0000577e   0x00000060   Code   RO         2362    CL$$btod_d2e_norm_op1  c_w.l(btod.o)
    0x000057de   0x000057de   0x00000002   PAD
    0x000057e0   0x000057e0   0x00000338   Code   RO         2371    CL$$btod_div_common  c_w.l(btod.o)
    0x00005b18   0x00005b18   0x000000dc   Code   RO         2368    CL$$btod_e2e        c_w.l(btod.o)
    0x00005bf4   0x00005bf4   0x0000002a   Code   RO         2365    CL$$btod_ediv       c_w.l(btod.o)
    0x00005c1e   0x00005c1e   0x0000002a   Code   RO         2364    CL$$btod_emul       c_w.l(btod.o)
    0x00005c48   0x00005c48   0x00000244   Code   RO         2370    CL$$btod_mult_common  c_w.l(btod.o)
    0x00005e8c   0x00005e8c   0x0000000a   Code   RO          870    i.ADCIntClear       driverlib.lib(adc.o)
    0x00005e96   0x00005e96   0x00000034   Code   RO          877    i.ADCIntStatus      driverlib.lib(adc.o)
    0x00005eca   0x00005eca   0x0000001a   Code   RO          882    i.ADCProcessorTrigger  driverlib.lib(adc.o)
    0x00005ee4   0x00005ee4   0x00000060   Code   RO          885    i.ADCSequenceConfigure  driverlib.lib(adc.o)
    0x00005f44   0x00005f44   0x00000024   Code   RO          888    i.ADCSequenceDataGet  driverlib.lib(adc.o)
    0x00005f68   0x00005f68   0x0000000e   Code   RO          890    i.ADCSequenceEnable  driverlib.lib(adc.o)
    0x00005f76   0x00005f76   0x0000009a   Code   RO          893    i.ADCSequenceStepConfigure  driverlib.lib(adc.o)
    0x00006010   0x00006010   0x00000028   Code   RO         1143    i.GPIODirModeSet    driverlib.lib(gpio.o)
    0x00006038   0x00006038   0x00000006   Code   RO         1144    i.GPIOIntClear      driverlib.lib(gpio.o)
    0x0000603e   0x0000603e   0x0000000e   Code   RO         1145    i.GPIOIntDisable    driverlib.lib(gpio.o)
    0x0000604c   0x0000604c   0x0000000c   Code   RO         1146    i.GPIOIntEnable     driverlib.lib(gpio.o)
    0x00006058   0x00006058   0x0000001a   Code   RO         1147    i.GPIOIntRegister   driverlib.lib(gpio.o)
    0x00006072   0x00006072   0x0000000e   Code   RO         1149    i.GPIOIntStatus     driverlib.lib(gpio.o)
    0x00006080   0x00006080   0x00000050   Code   RO         1151    i.GPIOIntTypeSet    driverlib.lib(gpio.o)
    0x000060d0   0x000060d0   0x00000170   Code   RO         1155    i.GPIOPadConfigSet  driverlib.lib(gpio.o)
    0x00006240   0x00006240   0x00000044   Code   RO         1156    i.GPIOPinConfigure  driverlib.lib(gpio.o)
    0x00006284   0x00006284   0x00000006   Code   RO         1157    i.GPIOPinRead       driverlib.lib(gpio.o)
    0x0000628a   0x0000628a   0x0000001c   Code   RO         1166    i.GPIOPinTypeGPIOInput  driverlib.lib(gpio.o)
    0x000062a6   0x000062a6   0x0000001c   Code   RO         1167    i.GPIOPinTypeGPIOOutput  driverlib.lib(gpio.o)
    0x000062c2   0x000062c2   0x0000001c   Code   RO         1177    i.GPIOPinTypeTimer  driverlib.lib(gpio.o)
    0x000062de   0x000062de   0x00000006   Code   RO         1185    i.GPIOPinWrite      driverlib.lib(gpio.o)
    0x000062e4   0x000062e4   0x00000064   Code   RO         2058    i.IntEnable         driverlib.lib(interrupt.o)
    0x00006348   0x00006348   0x00000034   Code   RO         2070    i.IntRegister       driverlib.lib(interrupt.o)
    0x0000637c   0x0000637c   0x00000154   Code   RO         1454    i.SysCtlClockGet    driverlib.lib(sysctl.o)
    0x000064d0   0x000064d0   0x00000028   Code   RO         1485    i.SysCtlPeripheralEnable  driverlib.lib(sysctl.o)
    0x000064f8   0x000064f8   0x0000002c   Code   RO         1489    i.SysCtlPeripheralReady  driverlib.lib(sysctl.o)
    0x00006524   0x00006524   0x00000060   Code   RO         1809    i.TimerConfigure    driverlib.lib(timer.o)
    0x00006584   0x00006584   0x00000012   Code   RO         1810    i.TimerControlEvent  driverlib.lib(timer.o)
    0x00006596   0x00006596   0x0000000e   Code   RO         1818    i.TimerEnable       driverlib.lib(timer.o)
    0x000065a4   0x000065a4   0x00000004   Code   RO         1819    i.TimerIntClear     driverlib.lib(timer.o)
    0x000065a8   0x000065a8   0x0000000a   Code   RO         1823    i.TimerIntStatus    driverlib.lib(timer.o)
    0x000065b2   0x000065b2   0x0000000a   Code   RO         1841    i.TimerValueGet     driverlib.lib(timer.o)
    0x000065bc   0x000065bc   0x00000050   Code   RO         1187    i._GPIOIntNumberGet  driverlib.lib(gpio.o)
    0x0000660c   0x0000660c   0x00000030   Code   RO         2396    i.__ARM_fpclassify  m_wm.l(fpclassify.o)
    0x0000663c   0x0000663c   0x0000000e   Code   RO         2260    i._is_digit         c_w.l(__printf_wp.o)
    0x0000664a   0x0000664a   0x00000002   PAD
    0x0000664c   0x0000664c   0x0000002c   Code   RO         2386    locale$$code        c_w.l(lc_numeric_c.o)
    0x00006678   0x00006678   0x0000002c   Code   RO         2406    locale$$code        c_w.l(lc_ctype_c.o)
    0x000066a4   0x000066a4   0x000002b4   Code   RO         2184    x$fpl$ddiv          fz_wm.l(ddiv.o)
    0x00006958   0x00006958   0x0000005e   Code   RO         2187    x$fpl$dfix          fz_wm.l(dfix.o)
    0x000069b6   0x000069b6   0x00000026   Code   RO         2191    x$fpl$dfltu         fz_wm.l(dflt_clz.o)
    0x000069dc   0x000069dc   0x00000154   Code   RO         2197    x$fpl$dmul          fz_wm.l(dmul.o)
    0x00006b30   0x00006b30   0x0000009c   Code   RO         2297    x$fpl$dnaninf       fz_wm.l(dnaninf.o)
    0x00006bcc   0x00006bcc   0x0000000c   Code   RO         2299    x$fpl$dretinf       fz_wm.l(dretinf.o)
    0x00006bd8   0x00006bd8   0x0000001a   Code   RO         2199    x$fpl$fpinit        fz_wm.l(fpinit.o)
    0x00006bf2   0x00006bf2   0x00000004   Code   RO         2301    x$fpl$printf1       fz_wm.l(printf1.o)
    0x00006bf6   0x00006bf6   0x00000004   Code   RO         2303    x$fpl$printf2       fz_wm.l(printf2.o)
    0x00006bfa   0x00006bfa   0x00000000   Code   RO         2309    x$fpl$usenofp       fz_wm.l(usenofp.o)
    0x00006bfa   0x00006bfa   0x00000002   PAD
    0x00006bfc   0x00006bfc   0x00000228   Data   RO         1188    .constdata          driverlib.lib(gpio.o)
    0x00006e24   0x00006e24   0x00000254   Data   RO         1507    .constdata          driverlib.lib(sysctl.o)
    0x00007078   0x00007078   0x0000010c   Data   RO         2074    .constdata          driverlib.lib(interrupt.o)
    0x00007184   0x00007184   0x00000008   Data   RO         2219    .constdata          c_w.l(_printf_wctomb.o)
    0x0000718c   0x0000718c   0x00000028   Data   RO         2248    .constdata          c_w.l(_printf_hex_int_ll_ptr.o)
    0x000071b4   0x000071b4   0x00000011   Data   RO         2268    .constdata          c_w.l(__printf_flags_ss_wp.o)
    0x000071c5   0x000071c5   0x00000026   Data   RO         2334    .constdata          c_w.l(_printf_fp_hex.o)
    0x000071eb   0x000071eb   0x00000001   PAD
    0x000071ec   0x000071ec   0x00000094   Data   RO         2359    .constdata          c_w.l(bigflt0.o)
    0x00007280   0x00007280   0x0000005d   Data   RO           30    .rodata.str1.1      safety_tasks.o
    0x000072dd   0x000072dd   0x00000005   Data   RO          771    .rodata.str1.1      tasks.o
    0x000072e2   0x000072e2   0x00000008   Data   RO          844    .rodata.str1.1      timers.o
    0x000072ea   0x000072ea   0x00000002   PAD
    0x000072ec   0x000072ec   0x00000004   Data   RO          762    .rodata.uxTopUsedPriority  tasks.o
    0x000072f0   0x000072f0   0x00000020   Data   RO         2539    Region$$Table       anon$$obj.o
    0x00007310   0x00007310   0x0000001c   Data   RO         2385    locale$$data        c_w.l(lc_numeric_c.o)
    0x0000732c   0x0000732c   0x00000110   Data   RO         2405    locale$$data        c_w.l(lc_ctype_c.o)


    Execution Region ER_RW (Exec base: 0x20000000, Load base: 0x00007800, Size: 0x0000066c, Max: 0xffffffff, ABSOLUTE, COMPRESSED[0x00000018])

    Exec Addr    Load Addr    Size         Type   Attr      Idx    E Section Name        Object

    0x20000000   COMPRESSED   0x00000004   Data   RW          375    .data.SystemCoreClock  system_tm4c123.o
    0x20000004   COMPRESSED   0x00000004   Data   RW          468    .data.uxCriticalNesting  port.o
    0x20000008   COMPRESSED   0x000003f8   PAD
    0x20000400   COMPRESSED   0x0000026c   Data   RW         2075    vtable              driverlib.lib(interrupt.o)


    Execution Region ER_ZI (Exec base: 0x20000670, Load base: 0x00007818, Size: 0x00002ee0, Max: 0xffffffff, ABSOLUTE)

    Exec Addr    Load Addr    Size         Type   Attr      Idx    E Section Name        Object

    0x20000670        -       0x00000060   Zero   RW         2399    .bss                c_w.l(libspace.o)
    0x200006d0        -       0x00000190   Zero   RW          127    .bss.clib_mutex_cb  clib_os.o
    0x20000860        -       0x00000014   Zero   RW          126    .bss.clib_mutex_id  clib_os.o
    0x20000874        -       0x00000004   Zero   RW           29    .bss.distanceQueue  safety_tasks.o
    0x20000878        -       0x00000004   Zero   RW           26    .bss.doorLocked     safety_tasks.o
    0x2000087c        -       0x00000004   Zero   RW           98    .bss.driverDoorState  drivers.o
    0x20000880        -       0x00000004   Zero   RW           97    .bss.ignitionState  drivers.o
    0x20000884        -       0x00000004   Zero   RW           27    .bss.lcdMutex       safety_tasks.o
    0x20000888        -       0x00000004   Zero   RW           95    .bss.manualLockFlag  drivers.o
    0x2000088c        -       0x00000004   Zero   RW           96    .bss.manualUnlockFlag  drivers.o
    0x20000890        -       0x00000050   Zero   RW          852    .bss.prvCheckForValidListAndQueue.ucStaticTimerQueueStorage  timers.o
    0x200008e0        -       0x00000050   Zero   RW          851    .bss.prvCheckForValidListAndQueue.xStaticTimerQueue  timers.o
    0x20000930        -       0x00000004   Zero   RW          848    .bss.prvSampleTimeNow.xLastTime  timers.o
    0x20000934        -       0x00000004   Zero   RW          745    .bss.pxCurrentTCB   tasks.o
    0x20000938        -       0x00000004   Zero   RW          846    .bss.pxCurrentTimerList  timers.o
    0x2000093c        -       0x00000004   Zero   RW          753    .bss.pxDelayedTaskList  tasks.o
    0x20000940        -       0x00000004   Zero   RW          498    .bss.pxEnd          heap_4.o
    0x20000944        -       0x00000004   Zero   RW          754    .bss.pxOverflowDelayedTaskList  tasks.o
    0x20000948        -       0x00000004   Zero   RW          847    .bss.pxOverflowTimerList  timers.o
    0x2000094c        -       0x00000460   Zero   RW          757    .bss.pxReadyTasksLists  tasks.o
    0x20000dac        -       0x00000004   Zero   RW           28    .bss.speedQueue     safety_tasks.o
    0x20000db0        -       0x00002000   Zero   RW          501    .bss.ucHeap         heap_4.o
    0x20002db0        -       0x00000001   Zero   RW          466    .bss.ucMaxSysCallPriority  port.o
    0x20002db1   0x00007818   0x00000003   PAD
    0x20002db4        -       0x00000004   Zero   RW          467    .bss.ulMaxPRIGROUPValue  port.o
    0x20002db8        -       0x00000004   Zero   RW          750    .bss.uxCurrentNumberOfTasks  tasks.o
    0x20002dbc        -       0x00000004   Zero   RW          749    .bss.uxDeletedTasksWaitingCleanUp  tasks.o
    0x20002dc0        -       0x00000004   Zero   RW          751    .bss.uxSchedulerSuspended  tasks.o
    0x20002dc4        -       0x00000004   Zero   RW          746    .bss.uxTaskNumber   tasks.o
    0x20002dc8        -       0x00000004   Zero   RW          758    .bss.uxTopReadyPriority  tasks.o
    0x20002dcc        -       0x00000200   Zero   RW          766    .bss.vApplicationGetIdleTaskMemory.uxIdleTaskStack  tasks.o
    0x20002fcc        -       0x0000005c   Zero   RW          765    .bss.vApplicationGetIdleTaskMemory.xIdleTaskTCB  tasks.o
    0x20003028        -       0x00000200   Zero   RW          768    .bss.vApplicationGetTimerTaskMemory.uxTimerTaskStack  tasks.o
    0x20003228        -       0x0000005c   Zero   RW          767    .bss.vApplicationGetTimerTaskMemory.xTimerTaskTCB  tasks.o
    0x20003284        -       0x00000014   Zero   RW          849    .bss.xActiveTimerList1  timers.o
    0x20003298        -       0x00000014   Zero   RW          850    .bss.xActiveTimerList2  timers.o
    0x200032ac        -       0x00000014   Zero   RW          769    .bss.xDelayedTaskList1  tasks.o
    0x200032c0        -       0x00000014   Zero   RW          770    .bss.xDelayedTaskList2  tasks.o
    0x200032d4        -       0x00000004   Zero   RW          499    .bss.xFreeBytesRemaining  heap_4.o
    0x200032d8        -       0x00000004   Zero   RW          761    .bss.xIdleTaskHandles  tasks.o
    0x200032dc        -       0x00000004   Zero   RW          502    .bss.xMinimumEverFreeBytesRemaining  heap_4.o
    0x200032e0        -       0x00000004   Zero   RW          760    .bss.xNextTaskUnblockTime  tasks.o
    0x200032e4        -       0x00000004   Zero   RW          764    .bss.xNumOfOverflows  tasks.o
    0x200032e8        -       0x00000004   Zero   RW          503    .bss.xNumberOfSuccessfulAllocations  heap_4.o
    0x200032ec        -       0x00000004   Zero   RW          504    .bss.xNumberOfSuccessfulFrees  heap_4.o
    0x200032f0        -       0x00000004   Zero   RW          763    .bss.xPendedTicks   tasks.o
    0x200032f4        -       0x00000014   Zero   RW          755    .bss.xPendingReadyList  tasks.o
    0x20003308        -       0x00000004   Zero   RW          747    .bss.xSchedulerRunning  tasks.o
    0x2000330c        -       0x00000008   Zero   RW          500    .bss.xStart         heap_4.o
    0x20003314        -       0x00000014   Zero   RW          756    .bss.xSuspendedTaskList  tasks.o
    0x20003328        -       0x00000014   Zero   RW          748    .bss.xTasksWaitingTermination  tasks.o
    0x2000333c        -       0x00000004   Zero   RW          752    .bss.xTickCount     tasks.o
    0x20003340        -       0x00000004   Zero   RW          843    .bss.xTimerQueue    timers.o
    0x20003344        -       0x00000004   Zero   RW          845    .bss.xTimerTaskHandle  timers.o
    0x20003348        -       0x00000004   Zero   RW          759    .bss.xYieldPendings  tasks.o
    0x2000334c   0x00007818   0x00000004   PAD
    0x20003350        -       0x00000000   Zero   RW          360    HEAP                startup_tm4c123.o
    0x20003350        -       0x00000200   Zero   RW          359    STACK               startup_tm4c123.o


==============================================================================

Image component sizes


      Code (inc. data)   RO Data    RW Data    ZI Data      Debug   Object Name

       422          0          0          0        420       4372   clib_os.o
        46          0          0          0          0      29943   cmsis_os2.o
      1286         16          0          0         16       2932   drivers.o
      1368          0          0          0       8220       4896   heap_4.o
       542          0          0          0          0       1509   lcd.o
       238          0          0          0          0       2408   list.o
        52          0          0          0          0        556   main.o
      1034         16          0          4          5       3793   port.o
      2882          0          0          0          0      15524   queue.o
       830          0         93          0         16       2530   safety_tasks.o
       276         24        620          0        512       5544   startup_tm4c123.o
       268          0          0          4          0       6860   system_tm4c123.o
      5848          0          9          0       2488      28030   tasks.o
      1306         10          8          0        220      11538   timers.o

    ----------------------------------------------------------------------
     16510         66        764       1024      11904     120435   Object Totals
         0          0         32          0          0          0   (incl. Generated)
       112          0          2       1016          7          0   (incl. Padding)

    ----------------------------------------------------------------------

      Code (inc. data)   RO Data    RW Data    ZI Data      Debug   Library Member Name

        58          0          0          0          0          0   __dczerorl.o
         8          0          0          0          0         68   __main.o
       392          4         17          0          0         92   __printf_flags_ss_wp.o
        14          0          0          0          0         68   __printf_wp.o
         0          0          0          0          0          0   __rtentry.o
        20          0          0          0          0          0   __rtentry2.o
         6          0          0          0          0          0   __rtentry4.o
        52          8          0          0          0          0   __scatter.o
        28          0          0          0          0          0   __scatter_zi.o
        72          0          0          0          0         96   _c16rtomb.o
         6          0          0          0          0          0   _printf_a.o
         6          0          0          0          0          0   _printf_c.o
        44          0          0          0          0        108   _printf_char.o
        48          6          0          0          0         96   _printf_char_common.o
        40          0          0          0          0         68   _printf_charcount.o
         6          0          0          0          0          0   _printf_d.o
       120         16          0          0          0         92   _printf_dec.o
         6          0          0          0          0          0   _printf_e.o
         6          0          0          0          0          0   _printf_f.o
      1052          0          0          0          0        148   _printf_fp_dec.o
       764          8         38          0          0        100   _printf_fp_hex.o
       128         16          0          0          0         84   _printf_fp_infnan.o
         6          0          0          0          0          0   _printf_g.o
       148          4         40          0          0        160   _printf_hex_int_ll_ptr.o
         6          0          0          0          0          0   _printf_i.o
       178          0          0          0          0         88   _printf_intcommon.o
        10          0          0          0          0          0   _printf_l.o
         6          0          0          0          0          0   _printf_lc.o
        10          0          0          0          0          0   _printf_ll.o
         6          0          0          0          0          0   _printf_lld.o
         6          0          0          0          0          0   _printf_lli.o
         6          0          0          0          0          0   _printf_llo.o
         6          0          0          0          0          0   _printf_llu.o
         6          0          0          0          0          0   _printf_llx.o
       124         16          0          0          0         92   _printf_longlong_dec.o
         6          0          0          0          0          0   _printf_ls.o
         6          0          0          0          0          0   _printf_n.o
         6          0          0          0          0          0   _printf_o.o
       112          8          0          0          0        124   _printf_oct_int_ll.o
         6          0          0          0          0          0   _printf_p.o
        78          0          0          0          0        108   _printf_pad.o
         0          0          0          0          0          0   _printf_percent.o
         4          0          0          0          0          0   _printf_percent_end.o
         6          0          0          0          0          0   _printf_s.o
        82          0          0          0          0         80   _printf_str.o
        36          0          0          0          0         84   _printf_truncate.o
         6          0          0          0          0          0   _printf_u.o
        44          0          0          0          0        108   _printf_wchar.o
       188          6          8          0          0         92   _printf_wctomb.o
         6          0          0          0          0          0   _printf_x.o
        10          0          0          0          0         68   _sputc.o
        16          0          0          0          0         68   aeabi_memset4.o
       228          4        148          0          0         96   bigflt0.o
      1936        128          0          0          0        668   btod.o
        18          0          0          0          0         80   exit.o
         6          0          0          0          0        152   heapauxi.o
         0          0          0          0          0          0   indicate_semi.o
        44         10        272          0          0         76   lc_ctype_c.o
        44         10         28          0          0         76   lc_numeric_c.o
         2          0          0          0          0          0   libinit.o
        34          0          0          0          0          0   libinit2.o
         2          0          0          0          0          0   libshutdown.o
         2          0          0          0          0          0   libshutdown2.o
         8          4          0          0         96         68   libspace.o
       138          0          0          0          0         80   lludiv10.o
        16          4          0          0          0         76   rt_ctype_table.o
        10          0          0          0          0         76   rt_locale_twolibspace.o
        68          0          0          0          0         68   rt_memclr.o
        78          0          0          0          0         80   rt_memclr_w.o
       138          0          0          0          0         68   rt_memcpy_v6.o
       100          0          0          0          0         80   rt_memcpy_w.o
         2          0          0          0          0          0   rtexit.o
        10          0          0          0          0          0   rtexit2.o
        44          6          0          0          0         84   sprintf.o
       124          0          0          0          0         88   strcmpv7em.o
        12          4          0          0          0         68   sys_exit.o
        74          0          0          0          0         80   sys_stackheap_outer.o
         2          0          0          0          0         68   use_no_semi.o
       388          0          0          0          0       9638   adc.o
       804         40        552          0          0       9349   gpio.o
       152         16        268        620          0       2150   interrupt.o
       430         44        596          0          0       4054   sysctl.o
       152          8          0          0          0       3132   timer.o
       692        140          0          0          0        264   ddiv.o
        94          4          0          0          0        140   dfix.o
        38          0          0          0          0        116   dflt_clz.o
       340         12          0          0          0        152   dmul.o
       156          4          0          0          0        140   dnaninf.o
        12          0          0          0          0        116   dretinf.o
        26          0          0          0          0        116   fpinit.o
         4          0          0          0          0        116   printf1.o
         4          0          0          0          0        116   printf2.o
         0          0          0          0          0          0   usenofp.o
        48          0          0          0          0        124   fpclassify.o

    ----------------------------------------------------------------------
     10514        530       1968        620         96      33947   Library Totals
        28          0          1          0          0          0   (incl. Padding)

    ----------------------------------------------------------------------

      Code (inc. data)   RO Data    RW Data    ZI Data      Debug   Library Name

      7146        262        551          0         96       4224   c_w.l
      1926        108       1416        620          0      28323   driverlib.lib
      1366        160          0          0          0       1276   fz_wm.l
        48          0          0          0          0        124   m_wm.l

    ----------------------------------------------------------------------
     10514        530       1968        620         96      33947   Library Totals

    ----------------------------------------------------------------------

==============================================================================


      Code (inc. data)   RO Data    RW Data    ZI Data      Debug   

     27024        596       2732       1644      12000     148054   Grand Totals
     27024        596       2732         24      12000     148054   ELF Image Totals (compressed)
     27024        596       2732         24          0          0   ROM Totals

==============================================================================

    Total RO  Size (Code + RO Data)                29756 (  29.06kB)
    Total RW  Size (RW Data + ZI Data)             13644 (  13.32kB)
    Total ROM Size (Code + RO Data + RW Data)      29780 (  29.08kB)

==============================================================================

