Component: Arm Compiler for Embedded 6.19 Tool: armlink [5e73cb00]

==============================================================================

Section Cross References

    main.o(.text.main) refers to drivers.o(.text.initSwitches) for initSwitches
    main.o(.text.main) refers to drivers.o(.text.initDoorLockLed) for initDoorLockLed
    main.o(.text.main) refers to drivers.o(.text.initADC) for initADC
    main.o(.text.main) refers to drivers.o(.text.initUltrasonic) for initUltrasonic
    main.o(.text.main) refers to lcd.o(.text.initLCD) for initLCD
    main.o(.text.main) refers to drivers.o(.text.initBuzzer) for initBuzzer
    main.o(.text.main) refers to drivers.o(.text.initRGB) for initRGB
    main.o(.text.main) refers to safety_tasks.o(.text.createSafetyTasks) for createSafetyTasks
    main.o(.text.main) refers to tasks.o(.text.vTaskStartScheduler) for vTaskStartScheduler
    main.o(.ARM.exidx.text.main) refers to main.o(.text.main) for [Anonymous Symbol]
    main.o(.text.setupHardware) refers to drivers.o(.text.initSwitches) for initSwitches
    main.o(.text.setupHardware) refers to drivers.o(.text.initDoorLockLed) for initDoorLockLed
    main.o(.text.setupHardware) refers to drivers.o(.text.initADC) for initADC
    main.o(.text.setupHardware) refers to drivers.o(.text.initUltrasonic) for initUltrasonic
    main.o(.text.setupHardware) refers to lcd.o(.text.initLCD) for initLCD
    main.o(.text.setupHardware) refers to drivers.o(.text.initBuzzer) for initBuzzer
    main.o(.text.setupHardware) refers to drivers.o(.text.initRGB) for initRGB
    main.o(.ARM.exidx.text.setupHardware) refers to main.o(.text.setupHardware) for [Anonymous Symbol]
    safety_tasks.o(.text) refers (Special) to _printf_percent.o(.ARM.Collect$$_printf_percent$$00000000) for _printf_percent
    safety_tasks.o(.text) refers (Special) to _printf_pad.o(.text) for _printf_pre_padding
    safety_tasks.o(.text) refers (Special) to _printf_c.o(.ARM.Collect$$_printf_percent$$00000013) for _printf_c
    safety_tasks.o(.text) refers (Special) to _printf_d.o(.ARM.Collect$$_printf_percent$$00000009) for _printf_d
    safety_tasks.o(.text) refers (Special) to _printf_dec.o(.text) for _printf_int_dec
    safety_tasks.o(.text) refers (Special) to _printf_str.o(.text) for _printf_str
    safety_tasks.o(.text.createSafetyTasks) refers (Special) to _printf_percent.o(.ARM.Collect$$_printf_percent$$00000000) for _printf_percent
    safety_tasks.o(.text.createSafetyTasks) refers (Special) to _printf_pad.o(.text) for _printf_pre_padding
    safety_tasks.o(.text.createSafetyTasks) refers (Special) to _printf_c.o(.ARM.Collect$$_printf_percent$$00000013) for _printf_c
    safety_tasks.o(.text.createSafetyTasks) refers (Special) to _printf_d.o(.ARM.Collect$$_printf_percent$$00000009) for _printf_d
    safety_tasks.o(.text.createSafetyTasks) refers (Special) to _printf_dec.o(.text) for _printf_int_dec
    safety_tasks.o(.text.createSafetyTasks) refers (Special) to _printf_str.o(.text) for _printf_str
    safety_tasks.o(.text.createSafetyTasks) refers to queue.o(.text.xQueueCreateMutex) for xQueueCreateMutex
    safety_tasks.o(.text.createSafetyTasks) refers to safety_tasks.o(.bss.lcdMutex) for lcdMutex
    safety_tasks.o(.text.createSafetyTasks) refers to queue.o(.text.xQueueGenericCreate) for xQueueGenericCreate
    safety_tasks.o(.text.createSafetyTasks) refers to safety_tasks.o(.bss.speedQueue) for speedQueue
    safety_tasks.o(.text.createSafetyTasks) refers to safety_tasks.o(.bss.distanceQueue) for distanceQueue
    safety_tasks.o(.text.createSafetyTasks) refers to safety_tasks.o(.text.doorTask) for doorTask
    safety_tasks.o(.text.createSafetyTasks) refers to tasks.o(.text.xTaskCreate) for xTaskCreate
    safety_tasks.o(.text.createSafetyTasks) refers to safety_tasks.o(.text.rearAssistTask) for rearAssistTask
    safety_tasks.o(.text.createSafetyTasks) refers to safety_tasks.o(.text.lcdUpdateTask) for lcdUpdateTask
    safety_tasks.o(.ARM.exidx.text.createSafetyTasks) refers (Special) to _printf_percent.o(.ARM.Collect$$_printf_percent$$00000000) for _printf_percent
    safety_tasks.o(.ARM.exidx.text.createSafetyTasks) refers (Special) to _printf_pad.o(.text) for _printf_pre_padding
    safety_tasks.o(.ARM.exidx.text.createSafetyTasks) refers (Special) to _printf_c.o(.ARM.Collect$$_printf_percent$$00000013) for _printf_c
    safety_tasks.o(.ARM.exidx.text.createSafetyTasks) refers (Special) to _printf_d.o(.ARM.Collect$$_printf_percent$$00000009) for _printf_d
    safety_tasks.o(.ARM.exidx.text.createSafetyTasks) refers (Special) to _printf_dec.o(.text) for _printf_int_dec
    safety_tasks.o(.ARM.exidx.text.createSafetyTasks) refers (Special) to _printf_str.o(.text) for _printf_str
    safety_tasks.o(.ARM.exidx.text.createSafetyTasks) refers to safety_tasks.o(.text.createSafetyTasks) for [Anonymous Symbol]
    safety_tasks.o(.text.doorTask) refers (Special) to _printf_percent.o(.ARM.Collect$$_printf_percent$$00000000) for _printf_percent
[...]
    [Anonymous Symbol]                       0x20000892   Section        0  safety_tasks.o(.bss.lcdUpdateTask.wasOn)
    prvCheckForValidListAndQueue.ucStaticTimerQueueStorage 0x20000895   Data          80  timers.o(.bss.prvCheckForValidListAndQueue.ucStaticTimerQueueStorage)
    [Anonymous Symbol]                       0x20000895   Section        0  timers.o(.bss.prvCheckForValidListAndQueue.ucStaticTimerQueueStorage)
    prvCheckForValidListAndQueue.xStaticTimerQueue 0x200008e8   Data          80  timers.o(.bss.prvCheckForValidListAndQueue.xStaticTimerQueue)
    [Anonymous Symbol]                       0x200008e8   Section        0  timers.o(.bss.prvCheckForValidListAndQueue.xStaticTimerQueue)
    prvSampleTimeNow.xLastTime               0x20000938   Data           4  timers.o(.bss.prvSampleTimeNow.xLastTime)
    [Anonymous Symbol]                       0x20000938   Section        0  timers.o(.bss.prvSampleTimeNow.xLastTime)
    __tagsym$$used.1                         0x20000944   Number         0  tasks.o(.bss.pxCurrentTCB)
    pxCurrentTimerList                       0x20000948   Data           4  timers.o(.bss.pxCurrentTimerList)
    [Anonymous Symbol]                       0x20000948   Section        0  timers.o(.bss.pxCurrentTimerList)
    pxDelayedTaskList                        0x2000094c   Data           4  tasks.o(.bss.pxDelayedTaskList)
    [Anonymous Symbol]                       0x2000094c   Section        0  tasks.o(.bss.pxDelayedTaskList)
    pxEnd                                    0x20000950   Data           4  heap_4.o(.bss.pxEnd)
    [Anonymous Symbol]                       0x20000950   Section        0  heap_4.o(.bss.pxEnd)
    pxOverflowDelayedTaskList                0x20000954   Data           4  tasks.o(.bss.pxOverflowDelayedTaskList)
    [Anonymous Symbol]                       0x20000954   Section        0  tasks.o(.bss.pxOverflowDelayedTaskList)
    pxOverflowTimerList                      0x20000958   Data           4  timers.o(.bss.pxOverflowTimerList)
    [Anonymous Symbol]                       0x20000958   Section        0  timers.o(.bss.pxOverflowTimerList)
    pxReadyTasksLists                        0x2000095c   Data        1120  tasks.o(.bss.pxReadyTasksLists)
    [Anonymous Symbol]                       0x2000095c   Section        0  tasks.o(.bss.pxReadyTasksLists)
    ucHeap                                   0x20000dc4   Data        8192  heap_4.o(.bss.ucHeap)
    [Anonymous Symbol]                       0x20000dc4   Section        0  heap_4.o(.bss.ucHeap)
    ucMaxSysCallPriority                     0x20002dc4   Data           1  port.o(.bss.ucMaxSysCallPriority)
    [Anonymous Symbol]                       0x20002dc4   Section        0  port.o(.bss.ucMaxSysCallPriority)
    ulMaxPRIGROUPValue                       0x20002dc8   Data           4  port.o(.bss.ulMaxPRIGROUPValue)
    [Anonymous Symbol]                       0x20002dc8   Section        0  port.o(.bss.ulMaxPRIGROUPValue)
    uxCurrentNumberOfTasks                   0x20002dcc   Data           4  tasks.o(.bss.uxCurrentNumberOfTasks)
    [Anonymous Symbol]                       0x20002dcc   Section        0  tasks.o(.bss.uxCurrentNumberOfTasks)
    uxDeletedTasksWaitingCleanUp             0x20002dd0   Data           4  tasks.o(.bss.uxDeletedTasksWaitingCleanUp)
    [Anonymous Symbol]                       0x20002dd0   Section        0  tasks.o(.bss.uxDeletedTasksWaitingCleanUp)
    uxSchedulerSuspended                     0x20002dd4   Data           4  tasks.o(.bss.uxSchedulerSuspended)
    [Anonymous Symbol]                       0x20002dd4   Section        0  tasks.o(.bss.uxSchedulerSuspended)
    uxTaskNumber                             0x20002dd8   Data           4  tasks.o(.bss.uxTaskNumber)
    [Anonymous Symbol]                       0x20002dd8   Section        0  tasks.o(.bss.uxTaskNumber)
    uxTopReadyPriority                       0x20002ddc   Data           4  tasks.o(.bss.uxTopReadyPriority)
    [Anonymous Symbol]                       0x20002ddc   Section        0  tasks.o(.bss.uxTopReadyPriority)
    vApplicationGetIdleTaskMemory.uxIdleTaskStack 0x20002de0   Data         512  tasks.o(.bss.vApplicationGetIdleTaskMemory.uxIdleTaskStack)
    [Anonymous Symbol]                       0x20002de0   Section        0  tasks.o(.bss.vApplicationGetIdleTaskMemory.uxIdleTaskStack)
    vApplicationGetIdleTaskMemory.xIdleTaskTCB 0x20002fe0   Data          92  tasks.o(.bss.vApplicationGetIdleTaskMemory.xIdleTaskTCB)
    [Anonymous Symbol]                       0x20002fe0   Section        0  tasks.o(.bss.vApplicationGetIdleTaskMemory.xIdleTaskTCB)
    vApplicationGetTimerTaskMemory.uxTimerTaskStack 0x2000303c   Data         512  tasks.o(.bss.vApplicationGetTimerTaskMemory.uxTimerTaskStack)
    [Anonymous Symbol]                       0x2000303c   Section        0  tasks.o(.bss.vApplicationGetTimerTaskMemory.uxTimerTaskStack)
    vApplicationGetTimerTaskMemory.xTimerTaskTCB 0x2000323c   Data          92  tasks.o(.bss.vApplicationGetTimerTaskMemory.xTimerTaskTCB)
    [Anonymous Symbol]                       0x2000323c   Section        0  tasks.o(.bss.vApplicationGetTimerTaskMemory.xTimerTaskTCB)
    xActiveTimerList1                        0x20003298   Data          20  timers.o(.bss.xActiveTimerList1)
    [Anonymous Symbol]                       0x20003298   Section        0  timers.o(.bss.xActiveTimerList1)
    xActiveTimerList2                        0x200032ac   Data          20  timers.o(.bss.xActiveTimerList2)
    [Anonymous Symbol]                       0x200032ac   Section        0  timers.o(.bss.xActiveTimerList2)
    xDelayedTaskList1                        0x200032c0   Data          20  tasks.o(.bss.xDelayedTaskList1)
    [Anonymous Symbol]                       0x200032c0   Section        0  tasks.o(.bss.xDelayedTaskList1)
    xDelayedTaskList2                        0x200032d4   Data          20  tasks.o(.bss.xDelayedTaskList2)
    [Anonymous Symbol]                       0x200032d4   Section        0  tasks.o(.bss.xDelayedTaskList2)
    xFreeBytesRemaining                      0x200032e8   Data           4  heap_4.o(.bss.xFreeBytesRemaining)
    [Anonymous Symbol]                       0x200032e8   Section        0  heap_4.o(.bss.xFreeBytesRemaining)
    xIdleTaskHandles.0                       0x200032ec   Data           4  tasks.o(.bss.xIdleTaskHandles.0)
    [Anonymous Symbol]                       0x200032ec   Section        0  tasks.o(.bss.xIdleTaskHandles.0)
    xMinimumEverFreeBytesRemaining           0x200032f0   Data           4  heap_4.o(.bss.xMinimumEverFreeBytesRemaining)
    [Anonymous Symbol]                       0x200032f0   Section        0  heap_4.o(.bss.xMinimumEverFreeBytesRemaining)
    xNextTaskUnblockTime                     0x200032f4   Data           4  tasks.o(.bss.xNextTaskUnblockTime)
    [Anonymous Symbol]                       0x200032f4   Section        0  tasks.o(.bss.xNextTaskUnblockTime)
    xNumOfOverflows                          0x200032f8   Data           4  tasks.o(.bss.xNumOfOverflows)
    [Anonymous Symbol]                       0x200032f8   Section        0  tasks.o(.bss.xNumOfOverflows)
    xNumberOfSuccessfulAllocations           0x200032fc   Data           4  heap_4.o(.bss.xNumberOfSuccessfulAllocations)
    [Anonymous Symbol]                       0x200032fc   Section        0  heap_4.o(.bss.xNumberOfSuccessfulAllocations)
    xNumberOfSuccessfulFrees                 0x20003300   Data           4  heap_4.o(.bss.xNumberOfSuccessfulFrees)
    [Anonymous Symbol]                       0x20003300   Section        0  heap_4.o(.bss.xNumberOfSuccessfulFrees)
    xPendedTicks                             0x20003304   Data           4  tasks.o(.bss.xPendedTicks)
    [Anonymous Symbol]                       0x20003304   Section        0  tasks.o(.bss.xPendedTicks)
    xPendingReadyList                        0x20003308   Data          20  tasks.o(.bss.xPendingReadyList)
    [Anonymous Symbol]                       0x20003308   Section        0  tasks.o(.bss.xPendingReadyList)
    xSchedulerRunning                        0x2000331c   Data           4  tasks.o(.bss.xSchedulerRunning)
    [Anonymous Symbol]                       0x2000331c   Section        0  tasks.o(.bss.xSchedulerRunning)
    xStart                                   0x20003320   Data           8  heap_4.o(.bss.xStart)
    [Anonymous Symbol]                       0x20003320   Section        0  heap_4.o(.bss.xStart)
    xSuspendedTaskList                       0x20003328   Data          20  tasks.o(.bss.xSuspendedTaskList)
    [Anonymous Symbol]                       0x20003328   Section        0  tasks.o(.bss.xSuspendedTaskList)
    xTasksWaitingTermination                 0x2000333c   Data          20  tasks.o(.bss.xTasksWaitingTermination)
    [Anonymous Symbol]                       0x2000333c   Section        0  tasks.o(.bss.xTasksWaitingTermination)
    xTickCount                               0x20003350   Data           4  tasks.o(.bss.xTickCount)
    [Anonymous Symbol]                       0x20003350   Section        0  tasks.o(.bss.xTickCount)
    xTimerQueue                              0x20003354   Data           4  timers.o(.bss.xTimerQueue)
    [Anonymous Symbol]                       0x20003354   Section        0  timers.o(.bss.xTimerQueue)
    xTimerTaskHandle                         0x20003358   Data           4  timers.o(.bss.xTimerTaskHandle)
    [Anonymous Symbol]                       0x20003358   Section        0  timers.o(.bss.xTimerTaskHandle)
    xYieldPendings                           0x2000335c   Data           4  tasks.o(.bss.xYieldPendings)
    [Anonymous Symbol]                       0x2000335c   Section        0  tasks.o(.bss.xYieldPendings)
    Heap_Mem                                 0x20003360   Data           0  startup_tm4c123.o(HEAP)
    Stack_Mem                                0x20003360   Data         512  startup_tm4c123.o(STACK)
    HEAP                                     0x20003360   Section        0  startup_tm4c123.o(HEAP)
    STACK                                    0x20003360   Section      512  startup_tm4c123.o(STACK)
    __initial_sp                             0x20003560   Data           0  startup_tm4c123.o(STACK)

    Global Symbols

    Symbol Name                              Value     Ov Type        Size  Object(Section)

    BuildAttributes$$THM_ISAv4$E$P$D$K$B$S$7EM$VFPi3$EXTD16$VFPS$VFMA$PE$A:L22UL41UL21$X:L11$S22US41US21$IEEE1$IW$~IW$USESV6$~STKCKD$USESV7$~SHL$OTIME$ROPI$EBA8$UX$STANDARDLIB$REQ8$PRES8$EABIv2 0x00000000   Number         0  anon$$obj.o ABSOLUTE
    __Vectors                                0x00000000   Data           4  startup_tm4c123.o(RESET)
    _printf_flags                            0x00000000   Number         0  printf_stubs.o ABSOLUTE
    _printf_return_value                     0x00000000   Number         0  printf_stubs.o ABSOLUTE
    _printf_sizespec                         0x00000000   Number         0  printf_stubs.o ABSOLUTE
    _printf_widthprec                        0x00000000   Number         0  printf_stubs.o ABSOLUTE
    __ARM_exceptions_init                     - Undefined Weak Reference
    __alloca_initialize                       - Undefined Weak Reference
    __arm_preinit_                            - Undefined Weak Reference
    __arm_relocate_pie_                       - Undefined Weak Reference
    __cpp_initialize__aeabi_                  - Undefined Weak Reference
    __cxa_finalize                            - Undefined Weak Reference
    __rt_locale                               - Undefined Weak Reference
    __sigvec_lookup                           - Undefined Weak Reference
    _atexit_init                              - Undefined Weak Reference
    _call_atexit_fns                          - Undefined Weak Reference
    _clock_init                               - Undefined Weak Reference
    _fp_trap_init                             - Undefined Weak Reference
    _fp_trap_shutdown                         - Undefined Weak Reference
    _get_lc_collate                           - Undefined Weak Reference
    _get_lc_ctype                             - Undefined Weak Reference
    _get_lc_monetary                          - Undefined Weak Reference
    _get_lc_numeric                           - Undefined Weak Reference
    _get_lc_time                              - Undefined Weak Reference
    _getenv_init                              - Undefined Weak Reference
    _handle_redirection                       - Undefined Weak Reference
    _init_alloc                               - Undefined Weak Reference
    _init_user_alloc                          - Undefined Weak Reference
    _initio                                   - Undefined Weak Reference
    _printf_mbtowc                            - Undefined Weak Reference
    _printf_truncate_signed                   - Undefined Weak Reference
    _printf_truncate_unsigned                 - Undefined Weak Reference
    _rand_init                                - Undefined Weak Reference
    _signal_finish                            - Undefined Weak Reference
    _signal_init                              - Undefined Weak Reference
    _terminate_alloc                          - Undefined Weak Reference
    _terminate_user_alloc                     - Undefined Weak Reference
    _terminateio                              - Undefined Weak Reference
    __Vectors_End                            0x0000026c   Data           0  startup_tm4c123.o(RESET)
    __Vectors_Size                           0x0000026c   Number         0  startup_tm4c123.o ABSOLUTE
    __main                                   0x0000026d   Thumb Code     8  __main.o(!!!main)
    __scatterload                            0x00000275   Thumb Code     0  __scatter.o(!!!scatter)
    __scatterload_rt2                        0x00000275   Thumb Code    44  __scatter.o(!!!scatter)
    __scatterload_rt2_thumb_only             0x00000275   Thumb Code     0  __scatter.o(!!!scatter)
    __scatterload_null                       0x00000283   Thumb Code     0  __scatter.o(!!!scatter)
    __decompress                             0x000002a9   Thumb Code    58  __dczerorl.o(!!dczerorl)
    __decompress0                            0x000002a9   Thumb Code     0  __dczerorl.o(!!dczerorl)
    __scatterload_zeroinit                   0x000002e5   Thumb Code    28  __scatter_zi.o(!!handler_zi)
    _printf_d                                0x00000301   Thumb Code     0  _printf_d.o(.ARM.Collect$$_printf_percent$$00000009)
    _printf_percent                          0x00000301   Thumb Code     0  _printf_percent.o(.ARM.Collect$$_printf_percent$$00000000)
    _printf_c                                0x00000307   Thumb Code     0  _printf_c.o(.ARM.Collect$$_printf_percent$$00000013)
    _printf_percent_end                      0x0000030d   Thumb Code     0  _printf_percent_end.o(.ARM.Collect$$_printf_percent$$00000017)
    __rt_lib_init                            0x00000311   Thumb Code     0  libinit.o(.ARM.Collect$$libinit$$00000000)
    __rt_lib_init_fp_1                       0x00000313   Thumb Code     0  libinit2.o(.ARM.Collect$$libinit$$00000001)
    __rt_lib_init_alloca_1                   0x00000317   Thumb Code     0  libinit2.o(.ARM.Collect$$libinit$$00000030)
    __rt_lib_init_argv_1                     0x00000317   Thumb Code     0  libinit2.o(.ARM.Collect$$libinit$$0000002E)
    __rt_lib_init_atexit_1                   0x00000317   Thumb Code     0  libinit2.o(.ARM.Collect$$libinit$$0000001D)
    __rt_lib_init_clock_1                    0x00000317   Thumb Code     0  libinit2.o(.ARM.Collect$$libinit$$00000023)
    __rt_lib_init_cpp_1                      0x00000317   Thumb Code     0  libinit2.o(.ARM.Collect$$libinit$$00000034)
    __rt_lib_init_exceptions_1               0x00000317   Thumb Code     0  libinit2.o(.ARM.Collect$$libinit$$00000032)
    __rt_lib_init_fp_trap_1                  0x00000317   Thumb Code     0  libinit2.o(.ARM.Collect$$libinit$$00000021)
    __rt_lib_init_getenv_1                   0x00000317   Thumb Code     0  libinit2.o(.ARM.Collect$$libinit$$00000025)
    __rt_lib_init_heap_1                     0x00000317   Thumb Code     0  libinit2.o(.ARM.Collect$$libinit$$0000000C)
    __rt_lib_init_lc_collate_1               0x00000317   Thumb Code     0  libinit2.o(.ARM.Collect$$libinit$$00000013)
    __rt_lib_init_lc_ctype_1                 0x00000317   Thumb Code     0  libinit2.o(.ARM.Collect$$libinit$$00000015)
    __rt_lib_init_lc_monetary_1              0x00000317   Thumb Code     0  libinit2.o(.ARM.Collect$$libinit$$00000017)
    __rt_lib_init_lc_numeric_1               0x00000317   Thumb Code     0  libinit2.o(.ARM.Collect$$libinit$$00000019)
    __rt_lib_init_lc_time_1                  0x00000317   Thumb Code     0  libinit2.o(.ARM.Collect$$libinit$$0000001B)
    __rt_lib_init_preinit_1                  0x00000317   Thumb Code     0  libinit2.o(.ARM.Collect$$libinit$$00000006)
    __rt_lib_init_rand_1                     0x00000317   Thumb Code     0  libinit2.o(.ARM.Collect$$libinit$$00000010)
    __rt_lib_init_relocate_pie_1             0x00000317   Thumb Code     0  libinit2.o(.ARM.Collect$$libinit$$00000004)
    __rt_lib_init_return                     0x00000317   Thumb Code     0  libinit2.o(.ARM.Collect$$libinit$$00000035)
    __rt_lib_init_signal_1                   0x00000317   Thumb Code     0  libinit2.o(.ARM.Collect$$libinit$$0000001F)
    __rt_lib_init_stdio_1                    0x00000317   Thumb Code     0  libinit2.o(.ARM.Collect$$libinit$$00000027)
    __rt_lib_init_user_alloc_1               0x00000317   Thumb Code     0  libinit2.o(.ARM.Collect$$libinit$$0000000E)
    __rt_lib_shutdown                        0x00000319   Thumb Code     0  libshutdown.o(.ARM.Collect$$libshutdown$$00000000)
    __rt_lib_shutdown_cpp_1                  0x0000031b   Thumb Code     0  libshutdown2.o(.ARM.Collect$$libshutdown$$00000002)
    __rt_lib_shutdown_fp_trap_1              0x0000031b   Thumb Code     0  libshutdown2.o(.ARM.Collect$$libshutdown$$00000007)
    __rt_lib_shutdown_heap_1                 0x0000031b   Thumb Code     0  libshutdown2.o(.ARM.Collect$$libshutdown$$0000000F)
    __rt_lib_shutdown_return                 0x0000031b   Thumb Code     0  libshutdown2.o(.ARM.Collect$$libshutdown$$00000010)
    __rt_lib_shutdown_signal_1               0x0000031b   Thumb Code     0  libshutdown2.o(.ARM.Collect$$libshutdown$$0000000A)
    __rt_lib_shutdown_stdio_1                0x0000031b   Thumb Code     0  libshutdown2.o(.ARM.Collect$$libshutdown$$00000004)
    __rt_lib_shutdown_user_alloc_1           0x0000031b   Thumb Code     0  libshutdown2.o(.ARM.Collect$$libshutdown$$0000000C)
    __rt_entry                               0x0000031d   Thumb Code     0  __rtentry.o(.ARM.Collect$$rtentry$$00000000)
    __rt_entry_presh_1                       0x0000031d   Thumb Code     0  __rtentry2.o(.ARM.Collect$$rtentry$$00000002)
    __rt_entry_sh                            0x0000031d   Thumb Code     0  __rtentry4.o(.ARM.Collect$$rtentry$$00000004)
    __rt_entry_postsh_1                      0x00000323   Thumb Code     0  __rtentry2.o(.ARM.Collect$$rtentry$$00000008)
    __rt_entry_li                            0x0000032b   Thumb Code     0  __rtentry2.o(.ARM.Collect$$rtentry$$0000000A)
    __rt_entry_main                          0x0000032f   Thumb Code     0  __rtentry2.o(.ARM.Collect$$rtentry$$0000000D)
    __rt_entry_postli_1                      0x0000032f   Thumb Code     0  __rtentry2.o(.ARM.Collect$$rtentry$$0000000C)
    __rt_exit                                0x00000337   Thumb Code     0  rtexit.o(.ARM.Collect$$rtexit$$00000000)
    __rt_exit_ls                             0x00000339   Thumb Code     0  rtexit2.o(.ARM.Collect$$rtexit$$00000003)
    __rt_exit_prels_1                        0x00000339   Thumb Code     0  rtexit2.o(.ARM.Collect$$rtexit$$00000002)
    __rt_exit_exit                           0x0000033d   Thumb Code     0  rtexit2.o(.ARM.Collect$$rtexit$$00000004)
    SysCtlDelay                              0x00000345   Thumb Code     6  sysctl.o(.emb_text)
    Reset_Handler                            0x0000034d   Thumb Code     8  startup_tm4c123.o(.text)
    NMI_Handler                              0x00000355   Thumb Code     2  startup_tm4c123.o(.text)
    HardFault_Handler                        0x00000357   Thumb Code     2  startup_tm4c123.o(.text)
    MemManage_Handler                        0x00000359   Thumb Code     2  startup_tm4c123.o(.text)
    BusFault_Handler                         0x0000035b   Thumb Code     2  startup_tm4c123.o(.text)
    UsageFault_Handler                       0x0000035d   Thumb Code     2  startup_tm4c123.o(.text)
    DebugMon_Handler                         0x00000361   Thumb Code     2  startup_tm4c123.o(.text)
    GPIOB_Handler                            0x00000369   Thumb Code     2  startup_tm4c123.o(.text)
    GPIOC_Handler                            0x0000036b   Thumb Code     2  startup_tm4c123.o(.text)
    GPIOD_Handler                            0x0000036d   Thumb Code     2  startup_tm4c123.o(.text)
    GPIOE_Handler                            0x0000036f   Thumb Code     2  startup_tm4c123.o(.text)
    UART0_Handler                            0x00000371   Thumb Code     2  startup_tm4c123.o(.text)
    UART1_Handler                            0x00000373   Thumb Code     2  startup_tm4c123.o(.text)
    SSI0_Handler                             0x00000375   Thumb Code     2  startup_tm4c123.o(.text)
    I2C0_Handler                             0x00000377   Thumb Code     2  startup_tm4c123.o(.text)
    PMW0_FAULT_Handler                       0x00000379   Thumb Code     2  startup_tm4c123.o(.text)
    PWM0_0_Handler                           0x0000037b   Thumb Code     2  startup_tm4c123.o(.text)
    PWM0_1_Handler                           0x0000037d   Thumb Code     2  startup_tm4c123.o(.text)
    PWM0_2_Handler                           0x0000037f   Thumb Code     2  startup_tm4c123.o(.text)
    QEI0_Handler                             0x00000381   Thumb Code     2  startup_tm4c123.o(.text)
    ADC0SS0_Handler                          0x00000383   Thumb Code     2  startup_tm4c123.o(.text)
    ADC0SS1_Handler                          0x00000385   Thumb Code     2  startup_tm4c123.o(.text)
    ADC0SS2_Handler                          0x00000387   Thumb Code     2  startup_tm4c123.o(.text)
    ADC0SS3_Handler                          0x00000389   Thumb Code     2  startup_tm4c123.o(.text)
    WDT0_Handler                             0x0000038b   Thumb Code     2  startup_tm4c123.o(.text)
    TIMER0A_Handler                          0x0000038d   Thumb Code     2  startup_tm4c123.o(.text)
    TIMER0B_Handler                          0x0000038f   Thumb Code     2  startup_tm4c123.o(.text)
    TIMER1B_Handler                          0x00000393   Thumb Code     2  startup_tm4c123.o(.text)
    TIMER2A_Handler                          0x00000395   Thumb Code     2  startup_tm4c123.o(.text)
    TIMER2B_Handler                          0x00000397   Thumb Code     2  startup_tm4c123.o(.text)
    COMP0_Handler                            0x00000399   Thumb Code     2  startup_tm4c123.o(.text)
    COMP1_Handler                            0x0000039b   Thumb Code     2  startup_tm4c123.o(.text)
    COMP2_Handler                            0x0000039d   Thumb Code     2  startup_tm4c123.o(.text)
    SYSCTL_Handler                           0x0000039f   Thumb Code     2  startup_tm4c123.o(.text)
    FLASH_Handler                            0x000003a1   Thumb Code     2  startup_tm4c123.o(.text)
    GPIOF_Handler                            0x000003a3   Thumb Code     2  startup_tm4c123.o(.text)
    GPIOG_Handler                            0x000003a5   Thumb Code     2  startup_tm4c123.o(.text)
    GPIOH_Handler                            0x000003a7   Thumb Code     2  startup_tm4c123.o(.text)
    UART2_Handler                            0x000003a9   Thumb Code     2  startup_tm4c123.o(.text)
    SSI1_Handler                             0x000003ab   Thumb Code     2  startup_tm4c123.o(.text)
    TIMER3A_Handler                          0x000003ad   Thumb Code     2  startup_tm4c123.o(.text)
    TIMER3B_Handler                          0x000003af   Thumb Code     2  startup_tm4c123.o(.text)
    I2C1_Handler                             0x000003b1   Thumb Code     2  startup_tm4c123.o(.text)
    QEI1_Handler                             0x000003b3   Thumb Code     2  startup_tm4c123.o(.text)
    CAN0_Handler                             0x000003b5   Thumb Code     2  startup_tm4c123.o(.text)
    CAN1_Handler                             0x000003b7   Thumb Code     2  startup_tm4c123.o(.text)
    CAN2_Handler                             0x000003b9   Thumb Code     2  startup_tm4c123.o(.text)
    HIB_Handler                              0x000003bb   Thumb Code     2  startup_tm4c123.o(.text)
    USB0_Handler                             0x000003bd   Thumb Code     2  startup_tm4c123.o(.text)
    PWM0_3_Handler                           0x000003bf   Thumb Code     2  startup_tm4c123.o(.text)
    UDMA_Handler                             0x000003c1   Thumb Code     2  startup_tm4c123.o(.text)
    UDMAERR_Handler                          0x000003c3   Thumb Code     2  startup_tm4c123.o(.text)
    ADC1SS0_Handler                          0x000003c5   Thumb Code     2  startup_tm4c123.o(.text)
    ADC1SS1_Handler                          0x000003c7   Thumb Code     2  startup_tm4c123.o(.text)
    ADC1SS2_Handler                          0x000003c9   Thumb Code     2  startup_tm4c123.o(.text)
    ADC1SS3_Handler                          0x000003cb   Thumb Code     2  startup_tm4c123.o(.text)
    GPIOJ_Handler                            0x000003cd   Thumb Code     2  startup_tm4c123.o(.text)
    GPIOK_Handler                            0x000003cf   Thumb Code     2  startup_tm4c123.o(.text)
    GPIOL_Handler                            0x000003d1   Thumb Code     2  startup_tm4c123.o(.text)
    SSI2_Handler                             0x000003d3   Thumb Code     2  startup_tm4c123.o(.text)
    SSI3_Handler                             0x000003d5   Thumb Code     2  startup_tm4c123.o(.text)
    UART3_Handler                            0x000003d7   Thumb Code     2  startup_tm4c123.o(.text)
    UART4_Handler                            0x000003d9   Thumb Code     2  startup_tm4c123.o(.text)
    UART5_Handler                            0x000003db   Thumb Code     2  startup_tm4c123.o(.text)
    UART6_Handler                            0x000003dd   Thumb Code     2  startup_tm4c123.o(.text)
    UART7_Handler                            0x000003df   Thumb Code     2  startup_tm4c123.o(.text)
    I2C2_Handler                             0x000003e1   Thumb Code     2  startup_tm4c123.o(.text)
    I2C3_Handler                             0x000003e3   Thumb Code     2  startup_tm4c123.o(.text)
    TIMER4A_Handler                          0x000003e5   Thumb Code     2  startup_tm4c123.o(.text)
    TIMER4B_Handler                          0x000003e7   Thumb Code     2  startup_tm4c123.o(.text)
    TIMER5A_Handler                          0x000003e9   Thumb Code     2  startup_tm4c123.o(.text)
    TIMER5B_Handler                          0x000003eb   Thumb Code     2  startup_tm4c123.o(.text)
    WTIMER0A_Handler                         0x000003ed   Thumb Code     2  startup_tm4c123.o(.text)
    WTIMER0B_Handler                         0x000003ef   Thumb Code     2  startup_tm4c123.o(.text)
    WTIMER1A_Handler                         0x000003f1   Thumb Code     2  startup_tm4c123.o(.text)
    WTIMER1B_Handler                         0x000003f3   Thumb Code     2  startup_tm4c123.o(.text)
    WTIMER2A_Handler                         0x000003f5   Thumb Code     2  startup_tm4c123.o(.text)
    WTIMER2B_Handler                         0x000003f7   Thumb Code     2  startup_tm4c123.o(.text)
    WTIMER3A_Handler                         0x000003f9   Thumb Code     2  startup_tm4c123.o(.text)
    WTIMER3B_Handler                         0x000003fb   Thumb Code     2  startup_tm4c123.o(.text)
    WTIMER4A_Handler                         0x000003fd   Thumb Code     2  startup_tm4c123.o(.text)
    WTIMER4B_Handler                         0x000003ff   Thumb Code     2  startup_tm4c123.o(.text)
    WTIMER5A_Handler                         0x00000401   Thumb Code     2  startup_tm4c123.o(.text)
    WTIMER5B_Handler                         0x00000403   Thumb Code     2  startup_tm4c123.o(.text)
    FPU_Handler                              0x00000405   Thumb Code     2  startup_tm4c123.o(.text)
    I2C4_Handler                             0x00000407   Thumb Code     2  startup_tm4c123.o(.text)
    I2C5_Handler                             0x00000409   Thumb Code     2  startup_tm4c123.o(.text)
    GPIOM_Handler                            0x0000040b   Thumb Code     2  startup_tm4c123.o(.text)
    GPION_Handler                            0x0000040d   Thumb Code     2  startup_tm4c123.o(.text)
    QEI2_Handler                             0x0000040f   Thumb Code     2  startup_tm4c123.o(.text)
    GPIOP0_Handler                           0x00000411   Thumb Code     2  startup_tm4c123.o(.text)
    GPIOP1_Handler                           0x00000413   Thumb Code     2  startup_tm4c123.o(.text)
    GPIOP2_Handler                           0x00000415   Thumb Code     2  startup_tm4c123.o(.text)
    GPIOP3_Handler                           0x00000417   Thumb Code     2  startup_tm4c123.o(.text)
    GPIOP4_Handler                           0x00000419   Thumb Code     2  startup_tm4c123.o(.text)
    GPIOP5_Handler                           0x0000041b   Thumb Code     2  startup_tm4c123.o(.text)
    GPIOP6_Handler                           0x0000041d   Thumb Code     2  startup_tm4c123.o(.text)
    GPIOP7_Handler                           0x0000041f   Thumb Code     2  startup_tm4c123.o(.text)
    GPIOQ0_Handler                           0x00000421   Thumb Code     2  startup_tm4c123.o(.text)
    GPIOQ1_Handler                           0x00000423   Thumb Code     2  startup_tm4c123.o(.text)
    GPIOQ2_Handler                           0x00000425   Thumb Code     2  startup_tm4c123.o(.text)
    GPIOQ3_Handler                           0x00000427   Thumb Code     2  startup_tm4c123.o(.text)
    GPIOQ4_Handler                           0x00000429   Thumb Code     2  startup_tm4c123.o(.text)
    GPIOQ5_Handler                           0x0000042b   Thumb Code     2  startup_tm4c123.o(.text)
    GPIOQ6_Handler                           0x0000042d   Thumb Code     2  startup_tm4c123.o(.text)
    GPIOQ7_Handler                           0x0000042f   Thumb Code     2  startup_tm4c123.o(.text)
    GPIOR_Handler                            0x00000431   Thumb Code     2  startup_tm4c123.o(.text)
    GPIOS_Handler                            0x00000433   Thumb Code     2  startup_tm4c123.o(.text)
    PMW1_0_Handler                           0x00000435   Thumb Code     2  startup_tm4c123.o(.text)
    PWM1_1_Handler                           0x00000437   Thumb Code     2  startup_tm4c123.o(.text)
    PWM1_2_Handler                           0x00000439   Thumb Code     2  startup_tm4c123.o(.text)
    PWM1_3_Handler                           0x0000043b   Thumb Code     2  startup_tm4c123.o(.text)
    PWM1_FAULT_Handler                       0x0000043d   Thumb Code     2  startup_tm4c123.o(.text)
    __user_initial_stackheap                 0x00000441   Thumb Code     0  startup_tm4c123.o(.text)
    __2sprintf                               0x00000461   Thumb Code    34  noretval__2sprintf.o(.text)
    _printf_pre_padding                      0x00000489   Thumb Code    44  _printf_pad.o(.text)
    _printf_post_padding                     0x000004b5   Thumb Code    34  _printf_pad.o(.text)
    _printf_str                              0x000004d7   Thumb Code    82  _printf_str.o(.text)
    _printf_int_dec                          0x00000529   Thumb Code   104  _printf_dec.o(.text)
    __printf                                 0x000005a1   Thumb Code   270  __printf_wp.o(.text)
    strlen                                   0x000006af   Thumb Code    62  strlen.o(.text)
    __aeabi_memcpy                           0x000006ed   Thumb Code     0  rt_memcpy_v6.o(.text)
    __rt_memcpy                              0x000006ed   Thumb Code   138  rt_memcpy_v6.o(.text)
    _memcpy_lastbytes                        0x00000753   Thumb Code     0  rt_memcpy_v6.o(.text)
    __aeabi_memset4                          0x00000777   Thumb Code    16  aeabi_memset4.o(.text)
    __aeabi_memset8                          0x00000777   Thumb Code     0  aeabi_memset4.o(.text)
    __aeabi_memclr                           0x00000787   Thumb Code     0  rt_memclr.o(.text)
    __rt_memclr                              0x00000787   Thumb Code     0  rt_memclr.o(.text)
    _memset                                  0x0000078b   Thumb Code    64  rt_memclr.o(.text)
    __aeabi_memclr4                          0x000007cb   Thumb Code     0  rt_memclr_w.o(.text)
    __aeabi_memclr8                          0x000007cb   Thumb Code     0  rt_memclr_w.o(.text)
    __rt_memclr_w                            0x000007cb   Thumb Code     0  rt_memclr_w.o(.text)
    _memset_w                                0x000007cf   Thumb Code    74  rt_memclr_w.o(.text)
    __use_two_region_memory                  0x00000819   Thumb Code     2  heapauxi.o(.text)
    __rt_heap_escrow$2region                 0x0000081b   Thumb Code     2  heapauxi.o(.text)
    __rt_heap_expand$2region                 0x0000081d   Thumb Code     2  heapauxi.o(.text)
    _printf_int_common                       0x0000081f   Thumb Code   178  _printf_intcommon.o(.text)
    _printf_char_common                      0x000008db   Thumb Code    32  _printf_char_common.o(.text)
    _sputc                                   0x00000901   Thumb Code    10  _sputc.o(.text)
    _printf_cs_common                        0x0000090b   Thumb Code    20  _printf_char.o(.text)
    _printf_char                             0x0000091f   Thumb Code    16  _printf_char.o(.text)
    _printf_string                           0x0000092f   Thumb Code     8  _printf_char.o(.text)
    __aeabi_memcpy4                          0x00000937   Thumb Code     0  rt_memcpy_w.o(.text)
    __aeabi_memcpy8                          0x00000937   Thumb Code     0  rt_memcpy_w.o(.text)
    __rt_memcpy_w                            0x00000937   Thumb Code   100  rt_memcpy_w.o(.text)
    _memcpy_lastbytes_aligned                0x0000097f   Thumb Code     0  rt_memcpy_w.o(.text)
    __user_setup_stackheap                   0x0000099b   Thumb Code    74  sys_stackheap_outer.o(.text)
    exit                                     0x000009e5   Thumb Code    18  exit.o(.text)
    __user_libspace                          0x000009f9   Thumb Code     8  libspace.o(.text)
    __user_perproc_libspace                  0x000009f9   Thumb Code     0  libspace.o(.text)
    _sys_exit                                0x00000a01   Thumb Code     8  sys_exit.o(.text)
    __I$use$semihosting                      0x00000a0d   Thumb Code     0  use_no_semi.o(.text)
    __use_no_semihosting_swi                 0x00000a0d   Thumb Code     2  use_no_semi.o(.text)
    __semihosting_library_function           0x00000a0f   Thumb Code     0  indicate_semi.o(.text)
    _fp_init                                 0x00000a11   Thumb Code    22  clib_os.o(.text.$Sub$$_fp_init)
    GPIOA_Handler                            0x00000a29   Thumb Code   376  drivers.o(.text.GPIOA_Handler)
    LCD_Clear                                0x00000ba1   Thumb Code    40  lcd.o(.text.LCD_Clear)
    LCD_Print                                0x00000bc9   Thumb Code   172  lcd.o(.text.LCD_Print)
    LCD_SetCursor                            0x00000d05   Thumb Code    24  lcd.o(.text.LCD_SetCursor)
    PendSV_Handler                           0x00000d1d   Thumb Code    96  port.o(.text.PendSV_Handler)
    SVC_Handler                              0x00000d7d   Thumb Code    32  port.o(.text.SVC_Handler)
    SysTick_Handler                          0x00000d9d   Thumb Code    30  cmsis_os2.o(.text.SysTick_Handler)
    SystemInit                               0x00000dbd   Thumb Code   136  system_tm4c123.o(.text.SystemInit)
    TIMER1A_Handler                          0x00000e45   Thumb Code   138  drivers.o(.text.TIMER1A_Handler)
    _mutex_acquire                           0x00000ed1   Thumb Code    36  clib_os.o(.text._mutex_acquire)
    _mutex_free                              0x00000ef5   Thumb Code    78  clib_os.o(.text._mutex_free)
    _mutex_initialize                        0x00000f45   Thumb Code   126  clib_os.o(.text._mutex_initialize)
    _mutex_release                           0x00000fc5   Thumb Code    38  clib_os.o(.text._mutex_release)
    _platform_post_stackheap_init            0x00000fed   Thumb Code     2  clib_os.o(.text._platform_post_stackheap_init)
    createSafetyTasks                        0x00000ff1   Thumb Code   136  safety_tasks.o(.text.createSafetyTasks)
    delay_ms                                 0x0000108d   Thumb Code   544  drivers.o(.text.delay_ms)
    doorTask                                 0x000012ad   Thumb Code   328  safety_tasks.o(.text.doorTask)
    initADC                                  0x00001409   Thumb Code   114  drivers.o(.text.initADC)
    initBuzzer                               0x0000147d   Thumb Code    44  drivers.o(.text.initBuzzer)
    initDoorLockLed                          0x000014a9   Thumb Code    44  drivers.o(.text.initDoorLockLed)
    initLCD                                  0x000014d5   Thumb Code   128  lcd.o(.text.initLCD)
    initRGB                                  0x00001555   Thumb Code    56  drivers.o(.text.initRGB)
    initSwitches                             0x0000158d   Thumb Code   112  drivers.o(.text.initSwitches)
    initTimer1                               0x000015fd   Thumb Code   120  drivers.o(.text.initTimer1)
    initUltrasonic                           0x00001675   Thumb Code    66  drivers.o(.text.initUltrasonic)
    isDriverDoorOpen                         0x000016b9   Thumb Code    18  drivers.o(.text.isDriverDoorOpen)
    isGearDrive                              0x000016cd   Thumb Code    20  drivers.o(.text.isGearDrive)
    isGearReverse                            0x000016e1   Thumb Code    20  drivers.o(.text.isGearReverse)
    isIgnitionOn                             0x000016f5   Thumb Code    18  drivers.o(.text.isIgnitionOn)
    isManualLockOn                           0x00001709   Thumb Code    12  drivers.o(.text.isManualLockOn)
    isManualUnlockOn                         0x00001715   Thumb Code    12  drivers.o(.text.isManualUnlockOn)
    lcdUpdateTask                            0x00001721   Thumb Code   736  safety_tasks.o(.text.lcdUpdateTask)
    lockDoors                                0x00001a4d   Thumb Code    16  drivers.o(.text.lockDoors)
    main                                     0x00001a5d   Thumb Code    38  main.o(.text.main)
    pvPortMalloc                             0x00002215   Thumb Code   428  heap_4.o(.text.pvPortMalloc)
    pvTaskIncrementMutexHeldCount            0x000023c1   Thumb Code    24  tasks.o(.text.pvTaskIncrementMutexHeldCount)
    pxPortInitialiseStack                    0x000023d9   Thumb Code    40  port.o(.text.pxPortInitialiseStack)
    readSpeedADC                             0x00002401   Thumb Code    86  drivers.o(.text.readSpeedADC)
    rearAssistTask                           0x00002459   Thumb Code   112  safety_tasks.o(.text.rearAssistTask)
    setBuzzerFrequency                       0x000024c9   Thumb Code  1128  drivers.o(.text.setBuzzerFrequency)
    setDoorLockLed                           0x00002931   Thumb Code    30  drivers.o(.text.setDoorLockLed)
    setRGBColor                              0x00002951   Thumb Code    38  drivers.o(.text.setRGBColor)
    ultrasonicReadValue                      0x00002979   Thumb Code   160  drivers.o(.text.ultrasonicReadValue)
    unlockDoors                              0x00002a19   Thumb Code    16  drivers.o(.text.unlockDoors)
    uxListRemove                             0x00002a29   Thumb Code    34  list.o(.text.uxListRemove)
    vApplicationGetTimerTaskMemory           0x00002a4d   Thumb Code    26  tasks.o(.text.vApplicationGetTimerTaskMemory)
    vApplicationStackOverflowHook            0x00002a69   Thumb Code     4  cmsis_os2.o(.text.vApplicationStackOverflowHook)
    vListInitialise                          0x00002a6d   Thumb Code    22  list.o(.text.vListInitialise)
    vListInitialiseItem                      0x00002a85   Thumb Code     6  list.o(.text.vListInitialiseItem)
    vListInsert                              0x00002a8d   Thumb Code    96  list.o(.text.vListInsert)
    vPortEnterCritical                       0x00002b01   Thumb Code    54  port.o(.text.vPortEnterCritical)
    vPortExitCritical                        0x00002b39   Thumb Code    32  port.o(.text.vPortExitCritical)
    vPortFree                                0x00002b59   Thumb Code   248  heap_4.o(.text.vPortFree)
    vPortSetupTimerInterrupt                 0x00002c51   Thumb Code    52  port.o(.text.vPortSetupTimerInterrupt)
    vQueueDelete                             0x00002c85   Thumb Code    18  queue.o(.text.vQueueDelete)
    vQueueWaitForMessageRestricted           0x00002c99   Thumb Code    70  queue.o(.text.vQueueWaitForMessageRestricted)
    vTaskDelay                               0x00002ce1   Thumb Code   170  tasks.o(.text.vTaskDelay)
    vTaskInternalSetTimeOutState             0x00002d8d   Thumb Code    26  tasks.o(.text.vTaskInternalSetTimeOutState)
    vTaskMissedYield                         0x00002da9   Thumb Code    14  tasks.o(.text.vTaskMissedYield)
    vTaskPlaceOnEventList                    0x00002db9   Thumb Code    36  tasks.o(.text.vTaskPlaceOnEventList)
    vTaskPlaceOnEventListRestricted          0x00002ddd   Thumb Code    84  tasks.o(.text.vTaskPlaceOnEventListRestricted)
    vTaskPriorityDisinheritAfterTimeout      0x00002e31   Thumb Code   152  tasks.o(.text.vTaskPriorityDisinheritAfterTimeout)
    vTaskStartScheduler                      0x00002ec9   Thumb Code   212  tasks.o(.text.vTaskStartScheduler)
    vTaskSuspendAll                          0x00002f9d   Thumb Code    16  tasks.o(.text.vTaskSuspendAll)
    vTaskSwitchContext                       0x00002fad   Thumb Code   206  tasks.o(.text.vTaskSwitchContext)
    xPortStartScheduler                      0x0000307d   Thumb Code   406  port.o(.text.xPortStartScheduler)
    xPortSysTickHandler                      0x00003215   Thumb Code    46  port.o(.text.xPortSysTickHandler)
    xQueueCreateMutex                        0x00003245   Thumb Code    40  queue.o(.text.xQueueCreateMutex)
    xQueueCreateMutexStatic                  0x0000326d   Thumb Code   130  queue.o(.text.xQueueCreateMutexStatic)
    xQueueGenericCreate                      0x000032f1   Thumb Code   136  queue.o(.text.xQueueGenericCreate)
    xQueueGenericCreateStatic                0x00003379   Thumb Code   144  queue.o(.text.xQueueGenericCreateStatic)
    xQueueGenericSend                        0x00003409   Thumb Code   466  queue.o(.text.xQueueGenericSend)
    xQueueReceive                            0x000035dd   Thumb Code   342  queue.o(.text.xQueueReceive)
    xQueueSemaphoreTake                      0x00003735   Thumb Code   368  queue.o(.text.xQueueSemaphoreTake)
    xTaskCheckForTimeOut                     0x000038a5   Thumb Code   146  tasks.o(.text.xTaskCheckForTimeOut)
    xTaskCreate                              0x00003939   Thumb Code    94  tasks.o(.text.xTaskCreate)
    xTaskCreateStatic                        0x00003999   Thumb Code   122  tasks.o(.text.xTaskCreateStatic)
    xTaskGetSchedulerState                   0x00003a15   Thumb Code    38  tasks.o(.text.xTaskGetSchedulerState)
    xTaskGetTickCount                        0x00003a3d   Thumb Code    12  tasks.o(.text.xTaskGetTickCount)
    xTaskIncrementTick                       0x00003a49   Thumb Code   402  tasks.o(.text.xTaskIncrementTick)
    xTaskPriorityDisinherit                  0x00003bdd   Thumb Code   136  tasks.o(.text.xTaskPriorityDisinherit)
    xTaskPriorityInherit                     0x00003c65   Thumb Code   166  tasks.o(.text.xTaskPriorityInherit)
    xTaskRemoveFromEventList                 0x00003d0d   Thumb Code   226  tasks.o(.text.xTaskRemoveFromEventList)
    xTaskResumeAll                           0x00003df1   Thumb Code   372  tasks.o(.text.xTaskResumeAll)
    xTimerCreateTimerTask                    0x00003f65   Thumb Code   180  timers.o(.text.xTimerCreateTimerTask)
    ADCIntClear                              0x00004021   Thumb Code    10  adc.o(i.ADCIntClear)
    ADCIntStatus                             0x0000402b   Thumb Code    52  adc.o(i.ADCIntStatus)
    ADCProcessorTrigger                      0x0000405f   Thumb Code    26  adc.o(i.ADCProcessorTrigger)
    ADCSequenceConfigure                     0x00004079   Thumb Code    96  adc.o(i.ADCSequenceConfigure)
    ADCSequenceDataGet                       0x000040d9   Thumb Code    36  adc.o(i.ADCSequenceDataGet)
    ADCSequenceEnable                        0x000040fd   Thumb Code    14  adc.o(i.ADCSequenceEnable)
    ADCSequenceStepConfigure                 0x0000410b   Thumb Code   154  adc.o(i.ADCSequenceStepConfigure)
    GPIODirModeSet                           0x000041a5   Thumb Code    40  gpio.o(i.GPIODirModeSet)
    GPIOIntClear                             0x000041cd   Thumb Code     6  gpio.o(i.GPIOIntClear)
    GPIOIntDisable                           0x000041d3   Thumb Code    14  gpio.o(i.GPIOIntDisable)
    GPIOIntEnable                            0x000041e1   Thumb Code    12  gpio.o(i.GPIOIntEnable)
    GPIOIntRegister                          0x000041ed   Thumb Code    26  gpio.o(i.GPIOIntRegister)
    GPIOIntStatus                            0x00004207   Thumb Code    14  gpio.o(i.GPIOIntStatus)
    GPIOIntTypeSet                           0x00004215   Thumb Code    80  gpio.o(i.GPIOIntTypeSet)
    GPIOPadConfigSet                         0x00004265   Thumb Code   354  gpio.o(i.GPIOPadConfigSet)
    GPIOPinConfigure                         0x000043d5   Thumb Code    60  gpio.o(i.GPIOPinConfigure)
    GPIOPinRead                              0x00004419   Thumb Code     6  gpio.o(i.GPIOPinRead)
    GPIOPinTypeADC                           0x0000441f   Thumb Code    28  gpio.o(i.GPIOPinTypeADC)
    GPIOPinTypeGPIOInput                     0x0000443b   Thumb Code    28  gpio.o(i.GPIOPinTypeGPIOInput)
    GPIOPinTypeGPIOOutput                    0x00004457   Thumb Code    28  gpio.o(i.GPIOPinTypeGPIOOutput)
    GPIOPinTypeTimer                         0x00004473   Thumb Code    28  gpio.o(i.GPIOPinTypeTimer)
    GPIOPinWrite                             0x0000448f   Thumb Code     6  gpio.o(i.GPIOPinWrite)
    IntEnable                                0x00004495   Thumb Code    92  interrupt.o(i.IntEnable)
    IntRegister                              0x000044f9   Thumb Code    44  interrupt.o(i.IntRegister)
    SysCtlClockGet                           0x0000452d   Thumb Code   304  sysctl.o(i.SysCtlClockGet)
    SysCtlPeripheralEnable                   0x00004681   Thumb Code    36  sysctl.o(i.SysCtlPeripheralEnable)
    SysCtlPeripheralReady                    0x000046a9   Thumb Code    40  sysctl.o(i.SysCtlPeripheralReady)
    TimerConfigure                           0x000046d5   Thumb Code    88  timer.o(i.TimerConfigure)
    TimerControlEvent                        0x00004735   Thumb Code    18  timer.o(i.TimerControlEvent)
    TimerEnable                              0x00004747   Thumb Code    14  timer.o(i.TimerEnable)
    TimerIntClear                            0x00004755   Thumb Code     4  timer.o(i.TimerIntClear)
    TimerIntStatus                           0x00004759   Thumb Code    10  timer.o(i.TimerIntStatus)
    TimerLoadSet                             0x00004763   Thumb Code    18  timer.o(i.TimerLoadSet)
    TimerValueGet                            0x00004775   Thumb Code    10  timer.o(i.TimerValueGet)
    _is_digit                                0x000047d1   Thumb Code    14  __printf_wp.o(i._is_digit)
    __aeabi_d2f                              0x000047e1   Thumb Code     0  d2f.o(x$fpl$d2f)
    _d2f                                     0x000047e1   Thumb Code    98  d2f.o(x$fpl$d2f)
    __aeabi_ui2d                             0x00004843   Thumb Code     0  dflt_clz.o(x$fpl$dfltu)
    _dfltu                                   0x00004843   Thumb Code    38  dflt_clz.o(x$fpl$dfltu)
    __aeabi_dmul                             0x00004869   Thumb Code     0  dmul.o(x$fpl$dmul)
    _dmul                                    0x00004869   Thumb Code   332  dmul.o(x$fpl$dmul)
    __fpl_dnaninf                            0x000049bd   Thumb Code   156  dnaninf.o(x$fpl$dnaninf)
    __fpl_dretinf                            0x00004a59   Thumb Code    12  dretinf.o(x$fpl$dretinf)
    $Super$$_fp_init                         0x00004a65   Thumb Code    26  fpinit.o(x$fpl$fpinit)
    __fplib_config_fpu_vfp                   0x00004a7d   Thumb Code     0  fpinit.o(x$fpl$fpinit)
    __fplib_config_pureend_doubles           0x00004a7d   Thumb Code     0  fpinit.o(x$fpl$fpinit)
    __fpl_fretinf                            0x00004a7f   Thumb Code    10  fretinf.o(x$fpl$fretinf)
    __I$use$fp                               0x00004a88   Number         0  usenofp.o(x$fpl$usenofp)
    Region$$Table$$Base                      0x00005034   Number         0  anon$$obj.o(Region$$Table)
    Region$$Table$$Limit                     0x00005054   Number         0  anon$$obj.o(Region$$Table)
    SystemCoreClock                          0x20000000   Data           4  system_tm4c123.o(.data.SystemCoreClock)
    __libspace_start                         0x20000670   Data          96  libspace.o(.bss)
    __temporary_stack_top$libspace           0x200006d0   Data           0  libspace.o(.bss)
    distanceQueue                            0x20000874   Data           4  safety_tasks.o(.bss.distanceQueue)
    doorLocked                               0x20000878   Data           1  safety_tasks.o(.bss.doorLocked)
    driverDoorState                          0x2000087c   Data           4  drivers.o(.bss.driverDoorState)
    endTime                                  0x20000880   Data           4  drivers.o(.bss.endTime)
    gearState                                0x20000884   Data           1  drivers.o(.bss.gearState)
    ignitionState                            0x20000888   Data           4  drivers.o(.bss.ignitionState)
    lcdMutex                                 0x2000088c   Data           4  safety_tasks.o(.bss.lcdMutex)
    manualLockState                          0x20000893   Data           1  drivers.o(.bss.manualLockState)
    manualUnlockState                        0x20000894   Data           1  drivers.o(.bss.manualUnlockState)
    pulseCaptured                            0x2000093c   Data           1  drivers.o(.bss.pulseCaptured)
    pulseWidth                               0x20000940   Data           4  drivers.o(.bss.pulseWidth)
    pxCurrentTCB                             0x20000944   Data           4  tasks.o(.bss.pxCurrentTCB)
    speedQueue                               0x20000dbc   Data           4  safety_tasks.o(.bss.speedQueue)
    startTime                                0x20000dc0   Data           4  drivers.o(.bss.startTime)



==============================================================================

Memory Map of the image

  Image Entry point : 0x0000034d

  Load Region LR_1 (Base: 0x00000000, Size: 0x00005a6c, Max: 0xffffffff, ABSOLUTE, COMPRESSED[0x00005418])

    Execution Region ER_RO (Exec base: 0x00000000, Load base: 0x00000000, Size: 0x00005054, Max: 0xffffffff, ABSOLUTE)

    Exec Addr    Load Addr    Size         Type   Attr      Idx    E Section Name        Object

    0x00000000   0x00000000   0x0000026c   Data   RO          338    RESET               startup_tm4c123.o
    0x0000026c   0x0000026c   0x00000008   Code   RO         2144  * !!!main             c_w.l(__main.o)
    0x00000274   0x00000274   0x00000034   Code   RO         2339    !!!scatter          c_w.l(__scatter.o)
    0x000002a8   0x000002a8   0x0000003a   Code   RO         2337    !!dczerorl          c_w.l(__dczerorl.o)
    0x000002e2   0x000002e2   0x00000002   PAD
    0x000002e4   0x000002e4   0x0000001c   Code   RO         2341    !!handler_zi        c_w.l(__scatter_zi.o)
    0x00000300   0x00000300   0x00000000   Code   RO         2131    .ARM.Collect$$_printf_percent$$00000000  c_w.l(_printf_percent.o)
    0x00000300   0x00000300   0x00000006   Code   RO         2130    .ARM.Collect$$_printf_percent$$00000009  c_w.l(_printf_d.o)
    0x00000306   0x00000306   0x00000006   Code   RO         2129    .ARM.Collect$$_printf_percent$$00000013  c_w.l(_printf_c.o)
    0x0000030c   0x0000030c   0x00000004   Code   RO         2167    .ARM.Collect$$_printf_percent$$00000017  c_w.l(_printf_percent_end.o)
    0x00000310   0x00000310   0x00000002   Code   RO         2201    .ARM.Collect$$libinit$$00000000  c_w.l(libinit.o)
    0x00000312   0x00000312   0x00000004   Code   RO         2207    .ARM.Collect$$libinit$$00000001  c_w.l(libinit2.o)
    0x00000316   0x00000316   0x00000000   Code   RO         2210    .ARM.Collect$$libinit$$00000004  c_w.l(libinit2.o)
    0x00000316   0x00000316   0x00000000   Code   RO         2212    .ARM.Collect$$libinit$$00000006  c_w.l(libinit2.o)
    0x00000316   0x00000316   0x00000000   Code   RO         2215    .ARM.Collect$$libinit$$0000000C  c_w.l(libinit2.o)
    0x00000316   0x00000316   0x00000000   Code   RO         2217    .ARM.Collect$$libinit$$0000000E  c_w.l(libinit2.o)
    0x00000316   0x00000316   0x00000000   Code   RO         2219    .ARM.Collect$$libinit$$00000010  c_w.l(libinit2.o)
    0x00000316   0x00000316   0x00000000   Code   RO         2222    .ARM.Collect$$libinit$$00000013  c_w.l(libinit2.o)
    0x00000316   0x00000316   0x00000000   Code   RO         2224    .ARM.Collect$$libinit$$00000015  c_w.l(libinit2.o)
    0x00000316   0x00000316   0x00000000   Code   RO         2226    .ARM.Collect$$libinit$$00000017  c_w.l(libinit2.o)
    0x00000316   0x00000316   0x00000000   Code   RO         2228    .ARM.Collect$$libinit$$00000019  c_w.l(libinit2.o)
    0x00000316   0x00000316   0x00000000   Code   RO         2230    .ARM.Collect$$libinit$$0000001B  c_w.l(libinit2.o)
    0x00000316   0x00000316   0x00000000   Code   RO         2232    .ARM.Collect$$libinit$$0000001D  c_w.l(libinit2.o)
    0x00000316   0x00000316   0x00000000   Code   RO         2234    .ARM.Collect$$libinit$$0000001F  c_w.l(libinit2.o)
    0x00000316   0x00000316   0x00000000   Code   RO         2236    .ARM.Collect$$libinit$$00000021  c_w.l(libinit2.o)
    0x00000316   0x00000316   0x00000000   Code   RO         2238    .ARM.Collect$$libinit$$00000023  c_w.l(libinit2.o)
    0x00000316   0x00000316   0x00000000   Code   RO         2240    .ARM.Collect$$libinit$$00000025  c_w.l(libinit2.o)
    0x00000316   0x00000316   0x00000000   Code   RO         2242    .ARM.Collect$$libinit$$00000027  c_w.l(libinit2.o)
    0x00000316   0x00000316   0x00000000   Code   RO         2246    .ARM.Collect$$libinit$$0000002E  c_w.l(libinit2.o)
    0x00000316   0x00000316   0x00000000   Code   RO         2248    .ARM.Collect$$libinit$$00000030  c_w.l(libinit2.o)
    0x00000316   0x00000316   0x00000000   Code   RO         2250    .ARM.Collect$$libinit$$00000032  c_w.l(libinit2.o)
    0x00000316   0x00000316   0x00000000   Code   RO         2252    .ARM.Collect$$libinit$$00000034  c_w.l(libinit2.o)
    0x00000316   0x00000316   0x00000002   Code   RO         2253    .ARM.Collect$$libinit$$00000035  c_w.l(libinit2.o)
    0x00000318   0x00000318   0x00000002   Code   RO         2273    .ARM.Collect$$libshutdown$$00000000  c_w.l(libshutdown.o)
    0x0000031a   0x0000031a   0x00000000   Code   RO         2288    .ARM.Collect$$libshutdown$$00000002  c_w.l(libshutdown2.o)
    0x0000031a   0x0000031a   0x00000000   Code   RO         2290    .ARM.Collect$$libshutdown$$00000004  c_w.l(libshutdown2.o)
    0x0000031a   0x0000031a   0x00000000   Code   RO         2293    .ARM.Collect$$libshutdown$$00000007  c_w.l(libshutdown2.o)
    0x0000031a   0x0000031a   0x00000000   Code   RO         2296    .ARM.Collect$$libshutdown$$0000000A  c_w.l(libshutdown2.o)
    0x0000031a   0x0000031a   0x00000000   Code   RO         2298    .ARM.Collect$$libshutdown$$0000000C  c_w.l(libshutdown2.o)
    0x0000031a   0x0000031a   0x00000000   Code   RO         2301    .ARM.Collect$$libshutdown$$0000000F  c_w.l(libshutdown2.o)
    0x0000031a   0x0000031a   0x00000002   Code   RO         2302    .ARM.Collect$$libshutdown$$00000010  c_w.l(libshutdown2.o)
    0x0000031c   0x0000031c   0x00000000   Code   RO         2158    .ARM.Collect$$rtentry$$00000000  c_w.l(__rtentry.o)
    0x0000031c   0x0000031c   0x00000000   Code   RO         2178    .ARM.Collect$$rtentry$$00000002  c_w.l(__rtentry2.o)
    0x0000031c   0x0000031c   0x00000006   Code   RO         2190    .ARM.Collect$$rtentry$$00000004  c_w.l(__rtentry4.o)
    0x00000322   0x00000322   0x00000008   Code   RO         2179    .ARM.Collect$$rtentry$$00000008  c_w.l(__rtentry2.o)
    0x0000032a   0x0000032a   0x00000004   Code   RO         2181    .ARM.Collect$$rtentry$$0000000A  c_w.l(__rtentry2.o)
    0x0000032e   0x0000032e   0x00000000   Code   RO         2183    .ARM.Collect$$rtentry$$0000000C  c_w.l(__rtentry2.o)
    0x0000032e   0x0000032e   0x00000008   Code   RO         2184    .ARM.Collect$$rtentry$$0000000D  c_w.l(__rtentry2.o)
    0x00000336   0x00000336   0x00000002   Code   RO         2205    .ARM.Collect$$rtexit$$00000000  c_w.l(rtexit.o)
    0x00000338   0x00000338   0x00000000   Code   RO         2255    .ARM.Collect$$rtexit$$00000002  c_w.l(rtexit2.o)
    0x00000338   0x00000338   0x00000004   Code   RO         2256    .ARM.Collect$$rtexit$$00000003  c_w.l(rtexit2.o)
    0x0000033c   0x0000033c   0x00000006   Code   RO         2257    .ARM.Collect$$rtexit$$00000004  c_w.l(rtexit2.o)
    0x00000342   0x00000342   0x00000002   PAD
    0x00000344   0x00000344   0x00000006   Code   RO         1379    .emb_text           driverlib.lib(sysctl.o)
    0x0000034a   0x0000034a   0x00000002   PAD
    0x0000034c   0x0000034c   0x00000114   Code   RO          339  * .text               startup_tm4c123.o
    0x00000460   0x00000460   0x00000028   Code   RO         2099    .text               c_w.l(noretval__2sprintf.o)
    0x00000488   0x00000488   0x0000004e   Code   RO         2103    .text               c_w.l(_printf_pad.o)
    0x000004d6   0x000004d6   0x00000052   Code   RO         2105    .text               c_w.l(_printf_str.o)
    0x00000528   0x00000528   0x00000078   Code   RO         2107    .text               c_w.l(_printf_dec.o)
    0x000005a0   0x000005a0   0x0000010e   Code   RO         2117    .text               c_w.l(__printf_wp.o)
    0x000006ae   0x000006ae   0x0000003e   Code   RO         2132    .text               c_w.l(strlen.o)
    0x000006ec   0x000006ec   0x0000008a   Code   RO         2134    .text               c_w.l(rt_memcpy_v6.o)
    0x00000776   0x00000776   0x00000010   Code   RO         2136    .text               c_w.l(aeabi_memset4.o)
    0x00000786   0x00000786   0x00000044   Code   RO         2138    .text               c_w.l(rt_memclr.o)
    0x000007ca   0x000007ca   0x0000004e   Code   RO         2140    .text               c_w.l(rt_memclr_w.o)
    0x00000818   0x00000818   0x00000006   Code   RO         2142    .text               c_w.l(heapauxi.o)
    0x0000081e   0x0000081e   0x000000b2   Code   RO         2159    .text               c_w.l(_printf_intcommon.o)
    0x000008d0   0x000008d0   0x00000030   Code   RO         2161    .text               c_w.l(_printf_char_common.o)
    0x00000900   0x00000900   0x0000000a   Code   RO         2163    .text               c_w.l(_sputc.o)
    0x0000090a   0x0000090a   0x0000002c   Code   RO         2165    .text               c_w.l(_printf_char.o)
    0x00000936   0x00000936   0x00000064   Code   RO         2168    .text               c_w.l(rt_memcpy_w.o)
    0x0000099a   0x0000099a   0x0000004a   Code   RO         2194    .text               c_w.l(sys_stackheap_outer.o)
    0x000009e4   0x000009e4   0x00000012   Code   RO         2196    .text               c_w.l(exit.o)
    0x000009f6   0x000009f6   0x00000002   PAD
    0x000009f8   0x000009f8   0x00000008   Code   RO         2202    .text               c_w.l(libspace.o)
    0x00000a00   0x00000a00   0x0000000c   Code   RO         2263    .text               c_w.l(sys_exit.o)
    0x00000a0c   0x00000a0c   0x00000002   Code   RO         2278    .text               c_w.l(use_no_semi.o)
    0x00000a0e   0x00000a0e   0x00000000   Code   RO         2280    .text               c_w.l(indicate_semi.o)
    0x00000a0e   0x00000a0e   0x00000002   PAD
    0x00000a10   0x00000a10   0x00000016   Code   RO          129    .text.$Sub$$_fp_init  clib_os.o
    0x00000a26   0x00000a26   0x00000002   PAD
    0x00000a28   0x00000a28   0x00000178   Code   RO           62    .text.GPIOA_Handler  drivers.o
    0x00000ba0   0x00000ba0   0x00000028   Code   RO           48    .text.LCD_Clear     lcd.o
    0x00000bc8   0x00000bc8   0x000000ac   Code   RO           44    .text.LCD_Print     lcd.o
    0x00000c74   0x00000c74   0x00000090   Code   RO           42    .text.LCD_SendCommand  lcd.o
    0x00000d04   0x00000d04   0x00000018   Code   RO           46    .text.LCD_SetCursor  lcd.o
    0x00000d1c   0x00000d1c   0x00000060   Code   RO          425    .text.PendSV_Handler  port.o
    0x00000d7c   0x00000d7c   0x00000020   Code   RO          421    .text.SVC_Handler   port.o
    0x00000d9c   0x00000d9c   0x0000001e   Code   RO          153    .text.SysTick_Handler  cmsis_os2.o
    0x00000dba   0x00000dba   0x00000002   PAD
    0x00000dbc   0x00000dbc   0x00000088   Code   RO          348    .text.SystemInit    system_tm4c123.o
    0x00000e44   0x00000e44   0x0000008a   Code   RO           78    .text.TIMER1A_Handler  drivers.o
    0x00000ece   0x00000ece   0x00000002   PAD
    0x00000ed0   0x00000ed0   0x00000024   Code   RO          135    .text._mutex_acquire  clib_os.o
    0x00000ef4   0x00000ef4   0x0000004e   Code   RO          139    .text._mutex_free   clib_os.o
    0x00000f42   0x00000f42   0x00000002   PAD
    0x00000f44   0x00000f44   0x0000007e   Code   RO          133    .text._mutex_initialize  clib_os.o
    0x00000fc2   0x00000fc2   0x00000002   PAD
    0x00000fc4   0x00000fc4   0x00000026   Code   RO          137    .text._mutex_release  clib_os.o
    0x00000fea   0x00000fea   0x00000002   PAD
    0x00000fec   0x00000fec   0x00000002   Code   RO          127    .text._platform_post_stackheap_init  clib_os.o
    0x00000fee   0x00000fee   0x00000002   PAD
    0x00000ff0   0x00000ff0   0x0000009c   Code   RO           14    .text.createSafetyTasks  safety_tasks.o
    0x0000108c   0x0000108c   0x00000220   Code   RO           60    .text.delay_ms      drivers.o
    0x000012ac   0x000012ac   0x0000015c   Code   RO           16    .text.doorTask      safety_tasks.o
    0x00001408   0x00001408   0x00000072   Code   RO           66    .text.initADC       drivers.o
    0x0000147a   0x0000147a   0x00000002   PAD
    0x0000147c   0x0000147c   0x0000002c   Code   RO           90    .text.initBuzzer    drivers.o
    0x000014a8   0x000014a8   0x0000002c   Code   RO           86    .text.initDoorLockLed  drivers.o
    0x000014d4   0x000014d4   0x00000080   Code   RO           40    .text.initLCD       lcd.o
    0x00001554   0x00001554   0x00000038   Code   RO           82    .text.initRGB       drivers.o
    0x0000158c   0x0000158c   0x00000070   Code   RO           64    .text.initSwitches  drivers.o
    0x000015fc   0x000015fc   0x00000078   Code   RO           72    .text.initTimer1    drivers.o
    0x00001674   0x00001674   0x00000042   Code   RO           74    .text.initUltrasonic  drivers.o
    0x000016b6   0x000016b6   0x00000002   PAD
    0x000016b8   0x000016b8   0x00000012   Code   RO          100    .text.isDriverDoorOpen  drivers.o
    0x000016ca   0x000016ca   0x00000002   PAD
    0x000016cc   0x000016cc   0x00000014   Code   RO           94    .text.isGearDrive   drivers.o
    0x000016e0   0x000016e0   0x00000014   Code   RO           96    .text.isGearReverse  drivers.o
    0x000016f4   0x000016f4   0x00000012   Code   RO           98    .text.isIgnitionOn  drivers.o
    0x00001706   0x00001706   0x00000002   PAD
    0x00001708   0x00001708   0x0000000c   Code   RO          106    .text.isManualLockOn  drivers.o
    0x00001714   0x00001714   0x0000000c   Code   RO          108    .text.isManualUnlockOn  drivers.o
    0x00001720   0x00001720   0x0000032c   Code   RO           20    .text.lcdUpdateTask  safety_tasks.o
    0x00001a4c   0x00001a4c   0x00000010   Code   RO          102    .text.lockDoors     drivers.o
    0x00001a5c   0x00001a5c   0x00000026   Code   RO            2    .text.main          main.o
    0x00001a82   0x00001a82   0x00000002   PAD
    0x00001a84   0x00001a84   0x000000b2   Code   RO          573    .text.prvAddCurrentTaskToDelayedList  tasks.o
    0x00001b36   0x00001b36   0x00000002   PAD
    0x00001b38   0x00001b38   0x00000132   Code   RO          563    .text.prvAddNewTaskToReadyList  tasks.o
    0x00001c6a   0x00001c6a   0x00000002   PAD
    0x00001c6c   0x00001c6c   0x0000006a   Code   RO          603    .text.prvCheckTasksWaitingTermination  tasks.o
    0x00001cd6   0x00001cd6   0x00000002   PAD
    0x00001cd8   0x00001cd8   0x0000002a   Code   RO          687    .text.prvIdleTask   tasks.o
    0x00001d02   0x00001d02   0x00000002   PAD
    0x00001d04   0x00001d04   0x0000011a   Code   RO          685    .text.prvInitialiseNewTask  tasks.o
    0x00001e1e   0x00001e1e   0x00000002   PAD
    0x00001e20   0x00001e20   0x00000028   Code   RO          431    .text.prvPortStartFirstTask  port.o
    0x00001e48   0x00001e48   0x000000b8   Code   RO          769    .text.prvSampleTimeNow  timers.o
    0x00001f00   0x00001f00   0x0000003e   Code   RO          419    .text.prvTaskExitError  port.o
    0x00001f3e   0x00001f3e   0x00000002   PAD
    0x00001f40   0x00001f40   0x0000025e   Code   RO          725    .text.prvTimerTask  timers.o
    0x0000219e   0x0000219e   0x00000002   PAD
    0x000021a0   0x000021a0   0x00000074   Code   RO          515    .text.prvUnlockQueue  queue.o
    0x00002214   0x00002214   0x000001ac   Code   RO          454    .text.pvPortMalloc  heap_4.o
    0x000023c0   0x000023c0   0x00000018   Code   RO          663    .text.pvTaskIncrementMutexHeldCount  tasks.o
    0x000023d8   0x000023d8   0x00000028   Code   RO          417    .text.pxPortInitialiseStack  port.o
    0x00002400   0x00002400   0x00000056   Code   RO           68    .text.readSpeedADC  drivers.o
    0x00002456   0x00002456   0x00000002   PAD
    0x00002458   0x00002458   0x00000070   Code   RO           18    .text.rearAssistTask  safety_tasks.o
    0x000024c8   0x000024c8   0x00000468   Code   RO           92    .text.setBuzzerFrequency  drivers.o
    0x00002930   0x00002930   0x0000001e   Code   RO           88    .text.setDoorLockLed  drivers.o
    0x0000294e   0x0000294e   0x00000002   PAD
    0x00002950   0x00002950   0x00000026   Code   RO           84    .text.setRGBColor   drivers.o
    0x00002976   0x00002976   0x00000002   PAD
    0x00002978   0x00002978   0x000000a0   Code   RO           80    .text.ultrasonicReadValue  drivers.o
    0x00002a18   0x00002a18   0x00000010   Code   RO          104    .text.unlockDoors   drivers.o
    0x00002a28   0x00002a28   0x00000022   Code   RO          407    .text.uxListRemove  list.o
    0x00002a4a   0x00002a4a   0x00000002   PAD
    0x00002a4c   0x00002a4c   0x0000001a   Code   RO          681    .text.vApplicationGetTimerTaskMemory  tasks.o
    0x00002a66   0x00002a66   0x00000002   PAD
    0x00002a68   0x00002a68   0x00000004   Code   RO          299    .text.vApplicationStackOverflowHook  cmsis_os2.o
    0x00002a6c   0x00002a6c   0x00000016   Code   RO          399    .text.vListInitialise  list.o
    0x00002a82   0x00002a82   0x00000002   PAD
    0x00002a84   0x00002a84   0x00000006   Code   RO          401    .text.vListInitialiseItem  list.o
    0x00002a8a   0x00002a8a   0x00000002   PAD
    0x00002a8c   0x00002a8c   0x00000060   Code   RO          405    .text.vListInsert   list.o
    0x00002aec   0x00002aec   0x00000014   Code   RO          429    .text.vPortEnableVFP  port.o
    0x00002b00   0x00002b00   0x00000036   Code   RO          435    .text.vPortEnterCritical  port.o
    0x00002b36   0x00002b36   0x00000002   PAD
    0x00002b38   0x00002b38   0x00000020   Code   RO          437    .text.vPortExitCritical  port.o
    0x00002b58   0x00002b58   0x000000f8   Code   RO          456    .text.vPortFree     heap_4.o
    0x00002c50   0x00002c50   0x00000034   Code   RO          427    .text.vPortSetupTimerInterrupt  port.o
    0x00002c84   0x00002c84   0x00000012   Code   RO          535    .text.vQueueDelete  queue.o
    0x00002c96   0x00002c96   0x00000002   PAD
    0x00002c98   0x00002c98   0x00000046   Code   RO          551    .text.vQueueWaitForMessageRestricted  queue.o
    0x00002cde   0x00002cde   0x00000002   PAD
    0x00002ce0   0x00002ce0   0x000000aa   Code   RO          577    .text.vTaskDelay    tasks.o
    0x00002d8a   0x00002d8a   0x00000002   PAD
    0x00002d8c   0x00002d8c   0x0000001a   Code   RO          635    .text.vTaskInternalSetTimeOutState  tasks.o
    0x00002da6   0x00002da6   0x00000002   PAD
    0x00002da8   0x00002da8   0x0000000e   Code   RO          639    .text.vTaskMissedYield  tasks.o
    0x00002db6   0x00002db6   0x00000002   PAD
    0x00002db8   0x00002db8   0x00000024   Code   RO          623    .text.vTaskPlaceOnEventList  tasks.o
    0x00002ddc   0x00002ddc   0x00000054   Code   RO          627    .text.vTaskPlaceOnEventListRestricted  tasks.o
    0x00002e30   0x00002e30   0x00000098   Code   RO          659    .text.vTaskPriorityDisinheritAfterTimeout  tasks.o
    0x00002ec8   0x00002ec8   0x000000d4   Code   RO          599    .text.vTaskStartScheduler  tasks.o
    0x00002f9c   0x00002f9c   0x00000010   Code   RO          571    .text.vTaskSuspendAll  tasks.o
    0x00002fac   0x00002fac   0x000000ce   Code   RO          593    .text.vTaskSwitchContext  tasks.o
    0x0000307a   0x0000307a   0x00000002   PAD
    0x0000307c   0x0000307c   0x00000196   Code   RO          423    .text.xPortStartScheduler  port.o
    0x00003212   0x00003212   0x00000002   PAD
    0x00003214   0x00003214   0x0000002e   Code   RO          439    .text.xPortSysTickHandler  port.o
    0x00003242   0x00003242   0x00000002   PAD
    0x00003244   0x00003244   0x00000028   Code   RO          495    .text.xQueueCreateMutex  queue.o
    0x0000326c   0x0000326c   0x00000082   Code   RO          497    .text.xQueueCreateMutexStatic  queue.o
    0x000032ee   0x000032ee   0x00000002   PAD
    0x000032f0   0x000032f0   0x00000088   Code   RO          493    .text.xQueueGenericCreate  queue.o
    0x00003378   0x00003378   0x00000090   Code   RO          489    .text.xQueueGenericCreateStatic  queue.o
    0x00003408   0x00003408   0x000001d2   Code   RO          505    .text.xQueueGenericSend  queue.o
    0x000035da   0x000035da   0x00000002   PAD
    0x000035dc   0x000035dc   0x00000156   Code   RO          521    .text.xQueueReceive  queue.o
    0x00003732   0x00003732   0x00000002   PAD
    0x00003734   0x00003734   0x00000170   Code   RO          509    .text.xQueueSemaphoreTake  queue.o
    0x000038a4   0x000038a4   0x00000092   Code   RO          637    .text.xTaskCheckForTimeOut  tasks.o
    0x00003936   0x00003936   0x00000002   PAD
    0x00003938   0x00003938   0x0000005e   Code   RO          565    .text.xTaskCreate   tasks.o
    0x00003996   0x00003996   0x00000002   PAD
    0x00003998   0x00003998   0x0000007a   Code   RO          561    .text.xTaskCreateStatic  tasks.o
    0x00003a12   0x00003a12   0x00000002   PAD
    0x00003a14   0x00003a14   0x00000026   Code   RO          653    .text.xTaskGetSchedulerState  tasks.o
    0x00003a3a   0x00003a3a   0x00000002   PAD
    0x00003a3c   0x00003a3c   0x0000000c   Code   RO          607    .text.xTaskGetTickCount  tasks.o
    0x00003a48   0x00003a48   0x00000192   Code   RO          605    .text.xTaskIncrementTick  tasks.o
    0x00003bda   0x00003bda   0x00000002   PAD
    0x00003bdc   0x00003bdc   0x00000088   Code   RO          657    .text.xTaskPriorityDisinherit  tasks.o
    0x00003c64   0x00003c64   0x000000a6   Code   RO          655    .text.xTaskPriorityInherit  tasks.o
    0x00003d0a   0x00003d0a   0x00000002   PAD
    0x00003d0c   0x00003d0c   0x000000e2   Code   RO          629    .text.xTaskRemoveFromEventList  tasks.o
    0x00003dee   0x00003dee   0x00000002   PAD
    0x00003df0   0x00003df0   0x00000174   Code   RO          575    .text.xTaskResumeAll  tasks.o
    0x00003f64   0x00003f64   0x000000bc   Code   RO          723    .text.xTimerCreateTimerTask  timers.o
    0x00004020   0x00004020   0x0000000a   Code   RO          798    i.ADCIntClear       driverlib.lib(adc.o)
    0x0000402a   0x0000402a   0x00000034   Code   RO          805    i.ADCIntStatus      driverlib.lib(adc.o)
    0x0000405e   0x0000405e   0x0000001a   Code   RO          810    i.ADCProcessorTrigger  driverlib.lib(adc.o)
    0x00004078   0x00004078   0x00000060   Code   RO          813    i.ADCSequenceConfigure  driverlib.lib(adc.o)
    0x000040d8   0x000040d8   0x00000024   Code   RO          816    i.ADCSequenceDataGet  driverlib.lib(adc.o)
    0x000040fc   0x000040fc   0x0000000e   Code   RO          818    i.ADCSequenceEnable  driverlib.lib(adc.o)
    0x0000410a   0x0000410a   0x0000009a   Code   RO          821    i.ADCSequenceStepConfigure  driverlib.lib(adc.o)
    0x000041a4   0x000041a4   0x00000028   Code   RO         1071    i.GPIODirModeSet    driverlib.lib(gpio.o)
    0x000041cc   0x000041cc   0x00000006   Code   RO         1072    i.GPIOIntClear      driverlib.lib(gpio.o)
    0x000041d2   0x000041d2   0x0000000e   Code   RO         1073    i.GPIOIntDisable    driverlib.lib(gpio.o)
    0x000041e0   0x000041e0   0x0000000c   Code   RO         1074    i.GPIOIntEnable     driverlib.lib(gpio.o)
    0x000041ec   0x000041ec   0x0000001a   Code   RO         1075    i.GPIOIntRegister   driverlib.lib(gpio.o)
    0x00004206   0x00004206   0x0000000e   Code   RO         1077    i.GPIOIntStatus     driverlib.lib(gpio.o)
    0x00004214   0x00004214   0x00000050   Code   RO         1079    i.GPIOIntTypeSet    driverlib.lib(gpio.o)
    0x00004264   0x00004264   0x00000170   Code   RO         1083    i.GPIOPadConfigSet  driverlib.lib(gpio.o)
    0x000043d4   0x000043d4   0x00000044   Code   RO         1084    i.GPIOPinConfigure  driverlib.lib(gpio.o)
    0x00004418   0x00004418   0x00000006   Code   RO         1085    i.GPIOPinRead       driverlib.lib(gpio.o)
    0x0000441e   0x0000441e   0x0000001c   Code   RO         1086    i.GPIOPinTypeADC    driverlib.lib(gpio.o)
    0x0000443a   0x0000443a   0x0000001c   Code   RO         1094    i.GPIOPinTypeGPIOInput  driverlib.lib(gpio.o)
    0x00004456   0x00004456   0x0000001c   Code   RO         1095    i.GPIOPinTypeGPIOOutput  driverlib.lib(gpio.o)
    0x00004472   0x00004472   0x0000001c   Code   RO         1105    i.GPIOPinTypeTimer  driverlib.lib(gpio.o)
    0x0000448e   0x0000448e   0x00000006   Code   RO         1113    i.GPIOPinWrite      driverlib.lib(gpio.o)
    0x00004494   0x00004494   0x00000064   Code   RO         1986    i.IntEnable         driverlib.lib(interrupt.o)
    0x000044f8   0x000044f8   0x00000034   Code   RO         1998    i.IntRegister       driverlib.lib(interrupt.o)
    0x0000452c   0x0000452c   0x00000154   Code   RO         1382    i.SysCtlClockGet    driverlib.lib(sysctl.o)
    0x00004680   0x00004680   0x00000028   Code   RO         1413    i.SysCtlPeripheralEnable  driverlib.lib(sysctl.o)
    0x000046a8   0x000046a8   0x0000002c   Code   RO         1417    i.SysCtlPeripheralReady  driverlib.lib(sysctl.o)
    0x000046d4   0x000046d4   0x00000060   Code   RO         1737    i.TimerConfigure    driverlib.lib(timer.o)
    0x00004734   0x00004734   0x00000012   Code   RO         1738    i.TimerControlEvent  driverlib.lib(timer.o)
    0x00004746   0x00004746   0x0000000e   Code   RO         1746    i.TimerEnable       driverlib.lib(timer.o)
    0x00004754   0x00004754   0x00000004   Code   RO         1747    i.TimerIntClear     driverlib.lib(timer.o)
    0x00004758   0x00004758   0x0000000a   Code   RO         1751    i.TimerIntStatus    driverlib.lib(timer.o)
    0x00004762   0x00004762   0x00000012   Code   RO         1755    i.TimerLoadSet      driverlib.lib(timer.o)
    0x00004774   0x00004774   0x0000000a   Code   RO         1769    i.TimerValueGet     driverlib.lib(timer.o)
    0x0000477e   0x0000477e   0x00000002   PAD
    0x00004780   0x00004780   0x00000050   Code   RO         1115    i._GPIOIntNumberGet  driverlib.lib(gpio.o)
    0x000047d0   0x000047d0   0x0000000e   Code   RO         2119    i._is_digit         c_w.l(__printf_wp.o)
    0x000047de   0x000047de   0x00000002   PAD
    0x000047e0   0x000047e0   0x00000062   Code   RO         2146    x$fpl$d2f           fz_wm.l(d2f.o)
    0x00004842   0x00004842   0x00000026   Code   RO         2148    x$fpl$dfltu         fz_wm.l(dflt_clz.o)
    0x00004868   0x00004868   0x00000154   Code   RO         2154    x$fpl$dmul          fz_wm.l(dmul.o)
    0x000049bc   0x000049bc   0x0000009c   Code   RO         2170    x$fpl$dnaninf       fz_wm.l(dnaninf.o)
    0x00004a58   0x00004a58   0x0000000c   Code   RO         2172    x$fpl$dretinf       fz_wm.l(dretinf.o)
    0x00004a64   0x00004a64   0x0000001a   Code   RO         2156    x$fpl$fpinit        fz_wm.l(fpinit.o)
    0x00004a7e   0x00004a7e   0x0000000a   Code   RO         2174    x$fpl$fretinf       fz_wm.l(fretinf.o)
    0x00004a88   0x00004a88   0x00000000   Code   RO         2176    x$fpl$usenofp       fz_wm.l(usenofp.o)
    0x00004a88   0x00004a88   0x00000228   Data   RO         1116    .constdata          driverlib.lib(gpio.o)
    0x00004cb0   0x00004cb0   0x00000254   Data   RO         1435    .constdata          driverlib.lib(sysctl.o)
    0x00004f04   0x00004f04   0x0000010c   Data   RO         2002    .constdata          driverlib.lib(interrupt.o)
    0x00005010   0x00005010   0x0000001d   Data   RO           31    .rodata.str1.1      safety_tasks.o
    0x0000502d   0x0000502d   0x00000003   PAD
    0x00005030   0x00005030   0x00000004   Data   RO          706    .rodata.uxTopUsedPriority  tasks.o
    0x00005034   0x00005034   0x00000020   Data   RO         2336    Region$$Table       anon$$obj.o


    Execution Region ER_RW (Exec base: 0x20000000, Load base: 0x00005400, Size: 0x0000066c, Max: 0xffffffff, ABSOLUTE, COMPRESSED[0x00000018])

    Exec Addr    Load Addr    Size         Type   Attr      Idx    E Section Name        Object

    0x20000000   COMPRESSED   0x00000004   Data   RW          350    .data.SystemCoreClock  system_tm4c123.o
    0x20000004   COMPRESSED   0x00000001   Data   RW           28    .data.lcdUpdateTask.lastGear  safety_tasks.o
    0x20000005   COMPRESSED   0x00000003   PAD
    0x20000008   COMPRESSED   0x00000004   Data   RW          445    .data.uxCriticalNesting  port.o
    0x2000000c   COMPRESSED   0x000003f4   PAD
    0x20000400   COMPRESSED   0x0000026c   Data   RW         2003    vtable              driverlib.lib(interrupt.o)


    Execution Region ER_ZI (Exec base: 0x20000670, Load base: 0x00005418, Size: 0x00002ef0, Max: 0xffffffff, ABSOLUTE)

    Exec Addr    Load Addr    Size         Type   Attr      Idx    E Section Name        Object

    0x20000670        -       0x00000060   Zero   RW         2203    .bss                c_w.l(libspace.o)
    0x200006d0        -       0x00000190   Zero   RW          144    .bss.clib_mutex_cb  clib_os.o
    0x20000860        -       0x00000014   Zero   RW          143    .bss.clib_mutex_id  clib_os.o
    0x20000874        -       0x00000004   Zero   RW           25    .bss.distanceQueue  safety_tasks.o
    0x20000878        -       0x00000001   Zero   RW           22    .bss.doorLocked     safety_tasks.o
    0x20000879        -       0x00000001   Zero   RW           26    .bss.doorTask.wasHigh  safety_tasks.o
    0x2000087a   0x00005418   0x00000002   PAD
    0x2000087c        -       0x00000004   Zero   RW          112    .bss.driverDoorState  drivers.o
    0x20000880        -       0x00000004   Zero   RW          117    .bss.endTime        drivers.o
    0x20000884        -       0x00000001   Zero   RW          113    .bss.gearState      drivers.o
    0x20000885   0x00005418   0x00000003   PAD
    0x20000888        -       0x00000004   Zero   RW          111    .bss.ignitionState  drivers.o
    0x2000088c        -       0x00000004   Zero   RW           23    .bss.lcdMutex       safety_tasks.o
    0x20000890        -       0x00000001   Zero   RW           30    .bss.lcdUpdateTask.doorWasOpen  safety_tasks.o
    0x20000891        -       0x00000001   Zero   RW           29    .bss.lcdUpdateTask.lastLock  safety_tasks.o
    0x20000892        -       0x00000001   Zero   RW           27    .bss.lcdUpdateTask.wasOn  safety_tasks.o
    0x20000893        -       0x00000001   Zero   RW          114    .bss.manualLockState  drivers.o
    0x20000894        -       0x00000001   Zero   RW          115    .bss.manualUnlockState  drivers.o
    0x20000895        -       0x00000050   Zero   RW          779    .bss.prvCheckForValidListAndQueue.ucStaticTimerQueueStorage  timers.o
    0x200008e5   0x00005418   0x00000003   PAD
    0x200008e8        -       0x00000050   Zero   RW          778    .bss.prvCheckForValidListAndQueue.xStaticTimerQueue  timers.o
    0x20000938        -       0x00000004   Zero   RW          775    .bss.prvSampleTimeNow.xLastTime  timers.o
    0x2000093c        -       0x00000001   Zero   RW          110    .bss.pulseCaptured  drivers.o
    0x2000093d   0x00005418   0x00000003   PAD
    0x20000940        -       0x00000004   Zero   RW          118    .bss.pulseWidth     drivers.o
    0x20000944        -       0x00000004   Zero   RW          689    .bss.pxCurrentTCB   tasks.o
    0x20000948        -       0x00000004   Zero   RW          773    .bss.pxCurrentTimerList  timers.o
    0x2000094c        -       0x00000004   Zero   RW          697    .bss.pxDelayedTaskList  tasks.o
    0x20000950        -       0x00000004   Zero   RW          472    .bss.pxEnd          heap_4.o
    0x20000954        -       0x00000004   Zero   RW          698    .bss.pxOverflowDelayedTaskList  tasks.o
    0x20000958        -       0x00000004   Zero   RW          774    .bss.pxOverflowTimerList  timers.o
    0x2000095c        -       0x00000460   Zero   RW          701    .bss.pxReadyTasksLists  tasks.o
    0x20000dbc        -       0x00000004   Zero   RW           24    .bss.speedQueue     safety_tasks.o
    0x20000dc0        -       0x00000004   Zero   RW          116    .bss.startTime      drivers.o
    0x20000dc4        -       0x00002000   Zero   RW          475    .bss.ucHeap         heap_4.o
    0x20002dc4        -       0x00000001   Zero   RW          443    .bss.ucMaxSysCallPriority  port.o
    0x20002dc5   0x00005418   0x00000003   PAD
    0x20002dc8        -       0x00000004   Zero   RW          444    .bss.ulMaxPRIGROUPValue  port.o
    0x20002dcc        -       0x00000004   Zero   RW          694    .bss.uxCurrentNumberOfTasks  tasks.o
    0x20002dd0        -       0x00000004   Zero   RW          693    .bss.uxDeletedTasksWaitingCleanUp  tasks.o
    0x20002dd4        -       0x00000004   Zero   RW          695    .bss.uxSchedulerSuspended  tasks.o
    0x20002dd8        -       0x00000004   Zero   RW          690    .bss.uxTaskNumber   tasks.o
    0x20002ddc        -       0x00000004   Zero   RW          702    .bss.uxTopReadyPriority  tasks.o
    0x20002de0        -       0x00000200   Zero   RW          710    .bss.vApplicationGetIdleTaskMemory.uxIdleTaskStack  tasks.o
    0x20002fe0        -       0x0000005c   Zero   RW          709    .bss.vApplicationGetIdleTaskMemory.xIdleTaskTCB  tasks.o
    0x2000303c        -       0x00000200   Zero   RW          712    .bss.vApplicationGetTimerTaskMemory.uxTimerTaskStack  tasks.o
    0x2000323c        -       0x0000005c   Zero   RW          711    .bss.vApplicationGetTimerTaskMemory.xTimerTaskTCB  tasks.o
    0x20003298        -       0x00000014   Zero   RW          776    .bss.xActiveTimerList1  timers.o
    0x200032ac        -       0x00000014   Zero   RW          777    .bss.xActiveTimerList2  timers.o
    0x200032c0        -       0x00000014   Zero   RW          713    .bss.xDelayedTaskList1  tasks.o
    0x200032d4        -       0x00000014   Zero   RW          714    .bss.xDelayedTaskList2  tasks.o
    0x200032e8        -       0x00000004   Zero   RW          473    .bss.xFreeBytesRemaining  heap_4.o
    0x200032ec        -       0x00000004   Zero   RW          705    .bss.xIdleTaskHandles.0  tasks.o
    0x200032f0        -       0x00000004   Zero   RW          476    .bss.xMinimumEverFreeBytesRemaining  heap_4.o
    0x200032f4        -       0x00000004   Zero   RW          704    .bss.xNextTaskUnblockTime  tasks.o
    0x200032f8        -       0x00000004   Zero   RW          708    .bss.xNumOfOverflows  tasks.o
    0x200032fc        -       0x00000004   Zero   RW          477    .bss.xNumberOfSuccessfulAllocations  heap_4.o
    0x20003300        -       0x00000004   Zero   RW          478    .bss.xNumberOfSuccessfulFrees  heap_4.o
    0x20003304        -       0x00000004   Zero   RW          707    .bss.xPendedTicks   tasks.o
    0x20003308        -       0x00000014   Zero   RW          699    .bss.xPendingReadyList  tasks.o
    0x2000331c        -       0x00000004   Zero   RW          691    .bss.xSchedulerRunning  tasks.o
    0x20003320        -       0x00000008   Zero   RW          474    .bss.xStart         heap_4.o
    0x20003328        -       0x00000014   Zero   RW          700    .bss.xSuspendedTaskList  tasks.o
    0x2000333c        -       0x00000014   Zero   RW          692    .bss.xTasksWaitingTermination  tasks.o
    0x20003350        -       0x00000004   Zero   RW          696    .bss.xTickCount     tasks.o
    0x20003354        -       0x00000004   Zero   RW          771    .bss.xTimerQueue    timers.o
    0x20003358        -       0x00000004   Zero   RW          772    .bss.xTimerTaskHandle  timers.o
    0x2000335c        -       0x00000004   Zero   RW          703    .bss.xYieldPendings  tasks.o
    0x20003360        -       0x00000000   Zero   RW          337    HEAP                startup_tm4c123.o
    0x20003360        -       0x00000200   Zero   RW          336    STACK               startup_tm4c123.o


==============================================================================

Image component sizes


      Code (inc. data)   RO Data    RW Data    ZI Data      Debug   Object Name

       302          0          0          0        420       4946   clib_os.o
        34          0          0          0          0      56007   cmsis_os2.o
      3188         16          0          0         24       7075   drivers.o
       676          0          0          0       8220       5753   heap_4.o
       508          0          0          0          0       2149   lcd.o
       158          0          0          0          0       2456   list.o
        38          0          0          0          0        685   main.o
       880         16          0          4          5       4195   port.o
      1830          0          0          0          0      22265   queue.o
      1428        116         29          1         17       3610   safety_tasks.o
       276         24        620          0        512       5500   startup_tm4c123.o
       136          0          0          4          0       6686   system_tm4c123.o
      3594          0          4          0       2488      44289   tasks.o
       978         18          0          0        220      16443   timers.o

    ----------------------------------------------------------------------
     14116        190        688       1024      11920     182059   Object Totals
         0          0         32          0          0          0   (incl. Generated)
        90          0          3       1015         14          0   (incl. Padding)

    ----------------------------------------------------------------------

      Code (inc. data)   RO Data    RW Data    ZI Data      Debug   Library Member Name

        58          0          0          0          0          0   __dczerorl.o
         8          0          0          0          0         68   __main.o
       284          0          0          0          0        156   __printf_wp.o
         0          0          0          0          0          0   __rtentry.o
        20          0          0          0          0          0   __rtentry2.o
         6          0          0          0          0          0   __rtentry4.o
        52          8          0          0          0          0   __scatter.o
        28          0          0          0          0          0   __scatter_zi.o
         6          0          0          0          0          0   _printf_c.o
        44          0          0          0          0        108   _printf_char.o
        48          6          0          0          0         96   _printf_char_common.o
         6          0          0          0          0          0   _printf_d.o
       120         16          0          0          0         92   _printf_dec.o
       178          0          0          0          0         88   _printf_intcommon.o
        78          0          0          0          0        108   _printf_pad.o
         0          0          0          0          0          0   _printf_percent.o
         4          0          0          0          0          0   _printf_percent_end.o
        82          0          0          0          0         80   _printf_str.o
        10          0          0          0          0         68   _sputc.o
        16          0          0          0          0         68   aeabi_memset4.o
        18          0          0          0          0         80   exit.o
         6          0          0          0          0        152   heapauxi.o
         0          0          0          0          0          0   indicate_semi.o
         2          0          0          0          0          0   libinit.o
         6          0          0          0          0          0   libinit2.o
         2          0          0          0          0          0   libshutdown.o
         2          0          0          0          0          0   libshutdown2.o
         8          4          0          0         96         68   libspace.o
        40          6          0          0          0         84   noretval__2sprintf.o
        68          0          0          0          0         68   rt_memclr.o
        78          0          0          0          0         80   rt_memclr_w.o
       138          0          0          0          0         68   rt_memcpy_v6.o
       100          0          0          0          0         80   rt_memcpy_w.o
         2          0          0          0          0          0   rtexit.o
        10          0          0          0          0          0   rtexit2.o
        62          0          0          0          0         76   strlen.o
        12          4          0          0          0         68   sys_exit.o
        74          0          0          0          0         80   sys_stackheap_outer.o
         2          0          0          0          0         68   use_no_semi.o
       388          0          0          0          0       9638   adc.o
       832         40        552          0          0       9886   gpio.o
       152         16        268        620          0       2150   interrupt.o
       430         44        596          0          0       4054   sysctl.o
       170          8          0          0          0       3655   timer.o
        98          4          0          0          0        140   d2f.o
        38          0          0          0          0        116   dflt_clz.o
       340         12          0          0          0        152   dmul.o
       156          4          0          0          0        140   dnaninf.o
        12          0          0          0          0        116   dretinf.o
        26          0          0          0          0        116   fpinit.o
        10          0          0          0          0        116   fretinf.o
         0          0          0          0          0          0   usenofp.o

    ----------------------------------------------------------------------
      4344        172       1416        620         96      32183   Library Totals
        14          0          0          0          0          0   (incl. Padding)

    ----------------------------------------------------------------------

      Code (inc. data)   RO Data    RW Data    ZI Data      Debug   Library Name

      1678         44          0          0         96       1904   c_w.l
      1972        108       1416        620          0      29383   driverlib.lib
       680         20          0          0          0        896   fz_wm.l

    ----------------------------------------------------------------------
      4344        172       1416        620         96      32183   Library Totals

    ----------------------------------------------------------------------

==============================================================================


      Code (inc. data)   RO Data    RW Data    ZI Data      Debug   

     18460        362       2104       1644      12016     209314   Grand Totals
     18460        362       2104         24      12016     209314   ELF Image Totals (compressed)
     18460        362       2104         24          0          0   ROM Totals

==============================================================================

    Total RO  Size (Code + RO Data)                20564 (  20.08kB)
    Total RW  Size (RW Data + ZI Data)             13660 (  13.34kB)
    Total ROM Size (Code + RO Data + RW Data)      20588 (  20.11kB)

==============================================================================

