Component: Arm Compiler for Embedded 6.19 Tool: armlink [5e73cb00]

==============================================================================

Section Cross References

    main.o(.text.main) refers to main.o(.text.setupHardware) for setupHardware
    main.o(.text.main) refers to safety_tasks.o(.text.createSafetyTasks) for createSafetyTasks
    main.o(.text.main) refers to tasks.o(.text.vTaskStartScheduler) for vTaskStartScheduler
    main.o(.ARM.exidx.text.main) refers to main.o(.text.main) for [Anonymous Symbol]
    main.o(.text.setupHardware) refers to drivers.o(.text.initGPIO) for initGPIO
    main.o(.text.setupHardware) refers to drivers.o(.text.initADC) for initADC
    main.o(.text.setupHardware) refers to drivers.o(.text.initUltrasonic) for initUltrasonic
    main.o(.text.setupHardware) refers to lcd.o(.text.initLCD) for initLCD
    main.o(.text.setupHardware) refers to drivers.o(.text.initBuzzer) for initBuzzer
    main.o(.text.setupHardware) refers to drivers.o(.text.initRGB) for initRGB
    main.o(.ARM.exidx.text.setupHardware) refers to main.o(.text.setupHardware) for [Anonymous Symbol]
    safety_tasks.o(.text.createSafetyTasks) refers to queue.o(.text.xQueueCreateMutex) for xQueueCreateMutex
    safety_tasks.o(.text.createSafetyTasks) refers to safety_tasks.o(.bss.lcdMutex) for lcdMutex
    safety_tasks.o(.text.createSafetyTasks) refers to queue.o(.text.xQueueGenericCreate) for xQueueGenericCreate
    safety_tasks.o(.text.createSafetyTasks) refers to safety_tasks.o(.bss.speedQueue) for speedQueue
    safety_tasks.o(.text.createSafetyTasks) refers to safety_tasks.o(.bss.distanceQueue) for distanceQueue
    safety_tasks.o(.text.createSafetyTasks) refers to safety_tasks.o(.text.doorTask) for doorTask
    safety_tasks.o(.text.createSafetyTasks) refers to safety_tasks.o(.rodata.str1.1) for .L.str
    safety_tasks.o(.text.createSafetyTasks) refers to tasks.o(.text.xTaskCreate) for xTaskCreate
    safety_tasks.o(.text.createSafetyTasks) refers to safety_tasks.o(.text.rearAssistTask) for rearAssistTask
    safety_tasks.o(.text.createSafetyTasks) refers to safety_tasks.o(.text.lcdUpdateTask) for lcdUpdateTask
    safety_tasks.o(.ARM.exidx.text.createSafetyTasks) refers to safety_tasks.o(.text.createSafetyTasks) for [Anonymous Symbol]
    safety_tasks.o(.text.doorTask) refers to drivers.o(.text.isIgnitionOn) for isIgnitionOn
    safety_tasks.o(.text.doorTask) refers to drivers.o(.text.readSpeedADC) for readSpeedADC
    safety_tasks.o(.text.doorTask) refers to safety_tasks.o(.bss.speedQueue) for speedQueue
    safety_tasks.o(.text.doorTask) refers to queue.o(.text.xQueueGenericSend) for xQueueGenericSend
    safety_tasks.o(.text.doorTask) refers to drivers.o(.text.isGearDrive) for isGearDrive
    safety_tasks.o(.text.doorTask) refers to drivers.o(.text.isGearReverse) for isGearReverse
    safety_tasks.o(.text.doorTask) refers to safety_tasks.o(.bss.doorLocked) for doorLocked
    safety_tasks.o(.text.doorTask) refers to drivers.o(.text.lockDoors) for lockDoors
    safety_tasks.o(.text.doorTask) refers to drivers.o(.text.isManualLockPressed) for isManualLockPressed
    safety_tasks.o(.text.doorTask) refers to drivers.o(.text.isManualUnlockPressed) for isManualUnlockPressed
    safety_tasks.o(.text.doorTask) refers to drivers.o(.text.unlockDoors) for unlockDoors
    safety_tasks.o(.text.doorTask) refers to drivers.o(.text.isDriverDoorOpen) for isDriverDoorOpen
    safety_tasks.o(.text.doorTask) refers to safety_tasks.o(.bss.lcdMutex) for lcdMutex
    safety_tasks.o(.text.doorTask) refers to queue.o(.text.xQueueSemaphoreTake) for xQueueSemaphoreTake
    safety_tasks.o(.text.doorTask) refers to lcd.o(.text.LCD_Clear) for LCD_Clear
    safety_tasks.o(.text.doorTask) refers to lcd.o(.text.LCD_SetCursor) for LCD_SetCursor
    safety_tasks.o(.text.doorTask) refers to safety_tasks.o(.rodata.str1.1) for .L.str.3
    safety_tasks.o(.text.doorTask) refers to lcd.o(.text.LCD_Print) for LCD_Print
    safety_tasks.o(.text.doorTask) refers to gpio.o(i.GPIOPinWrite) for GPIOPinWrite
    safety_tasks.o(.text.doorTask) refers to tasks.o(.text.vTaskDelay) for vTaskDelay
    safety_tasks.o(.ARM.exidx.text.doorTask) refers to safety_tasks.o(.text.doorTask) for [Anonymous Symbol]
    safety_tasks.o(.text.rearAssistTask) refers to drivers.o(.text.isIgnitionOn) for isIgnitionOn
    safety_tasks.o(.text.rearAssistTask) refers to drivers.o(.text.isGearReverse) for isGearReverse
    safety_tasks.o(.text.rearAssistTask) refers to drivers.o(.text.measureDistance) for measureDistance
    safety_tasks.o(.text.rearAssistTask) refers to safety_tasks.o(.bss.distanceQueue) for distanceQueue
    safety_tasks.o(.text.rearAssistTask) refers to queue.o(.text.xQueueGenericSend) for xQueueGenericSend
    safety_tasks.o(.text.rearAssistTask) refers to drivers.o(.text.setBuzzerFrequency) for setBuzzerFrequency
    safety_tasks.o(.text.rearAssistTask) refers to drivers.o(.text.setRGBColor) for setRGBColor
[...]
    _printf_percent_end                      0x0000038d   Thumb Code     0  _printf_percent_end.o(.ARM.Collect$$_printf_percent$$00000017)
    __rt_lib_init                            0x00000391   Thumb Code     0  libinit.o(.ARM.Collect$$libinit$$00000000)
    __rt_lib_init_fp_1                       0x00000393   Thumb Code     0  libinit2.o(.ARM.Collect$$libinit$$00000001)
    __rt_lib_init_heap_1                     0x00000397   Thumb Code     0  libinit2.o(.ARM.Collect$$libinit$$0000000C)
    __rt_lib_init_lc_common                  0x00000397   Thumb Code     0  libinit2.o(.ARM.Collect$$libinit$$00000011)
    __rt_lib_init_preinit_1                  0x00000397   Thumb Code     0  libinit2.o(.ARM.Collect$$libinit$$00000006)
    __rt_lib_init_rand_1                     0x00000397   Thumb Code     0  libinit2.o(.ARM.Collect$$libinit$$00000010)
    __rt_lib_init_relocate_pie_1             0x00000397   Thumb Code     0  libinit2.o(.ARM.Collect$$libinit$$00000004)
    __rt_lib_init_user_alloc_1               0x00000397   Thumb Code     0  libinit2.o(.ARM.Collect$$libinit$$0000000E)
    __rt_lib_init_lc_collate_1               0x0000039d   Thumb Code     0  libinit2.o(.ARM.Collect$$libinit$$00000013)
    __rt_lib_init_lc_ctype_2                 0x0000039d   Thumb Code     0  libinit2.o(.ARM.Collect$$libinit$$00000014)
    __rt_lib_init_lc_ctype_1                 0x000003a9   Thumb Code     0  libinit2.o(.ARM.Collect$$libinit$$00000015)
    __rt_lib_init_lc_monetary_1              0x000003a9   Thumb Code     0  libinit2.o(.ARM.Collect$$libinit$$00000017)
    __rt_lib_init_lc_numeric_2               0x000003a9   Thumb Code     0  libinit2.o(.ARM.Collect$$libinit$$00000018)
    __rt_lib_init_alloca_1                   0x000003b3   Thumb Code     0  libinit2.o(.ARM.Collect$$libinit$$00000030)
    __rt_lib_init_argv_1                     0x000003b3   Thumb Code     0  libinit2.o(.ARM.Collect$$libinit$$0000002E)
    __rt_lib_init_atexit_1                   0x000003b3   Thumb Code     0  libinit2.o(.ARM.Collect$$libinit$$0000001D)
    __rt_lib_init_clock_1                    0x000003b3   Thumb Code     0  libinit2.o(.ARM.Collect$$libinit$$00000023)
    __rt_lib_init_cpp_1                      0x000003b3   Thumb Code     0  libinit2.o(.ARM.Collect$$libinit$$00000034)
    __rt_lib_init_exceptions_1               0x000003b3   Thumb Code     0  libinit2.o(.ARM.Collect$$libinit$$00000032)
    __rt_lib_init_fp_trap_1                  0x000003b3   Thumb Code     0  libinit2.o(.ARM.Collect$$libinit$$00000021)
    __rt_lib_init_getenv_1                   0x000003b3   Thumb Code     0  libinit2.o(.ARM.Collect$$libinit$$00000025)
    __rt_lib_init_lc_numeric_1               0x000003b3   Thumb Code     0  libinit2.o(.ARM.Collect$$libinit$$00000019)
    __rt_lib_init_lc_time_1                  0x000003b3   Thumb Code     0  libinit2.o(.ARM.Collect$$libinit$$0000001B)
    __rt_lib_init_return                     0x000003b3   Thumb Code     0  libinit2.o(.ARM.Collect$$libinit$$00000035)
    __rt_lib_init_signal_1                   0x000003b3   Thumb Code     0  libinit2.o(.ARM.Collect$$libinit$$0000001F)
    __rt_lib_init_stdio_1                    0x000003b3   Thumb Code     0  libinit2.o(.ARM.Collect$$libinit$$00000027)
    __rt_lib_shutdown                        0x000003b5   Thumb Code     0  libshutdown.o(.ARM.Collect$$libshutdown$$00000000)
    __rt_lib_shutdown_cpp_1                  0x000003b7   Thumb Code     0  libshutdown2.o(.ARM.Collect$$libshutdown$$00000002)
    __rt_lib_shutdown_fp_trap_1              0x000003b7   Thumb Code     0  libshutdown2.o(.ARM.Collect$$libshutdown$$00000007)
    __rt_lib_shutdown_heap_1                 0x000003b7   Thumb Code     0  libshutdown2.o(.ARM.Collect$$libshutdown$$0000000F)
    __rt_lib_shutdown_return                 0x000003b7   Thumb Code     0  libshutdown2.o(.ARM.Collect$$libshutdown$$00000010)
    __rt_lib_shutdown_signal_1               0x000003b7   Thumb Code     0  libshutdown2.o(.ARM.Collect$$libshutdown$$0000000A)
    __rt_lib_shutdown_stdio_1                0x000003b7   Thumb Code     0  libshutdown2.o(.ARM.Collect$$libshutdown$$00000004)
    __rt_lib_shutdown_user_alloc_1           0x000003b7   Thumb Code     0  libshutdown2.o(.ARM.Collect$$libshutdown$$0000000C)
    __rt_entry                               0x000003b9   Thumb Code     0  __rtentry.o(.ARM.Collect$$rtentry$$00000000)
    __rt_entry_presh_1                       0x000003b9   Thumb Code     0  __rtentry2.o(.ARM.Collect$$rtentry$$00000002)
    __rt_entry_sh                            0x000003b9   Thumb Code     0  __rtentry4.o(.ARM.Collect$$rtentry$$00000004)
    __rt_entry_postsh_1                      0x000003bf   Thumb Code     0  __rtentry2.o(.ARM.Collect$$rtentry$$00000008)
    __rt_entry_li                            0x000003c7   Thumb Code     0  __rtentry2.o(.ARM.Collect$$rtentry$$0000000A)
    __rt_entry_main                          0x000003cb   Thumb Code     0  __rtentry2.o(.ARM.Collect$$rtentry$$0000000D)
    __rt_entry_postli_1                      0x000003cb   Thumb Code     0  __rtentry2.o(.ARM.Collect$$rtentry$$0000000C)
    __rt_exit                                0x000003d3   Thumb Code     0  rtexit.o(.ARM.Collect$$rtexit$$00000000)
    __rt_exit_ls                             0x000003d5   Thumb Code     0  rtexit2.o(.ARM.Collect$$rtexit$$00000003)
    __rt_exit_prels_1                        0x000003d5   Thumb Code     0  rtexit2.o(.ARM.Collect$$rtexit$$00000002)
    __rt_exit_exit                           0x000003d9   Thumb Code     0  rtexit2.o(.ARM.Collect$$rtexit$$00000004)
    SysCtlDelay                              0x000003e1   Thumb Code     6  sysctl.o(.emb_text)
    Reset_Handler                            0x000003e9   Thumb Code     8  startup_tm4c123.o(.text)
    NMI_Handler                              0x000003f1   Thumb Code     2  startup_tm4c123.o(.text)
    HardFault_Handler                        0x000003f3   Thumb Code     2  startup_tm4c123.o(.text)
    MemManage_Handler                        0x000003f5   Thumb Code     2  startup_tm4c123.o(.text)
    BusFault_Handler                         0x000003f7   Thumb Code     2  startup_tm4c123.o(.text)
    UsageFault_Handler                       0x000003f9   Thumb Code     2  startup_tm4c123.o(.text)
    DebugMon_Handler                         0x000003fd   Thumb Code     2  startup_tm4c123.o(.text)
    GPIOB_Handler                            0x00000405   Thumb Code     2  startup_tm4c123.o(.text)
    GPIOC_Handler                            0x00000407   Thumb Code     2  startup_tm4c123.o(.text)
    GPIOD_Handler                            0x00000409   Thumb Code     2  startup_tm4c123.o(.text)
    GPIOE_Handler                            0x0000040b   Thumb Code     2  startup_tm4c123.o(.text)
    UART0_Handler                            0x0000040d   Thumb Code     2  startup_tm4c123.o(.text)
    UART1_Handler                            0x0000040f   Thumb Code     2  startup_tm4c123.o(.text)
    SSI0_Handler                             0x00000411   Thumb Code     2  startup_tm4c123.o(.text)
    I2C0_Handler                             0x00000413   Thumb Code     2  startup_tm4c123.o(.text)
    PMW0_FAULT_Handler                       0x00000415   Thumb Code     2  startup_tm4c123.o(.text)
    PWM0_0_Handler                           0x00000417   Thumb Code     2  startup_tm4c123.o(.text)
    PWM0_1_Handler                           0x00000419   Thumb Code     2  startup_tm4c123.o(.text)
    PWM0_2_Handler                           0x0000041b   Thumb Code     2  startup_tm4c123.o(.text)
    QEI0_Handler                             0x0000041d   Thumb Code     2  startup_tm4c123.o(.text)
    ADC0SS0_Handler                          0x0000041f   Thumb Code     2  startup_tm4c123.o(.text)
    ADC0SS1_Handler                          0x00000421   Thumb Code     2  startup_tm4c123.o(.text)
    ADC0SS2_Handler                          0x00000423   Thumb Code     2  startup_tm4c123.o(.text)
    ADC0SS3_Handler                          0x00000425   Thumb Code     2  startup_tm4c123.o(.text)
    WDT0_Handler                             0x00000427   Thumb Code     2  startup_tm4c123.o(.text)
    TIMER0A_Handler                          0x00000429   Thumb Code     2  startup_tm4c123.o(.text)
    TIMER0B_Handler                          0x0000042b   Thumb Code     2  startup_tm4c123.o(.text)
    TIMER1A_Handler                          0x0000042d   Thumb Code     2  startup_tm4c123.o(.text)
    TIMER1B_Handler                          0x0000042f   Thumb Code     2  startup_tm4c123.o(.text)
    TIMER2A_Handler                          0x00000431   Thumb Code     2  startup_tm4c123.o(.text)
    TIMER2B_Handler                          0x00000433   Thumb Code     2  startup_tm4c123.o(.text)
    COMP0_Handler                            0x00000435   Thumb Code     2  startup_tm4c123.o(.text)
    COMP1_Handler                            0x00000437   Thumb Code     2  startup_tm4c123.o(.text)
    COMP2_Handler                            0x00000439   Thumb Code     2  startup_tm4c123.o(.text)
    SYSCTL_Handler                           0x0000043b   Thumb Code     2  startup_tm4c123.o(.text)
    FLASH_Handler                            0x0000043d   Thumb Code     2  startup_tm4c123.o(.text)
    GPIOF_Handler                            0x0000043f   Thumb Code     2  startup_tm4c123.o(.text)
    GPIOG_Handler                            0x00000441   Thumb Code     2  startup_tm4c123.o(.text)
    GPIOH_Handler                            0x00000443   Thumb Code     2  startup_tm4c123.o(.text)
    UART2_Handler                            0x00000445   Thumb Code     2  startup_tm4c123.o(.text)
    SSI1_Handler                             0x00000447   Thumb Code     2  startup_tm4c123.o(.text)
    TIMER3A_Handler                          0x00000449   Thumb Code     2  startup_tm4c123.o(.text)
    TIMER3B_Handler                          0x0000044b   Thumb Code     2  startup_tm4c123.o(.text)
    I2C1_Handler                             0x0000044d   Thumb Code     2  startup_tm4c123.o(.text)
    QEI1_Handler                             0x0000044f   Thumb Code     2  startup_tm4c123.o(.text)
    CAN0_Handler                             0x00000451   Thumb Code     2  startup_tm4c123.o(.text)
    CAN1_Handler                             0x00000453   Thumb Code     2  startup_tm4c123.o(.text)
    CAN2_Handler                             0x00000455   Thumb Code     2  startup_tm4c123.o(.text)
    HIB_Handler                              0x00000457   Thumb Code     2  startup_tm4c123.o(.text)
    USB0_Handler                             0x00000459   Thumb Code     2  startup_tm4c123.o(.text)
    PWM0_3_Handler                           0x0000045b   Thumb Code     2  startup_tm4c123.o(.text)
    UDMA_Handler                             0x0000045d   Thumb Code     2  startup_tm4c123.o(.text)
    UDMAERR_Handler                          0x0000045f   Thumb Code     2  startup_tm4c123.o(.text)
    ADC1SS0_Handler                          0x00000461   Thumb Code     2  startup_tm4c123.o(.text)
    ADC1SS1_Handler                          0x00000463   Thumb Code     2  startup_tm4c123.o(.text)
    ADC1SS2_Handler                          0x00000465   Thumb Code     2  startup_tm4c123.o(.text)
    ADC1SS3_Handler                          0x00000467   Thumb Code     2  startup_tm4c123.o(.text)
    GPIOJ_Handler                            0x00000469   Thumb Code     2  startup_tm4c123.o(.text)
    GPIOK_Handler                            0x0000046b   Thumb Code     2  startup_tm4c123.o(.text)
    GPIOL_Handler                            0x0000046d   Thumb Code     2  startup_tm4c123.o(.text)
    SSI2_Handler                             0x0000046f   Thumb Code     2  startup_tm4c123.o(.text)
    SSI3_Handler                             0x00000471   Thumb Code     2  startup_tm4c123.o(.text)
    UART3_Handler                            0x00000473   Thumb Code     2  startup_tm4c123.o(.text)
    UART4_Handler                            0x00000475   Thumb Code     2  startup_tm4c123.o(.text)
    UART5_Handler                            0x00000477   Thumb Code     2  startup_tm4c123.o(.text)
    UART6_Handler                            0x00000479   Thumb Code     2  startup_tm4c123.o(.text)
    UART7_Handler                            0x0000047b   Thumb Code     2  startup_tm4c123.o(.text)
    I2C2_Handler                             0x0000047d   Thumb Code     2  startup_tm4c123.o(.text)
    I2C3_Handler                             0x0000047f   Thumb Code     2  startup_tm4c123.o(.text)
    TIMER4A_Handler                          0x00000481   Thumb Code     2  startup_tm4c123.o(.text)
    TIMER4B_Handler                          0x00000483   Thumb Code     2  startup_tm4c123.o(.text)
    TIMER5A_Handler                          0x00000485   Thumb Code     2  startup_tm4c123.o(.text)
    TIMER5B_Handler                          0x00000487   Thumb Code     2  startup_tm4c123.o(.text)
    WTIMER0A_Handler                         0x00000489   Thumb Code     2  startup_tm4c123.o(.text)
    WTIMER0B_Handler                         0x0000048b   Thumb Code     2  startup_tm4c123.o(.text)
    WTIMER1A_Handler                         0x0000048d   Thumb Code     2  startup_tm4c123.o(.text)
    WTIMER1B_Handler                         0x0000048f   Thumb Code     2  startup_tm4c123.o(.text)
    WTIMER2A_Handler                         0x00000491   Thumb Code     2  startup_tm4c123.o(.text)
    WTIMER2B_Handler                         0x00000493   Thumb Code     2  startup_tm4c123.o(.text)
    WTIMER3A_Handler                         0x00000495   Thumb Code     2  startup_tm4c123.o(.text)
    WTIMER3B_Handler                         0x00000497   Thumb Code     2  startup_tm4c123.o(.text)
    WTIMER4A_Handler                         0x00000499   Thumb Code     2  startup_tm4c123.o(.text)
    WTIMER4B_Handler                         0x0000049b   Thumb Code     2  startup_tm4c123.o(.text)
    WTIMER5A_Handler                         0x0000049d   Thumb Code     2  startup_tm4c123.o(.text)
    WTIMER5B_Handler                         0x0000049f   Thumb Code     2  startup_tm4c123.o(.text)
    FPU_Handler                              0x000004a1   Thumb Code     2  startup_tm4c123.o(.text)
    I2C4_Handler                             0x000004a3   Thumb Code     2  startup_tm4c123.o(.text)
    I2C5_Handler                             0x000004a5   Thumb Code     2  startup_tm4c123.o(.text)
    GPIOM_Handler                            0x000004a7   Thumb Code     2  startup_tm4c123.o(.text)
    GPION_Handler                            0x000004a9   Thumb Code     2  startup_tm4c123.o(.text)
    QEI2_Handler                             0x000004ab   Thumb Code     2  startup_tm4c123.o(.text)
    GPIOP0_Handler                           0x000004ad   Thumb Code     2  startup_tm4c123.o(.text)
    GPIOP1_Handler                           0x000004af   Thumb Code     2  startup_tm4c123.o(.text)
    GPIOP2_Handler                           0x000004b1   Thumb Code     2  startup_tm4c123.o(.text)
    GPIOP3_Handler                           0x000004b3   Thumb Code     2  startup_tm4c123.o(.text)
    GPIOP4_Handler                           0x000004b5   Thumb Code     2  startup_tm4c123.o(.text)
    GPIOP5_Handler                           0x000004b7   Thumb Code     2  startup_tm4c123.o(.text)
    GPIOP6_Handler                           0x000004b9   Thumb Code     2  startup_tm4c123.o(.text)
    GPIOP7_Handler                           0x000004bb   Thumb Code     2  startup_tm4c123.o(.text)
    GPIOQ0_Handler                           0x000004bd   Thumb Code     2  startup_tm4c123.o(.text)
    GPIOQ1_Handler                           0x000004bf   Thumb Code     2  startup_tm4c123.o(.text)
    GPIOQ2_Handler                           0x000004c1   Thumb Code     2  startup_tm4c123.o(.text)
    GPIOQ3_Handler                           0x000004c3   Thumb Code     2  startup_tm4c123.o(.text)
    GPIOQ4_Handler                           0x000004c5   Thumb Code     2  startup_tm4c123.o(.text)
    GPIOQ5_Handler                           0x000004c7   Thumb Code     2  startup_tm4c123.o(.text)
    GPIOQ6_Handler                           0x000004c9   Thumb Code     2  startup_tm4c123.o(.text)
    GPIOQ7_Handler                           0x000004cb   Thumb Code     2  startup_tm4c123.o(.text)
    GPIOR_Handler                            0x000004cd   Thumb Code     2  startup_tm4c123.o(.text)
    GPIOS_Handler                            0x000004cf   Thumb Code     2  startup_tm4c123.o(.text)
    PMW1_0_Handler                           0x000004d1   Thumb Code     2  startup_tm4c123.o(.text)
    PWM1_1_Handler                           0x000004d3   Thumb Code     2  startup_tm4c123.o(.text)
    PWM1_2_Handler                           0x000004d5   Thumb Code     2  startup_tm4c123.o(.text)
    PWM1_3_Handler                           0x000004d7   Thumb Code     2  startup_tm4c123.o(.text)
    PWM1_FAULT_Handler                       0x000004d9   Thumb Code     2  startup_tm4c123.o(.text)
    __user_initial_stackheap                 0x000004dd   Thumb Code     0  startup_tm4c123.o(.text)
    snprintf                                 0x000004fd   Thumb Code    58  snprintf.o(.text)
    strlen                                   0x0000053d   Thumb Code    62  strlen.o(.text)
    __aeabi_memcpy                           0x0000057b   Thumb Code     0  rt_memcpy_v6.o(.text)
    __rt_memcpy                              0x0000057b   Thumb Code   138  rt_memcpy_v6.o(.text)
    _memcpy_lastbytes                        0x000005e1   Thumb Code     0  rt_memcpy_v6.o(.text)
    __aeabi_memset4                          0x00000605   Thumb Code    16  aeabi_memset4.o(.text)
    __aeabi_memset8                          0x00000605   Thumb Code     0  aeabi_memset4.o(.text)
    __aeabi_memclr                           0x00000615   Thumb Code     0  rt_memclr.o(.text)
    __rt_memclr                              0x00000615   Thumb Code     0  rt_memclr.o(.text)
    _memset                                  0x00000619   Thumb Code    64  rt_memclr.o(.text)
    strcmp                                   0x00000659   Thumb Code   124  strcmpv7em.o(.text)
    __use_two_region_memory                  0x000006d5   Thumb Code     2  heapauxi.o(.text)
    __rt_heap_escrow$2region                 0x000006d7   Thumb Code     2  heapauxi.o(.text)
    __rt_heap_expand$2region                 0x000006d9   Thumb Code     2  heapauxi.o(.text)
    _printf_pre_padding                      0x000006db   Thumb Code    44  _printf_pad.o(.text)
    _printf_post_padding                     0x00000707   Thumb Code    34  _printf_pad.o(.text)
    _printf_truncate_signed                  0x00000729   Thumb Code    18  _printf_truncate.o(.text)
    _printf_truncate_unsigned                0x0000073b   Thumb Code    18  _printf_truncate.o(.text)
    _printf_str                              0x0000074d   Thumb Code    82  _printf_str.o(.text)
    _printf_int_dec                          0x000007a1   Thumb Code   104  _printf_dec.o(.text)
    _printf_charcount                        0x00000819   Thumb Code    40  _printf_charcount.o(.text)
    _printf_char_common                      0x0000084b   Thumb Code    32  _printf_char_common.o(.text)
    _snputc                                  0x00000871   Thumb Code    16  _snputc.o(.text)
    _printf_wctomb                           0x00000881   Thumb Code   182  _printf_wctomb.o(.text)
    _printf_longlong_dec                     0x0000093d   Thumb Code   108  _printf_longlong_dec.o(.text)
    _printf_longlong_oct                     0x000009b9   Thumb Code    68  _printf_oct_int_ll.o(.text)
    _printf_int_oct                          0x000009fd   Thumb Code    24  _printf_oct_int_ll.o(.text)
    _printf_ll_oct                           0x00000a15   Thumb Code    12  _printf_oct_int_ll.o(.text)
    _printf_longlong_hex                     0x00000a29   Thumb Code    86  _printf_hex_int_ll_ptr.o(.text)
    _printf_int_hex                          0x00000a7f   Thumb Code    28  _printf_hex_int_ll_ptr.o(.text)
    _printf_ll_hex                           0x00000a9b   Thumb Code    12  _printf_hex_int_ll_ptr.o(.text)
    _printf_hex_ptr                          0x00000aa7   Thumb Code    18  _printf_hex_int_ll_ptr.o(.text)
    __printf                                 0x00000abd   Thumb Code   388  __printf_flags_ss_wp.o(.text)
    __aeabi_memcpy4                          0x00000c45   Thumb Code     0  rt_memcpy_w.o(.text)
    __aeabi_memcpy8                          0x00000c45   Thumb Code     0  rt_memcpy_w.o(.text)
    __rt_memcpy_w                            0x00000c45   Thumb Code   100  rt_memcpy_w.o(.text)
    _memcpy_lastbytes_aligned                0x00000c8d   Thumb Code     0  rt_memcpy_w.o(.text)
    __aeabi_memclr4                          0x00000ca9   Thumb Code     0  rt_memclr_w.o(.text)
    __aeabi_memclr8                          0x00000ca9   Thumb Code     0  rt_memclr_w.o(.text)
    __rt_memclr_w                            0x00000ca9   Thumb Code     0  rt_memclr_w.o(.text)
    _memset_w                                0x00000cad   Thumb Code    74  rt_memclr_w.o(.text)
    _ll_udiv10                               0x00000cf7   Thumb Code   138  lludiv10.o(.text)
    _printf_int_common                       0x00000d81   Thumb Code   178  _printf_intcommon.o(.text)
    _printf_fp_dec_real                      0x00000fe3   Thumb Code   620  _printf_fp_dec.o(.text)
    _printf_fp_hex_real                      0x00001251   Thumb Code   756  _printf_fp_hex.o(.text)
    _printf_cs_common                        0x0000154d   Thumb Code    20  _printf_char.o(.text)
    _printf_char                             0x00001561   Thumb Code    16  _printf_char.o(.text)
    _printf_string                           0x00001571   Thumb Code     8  _printf_char.o(.text)
    _printf_lcs_common                       0x00001579   Thumb Code    20  _printf_wchar.o(.text)
    _printf_wchar                            0x0000158d   Thumb Code    16  _printf_wchar.o(.text)
    _printf_wstring                          0x0000159d   Thumb Code     8  _printf_wchar.o(.text)
    _c16rtomb                                0x000015a5   Thumb Code    72  _c16rtomb.o(.text)
    _wcrtomb                                 0x000015a5   Thumb Code     0  _c16rtomb.o(.text)
    __user_setup_stackheap                   0x000015ed   Thumb Code    74  sys_stackheap_outer.o(.text)
    __rt_ctype_table                         0x00001639   Thumb Code    16  rt_ctype_table.o(.text)
    __rt_locale                              0x00001649   Thumb Code    10  rt_locale_twolibspace.o(.text)
    _printf_fp_infnan                        0x00001655   Thumb Code   112  _printf_fp_infnan.o(.text)
    _btod_etento                             0x000016d5   Thumb Code   224  bigflt0.o(.text)
    exit                                     0x000017b9   Thumb Code    18  exit.o(.text)
    __user_libspace                          0x000017cd   Thumb Code     8  libspace.o(.text)
    __user_perproc_libspace                  0x000017cd   Thumb Code     0  libspace.o(.text)
    _sys_exit                                0x000017d5   Thumb Code     8  sys_exit.o(.text)
    __I$use$semihosting                      0x000017e1   Thumb Code     0  use_no_semi.o(.text)
    __use_no_semihosting_swi                 0x000017e1   Thumb Code     2  use_no_semi.o(.text)
    __semihosting_library_function           0x000017e3   Thumb Code     0  indicate_semi.o(.text)
    _fp_init                                 0x000017e5   Thumb Code    22  clib_os.o(.text.$Sub$$_fp_init)
    GPIOA_Handler                            0x000017fd   Thumb Code   168  drivers.o(.text.GPIOA_Handler)
    LCD_Clear                                0x000018a5   Thumb Code    16  lcd.o(.text.LCD_Clear)
    LCD_Print                                0x000018b5   Thumb Code    56  lcd.o(.text.LCD_Print)
    LCD_SetCursor                            0x000019ed   Thumb Code    84  lcd.o(.text.LCD_SetCursor)
    PendSV_Handler                           0x00001a41   Thumb Code    96  port.o(.text.PendSV_Handler)
    SVC_Handler                              0x00001aa1   Thumb Code    32  port.o(.text.SVC_Handler)
    SysTick_Handler                          0x00001ac1   Thumb Code    30  cmsis_os2.o(.text.SysTick_Handler)
    SystemInit                               0x00001ae1   Thumb Code   268  system_tm4c123.o(.text.SystemInit)
    _mutex_acquire                           0x00001bed   Thumb Code    40  clib_os.o(.text._mutex_acquire)
    _mutex_free                              0x00001c15   Thumb Code    84  clib_os.o(.text._mutex_free)
    _mutex_initialize                        0x00001c69   Thumb Code   168  clib_os.o(.text._mutex_initialize)
    _mutex_release                           0x00001d11   Thumb Code    42  clib_os.o(.text._mutex_release)
    _platform_post_stackheap_init            0x00001d3d   Thumb Code     2  clib_os.o(.text._platform_post_stackheap_init)
    createSafetyTasks                        0x00001d41   Thumb Code   174  safety_tasks.o(.text.createSafetyTasks)
    debounceDelay                            0x00001df1   Thumb Code    26  drivers.o(.text.debounceDelay)
    delay_ms                                 0x00001e31   Thumb Code    48  drivers.o(.text.delay_ms)
    doorTask                                 0x00001e61   Thumb Code   284  safety_tasks.o(.text.doorTask)
    initADC                                  0x00001f7d   Thumb Code   152  drivers.o(.text.initADC)
    initBuzzer                               0x00002015   Thumb Code    18  drivers.o(.text.initBuzzer)
    initGPIO                                 0x00002029   Thumb Code   176  drivers.o(.text.initGPIO)
    initLCD                                  0x000020d9   Thumb Code   104  lcd.o(.text.initLCD)
    initRGB                                  0x00002141   Thumb Code    18  drivers.o(.text.initRGB)
    initUltrasonic                           0x00002155   Thumb Code   156  drivers.o(.text.initUltrasonic)
    isDriverDoorOpen                         0x000021f1   Thumb Code    18  drivers.o(.text.isDriverDoorOpen)
    isGearDrive                              0x00002205   Thumb Code    20  drivers.o(.text.isGearDrive)
    isGearReverse                            0x00002219   Thumb Code    20  drivers.o(.text.isGearReverse)
    isIgnitionOn                             0x0000222d   Thumb Code    18  drivers.o(.text.isIgnitionOn)
    isManualLockPressed                      0x00002241   Thumb Code    52  drivers.o(.text.isManualLockPressed)
    isManualUnlockPressed                    0x00002275   Thumb Code    52  drivers.o(.text.isManualUnlockPressed)
    lcdUpdateTask                            0x000022c9   Thumb Code   210  safety_tasks.o(.text.lcdUpdateTask)
    lockDoors                                0x0000239d   Thumb Code    20  drivers.o(.text.lockDoors)
    main                                     0x000023b1   Thumb Code    24  main.o(.text.main)
    measureDistance                          0x000023c9   Thumb Code   276  drivers.o(.text.measureDistance)
    pvPortMalloc                             0x000035c9   Thumb Code   696  heap_4.o(.text.pvPortMalloc)
    pvTaskIncrementMutexHeldCount            0x00003881   Thumb Code    36  tasks.o(.text.pvTaskIncrementMutexHeldCount)
    pxPortInitialiseStack                    0x000038a5   Thumb Code    94  port.o(.text.pxPortInitialiseStack)
    readSpeedADC                             0x00003905   Thumb Code   104  drivers.o(.text.readSpeedADC)
    rearAssistTask                           0x0000396d   Thumb Code   140  safety_tasks.o(.text.rearAssistTask)
    setBuzzerFrequency                       0x000039f9   Thumb Code    80  drivers.o(.text.setBuzzerFrequency)
    setRGBColor                              0x00003a49   Thumb Code   114  drivers.o(.text.setRGBColor)
    setupHardware                            0x00003abd   Thumb Code    28  main.o(.text.setupHardware)
    unlockDoors                              0x00003ad9   Thumb Code    20  drivers.o(.text.unlockDoors)
    uxListRemove                             0x00003aed   Thumb Code    72  list.o(.text.uxListRemove)
    vApplicationGetIdleTaskMemory            0x00003b35   Thumb Code    42  tasks.o(.text.vApplicationGetIdleTaskMemory)
    vApplicationGetTimerTaskMemory           0x00003b61   Thumb Code    42  tasks.o(.text.vApplicationGetTimerTaskMemory)
    vApplicationStackOverflowHook            0x00003b8d   Thumb Code    16  cmsis_os2.o(.text.vApplicationStackOverflowHook)
    vListInitialise                          0x00003b9d   Thumb Code    46  list.o(.text.vListInitialise)
    vListInitialiseItem                      0x00003bcd   Thumb Code    14  list.o(.text.vListInitialiseItem)
    vListInsert                              0x00003bdd   Thumb Code   106  list.o(.text.vListInsert)
    vPortEnterCritical                       0x00003c5d   Thumb Code    72  port.o(.text.vPortEnterCritical)
    vPortExitCritical                        0x00003ca5   Thumb Code    60  port.o(.text.vPortExitCritical)
    vPortFree                                0x00003ce1   Thumb Code   222  heap_4.o(.text.vPortFree)
    vPortSetupTimerInterrupt                 0x00003dc1   Thumb Code    68  port.o(.text.vPortSetupTimerInterrupt)
    vQueueDelete                             0x00003e05   Thumb Code    48  queue.o(.text.vQueueDelete)
    vQueueWaitForMessageRestricted           0x00003e35   Thumb Code   100  queue.o(.text.vQueueWaitForMessageRestricted)
    vTaskDelay                               0x00003e99   Thumb Code    98  tasks.o(.text.vTaskDelay)
    vTaskInternalSetTimeOutState             0x00003efd   Thumb Code    36  tasks.o(.text.vTaskInternalSetTimeOutState)
    vTaskMissedYield                         0x00003f21   Thumb Code    14  tasks.o(.text.vTaskMissedYield)
    vTaskPlaceOnEventList                    0x00003f31   Thumb Code    52  tasks.o(.text.vTaskPlaceOnEventList)
    vTaskPlaceOnEventListRestricted          0x00003f65   Thumb Code   114  tasks.o(.text.vTaskPlaceOnEventListRestricted)
    vTaskPriorityDisinheritAfterTimeout      0x00003fd9   Thumb Code   358  tasks.o(.text.vTaskPriorityDisinheritAfterTimeout)
    vTaskStartScheduler                      0x00004141   Thumb Code   130  tasks.o(.text.vTaskStartScheduler)
    vTaskSuspendAll                          0x000041c5   Thumb Code    16  tasks.o(.text.vTaskSuspendAll)
    vTaskSwitchContext                       0x000041d5   Thumb Code   312  tasks.o(.text.vTaskSwitchContext)
    xPortStartScheduler                      0x0000430d   Thumb Code   428  port.o(.text.xPortStartScheduler)
    xPortSysTickHandler                      0x000044b9   Thumb Code    62  port.o(.text.xPortSysTickHandler)
    xQueueCreateMutex                        0x000044f9   Thumb Code    38  queue.o(.text.xQueueCreateMutex)
    xQueueCreateMutexStatic                  0x00004521   Thumb Code    50  queue.o(.text.xQueueCreateMutexStatic)
    xQueueGenericCreate                      0x00004555   Thumb Code   148  queue.o(.text.xQueueGenericCreate)
    xQueueGenericCreateStatic                0x000045e9   Thumb Code   158  queue.o(.text.xQueueGenericCreateStatic)
    xQueueGenericReset                       0x00004689   Thumb Code   236  queue.o(.text.xQueueGenericReset)
    xQueueGenericSend                        0x00004775   Thumb Code   500  queue.o(.text.xQueueGenericSend)
    xQueueReceive                            0x00004969   Thumb Code   434  queue.o(.text.xQueueReceive)
    xQueueSemaphoreTake                      0x00004b1d   Thumb Code   486  queue.o(.text.xQueueSemaphoreTake)
    xTaskCheckForTimeOut                     0x00004d05   Thumb Code   224  tasks.o(.text.xTaskCheckForTimeOut)
    xTaskCreate                              0x00004de5   Thumb Code    82  tasks.o(.text.xTaskCreate)
    xTaskCreateStatic                        0x00004e39   Thumb Code    92  tasks.o(.text.xTaskCreateStatic)
    xTaskGetSchedulerState                   0x00004e95   Thumb Code    56  tasks.o(.text.xTaskGetSchedulerState)
    xTaskGetTickCount                        0x00004ecd   Thumb Code    20  tasks.o(.text.xTaskGetTickCount)
    xTaskIncrementTick                       0x00004ee1   Thumb Code   630  tasks.o(.text.xTaskIncrementTick)
    xTaskPriorityDisinherit                  0x00005159   Thumb Code   286  tasks.o(.text.xTaskPriorityDisinherit)
    xTaskPriorityInherit                     0x00005279   Thumb Code   348  tasks.o(.text.xTaskPriorityInherit)
    xTaskRemoveFromEventList                 0x000053d5   Thumb Code   418  tasks.o(.text.xTaskRemoveFromEventList)
    xTaskResumeAll                           0x00005579   Thumb Code   584  tasks.o(.text.xTaskResumeAll)
    xTimerCreateTimerTask                    0x000057c1   Thumb Code   134  timers.o(.text.xTimerCreateTimerTask)
    _btod_d2e                                0x00005847   Thumb Code    62  btod.o(CL$$btod_d2e)
    _d2e_denorm_low                          0x00005885   Thumb Code    70  btod.o(CL$$btod_d2e_denorm_low)
    _d2e_norm_op1                            0x000058cb   Thumb Code    96  btod.o(CL$$btod_d2e_norm_op1)
    __btod_div_common                        0x0000592d   Thumb Code   696  btod.o(CL$$btod_div_common)
    _e2e                                     0x00005c65   Thumb Code   220  btod.o(CL$$btod_e2e)
    _btod_ediv                               0x00005d41   Thumb Code    42  btod.o(CL$$btod_ediv)
    _btod_emul                               0x00005d6b   Thumb Code    42  btod.o(CL$$btod_emul)
    __btod_mult_common                       0x00005d95   Thumb Code   580  btod.o(CL$$btod_mult_common)
    ADCIntClear                              0x00005fd9   Thumb Code    10  adc.o(i.ADCIntClear)
    ADCIntStatus                             0x00005fe3   Thumb Code    52  adc.o(i.ADCIntStatus)
    ADCProcessorTrigger                      0x00006017   Thumb Code    26  adc.o(i.ADCProcessorTrigger)
    ADCSequenceConfigure                     0x00006031   Thumb Code    96  adc.o(i.ADCSequenceConfigure)
    ADCSequenceDataGet                       0x00006091   Thumb Code    36  adc.o(i.ADCSequenceDataGet)
    ADCSequenceEnable                        0x000060b5   Thumb Code    14  adc.o(i.ADCSequenceEnable)
    ADCSequenceStepConfigure                 0x000060c3   Thumb Code   154  adc.o(i.ADCSequenceStepConfigure)
    GPIODirModeSet                           0x0000615d   Thumb Code    40  gpio.o(i.GPIODirModeSet)
    GPIOIntClear                             0x00006185   Thumb Code     6  gpio.o(i.GPIOIntClear)
    GPIOIntDisable                           0x0000618b   Thumb Code    14  gpio.o(i.GPIOIntDisable)
    GPIOIntEnable                            0x00006199   Thumb Code    12  gpio.o(i.GPIOIntEnable)
    GPIOIntRegister                          0x000061a5   Thumb Code    26  gpio.o(i.GPIOIntRegister)
    GPIOIntStatus                            0x000061bf   Thumb Code    14  gpio.o(i.GPIOIntStatus)
    GPIOIntTypeSet                           0x000061cd   Thumb Code    80  gpio.o(i.GPIOIntTypeSet)
    GPIOPadConfigSet                         0x0000621d   Thumb Code   354  gpio.o(i.GPIOPadConfigSet)
    GPIOPinConfigure                         0x0000638d   Thumb Code    60  gpio.o(i.GPIOPinConfigure)
    GPIOPinRead                              0x000063d1   Thumb Code     6  gpio.o(i.GPIOPinRead)
    GPIOPinTypeADC                           0x000063d7   Thumb Code    28  gpio.o(i.GPIOPinTypeADC)
    GPIOPinTypeGPIOInput                     0x000063f3   Thumb Code    28  gpio.o(i.GPIOPinTypeGPIOInput)
    GPIOPinTypeGPIOOutput                    0x0000640f   Thumb Code    28  gpio.o(i.GPIOPinTypeGPIOOutput)
    GPIOPinTypeTimer                         0x0000642b   Thumb Code    28  gpio.o(i.GPIOPinTypeTimer)
    GPIOPinWrite                             0x00006447   Thumb Code     6  gpio.o(i.GPIOPinWrite)
    IntEnable                                0x0000644d   Thumb Code    92  interrupt.o(i.IntEnable)
    IntRegister                              0x000064b1   Thumb Code    44  interrupt.o(i.IntRegister)
    SysCtlClockGet                           0x000064e5   Thumb Code   304  sysctl.o(i.SysCtlClockGet)
    SysCtlPeripheralEnable                   0x00006639   Thumb Code    36  sysctl.o(i.SysCtlPeripheralEnable)
    SysCtlPeripheralReady                    0x00006661   Thumb Code    40  sysctl.o(i.SysCtlPeripheralReady)
    TimerConfigure                           0x0000668d   Thumb Code    88  timer.o(i.TimerConfigure)
    TimerControlEvent                        0x000066ed   Thumb Code    18  timer.o(i.TimerControlEvent)
    TimerEnable                              0x000066ff   Thumb Code    14  timer.o(i.TimerEnable)
    TimerIntClear                            0x0000670d   Thumb Code     4  timer.o(i.TimerIntClear)
    TimerIntStatus                           0x00006711   Thumb Code    10  timer.o(i.TimerIntStatus)
    TimerValueGet                            0x0000671b   Thumb Code    10  timer.o(i.TimerValueGet)
    __ARM_fpclassify                         0x00006775   Thumb Code    48  fpclassify.o(i.__ARM_fpclassify)
    _is_digit                                0x000067a5   Thumb Code    14  __printf_wp.o(i._is_digit)
    _get_lc_numeric                          0x000067b5   Thumb Code    44  lc_numeric_c.o(locale$$code)
    _get_lc_ctype                            0x000067e1   Thumb Code    44  lc_ctype_c.o(locale$$code)
    $Super$$_fp_init                         0x0000680d   Thumb Code    26  fpinit.o(x$fpl$fpinit)
    __fplib_config_fpu_vfp                   0x00006825   Thumb Code     0  fpinit.o(x$fpl$fpinit)
    __fplib_config_pureend_doubles           0x00006825   Thumb Code     0  fpinit.o(x$fpl$fpinit)
    _printf_fp_dec                           0x00006827   Thumb Code     4  printf1.o(x$fpl$printf1)
    _printf_fp_hex                           0x0000682b   Thumb Code     4  printf2.o(x$fpl$printf2)
    __I$use$fp                               0x0000682e   Number         0  usenofp.o(x$fpl$usenofp)
    Region$$Table$$Base                      0x00006f14   Number         0  anon$$obj.o(Region$$Table)
    Region$$Table$$Limit                     0x00006f34   Number         0  anon$$obj.o(Region$$Table)
    __ctype                                  0x00006f5d   Data           0  lc_ctype_c.o(locale$$data)
    SystemCoreClock                          0x20000000   Data           4  system_tm4c123.o(.data.SystemCoreClock)
    __libspace_start                         0x20000670   Data          96  libspace.o(.bss)
    __temporary_stack_top$libspace           0x200006d0   Data           0  libspace.o(.bss)
    distanceQueue                            0x20000874   Data           4  safety_tasks.o(.bss.distanceQueue)
    doorLocked                               0x20000878   Data           1  safety_tasks.o(.bss.doorLocked)
    driverDoorState                          0x2000087c   Data           4  drivers.o(.bss.driverDoorState)
    ignitionState                            0x20000880   Data           4  drivers.o(.bss.ignitionState)
    lcdMutex                                 0x20000884   Data           4  safety_tasks.o(.bss.lcdMutex)
    manualLockFlag                           0x20000888   Data           4  drivers.o(.bss.manualLockFlag)
    manualUnlockFlag                         0x2000088c   Data           4  drivers.o(.bss.manualUnlockFlag)
    pxCurrentTCB                             0x20000934   Data           4  tasks.o(.bss.pxCurrentTCB)
    speedQueue                               0x20000dac   Data           4  safety_tasks.o(.bss.speedQueue)



==============================================================================

Memory Map of the image

  Image Entry point : 0x000003e9

  Load Region LR_1 (Base: 0x00000000, Size: 0x00007a6c, Max: 0xffffffff, ABSOLUTE, COMPRESSED[0x00007418])

    Execution Region ER_RO (Exec base: 0x00000000, Load base: 0x00000000, Size: 0x00007060, Max: 0xffffffff, ABSOLUTE)

    Exec Addr    Load Addr    Size         Type   Attr      Idx    E Section Name        Object

    0x00000000   0x00000000   0x0000026c   Data   RO          361    RESET               startup_tm4c123.o
    0x0000026c   0x0000026c   0x00000008   Code   RO         2183  * !!!main             c_w.l(__main.o)
    0x00000274   0x00000274   0x00000034   Code   RO         2524    !!!scatter          c_w.l(__scatter.o)
    0x000002a8   0x000002a8   0x0000003a   Code   RO         2522    !!dczerorl          c_w.l(__dczerorl.o)
    0x000002e2   0x000002e2   0x00000002   PAD
    0x000002e4   0x000002e4   0x0000001c   Code   RO         2526    !!handler_zi        c_w.l(__scatter_zi.o)
    0x00000300   0x00000300   0x00000000   Code   RO         2269    .ARM.Collect$$_printf_percent$$00000000  c_w.l(_printf_percent.o)
    0x00000300   0x00000300   0x00000006   Code   RO         2258    .ARM.Collect$$_printf_percent$$00000001  c_w.l(_printf_n.o)
    0x00000306   0x00000306   0x00000006   Code   RO         2260    .ARM.Collect$$_printf_percent$$00000002  c_w.l(_printf_p.o)
    0x0000030c   0x0000030c   0x00000006   Code   RO         2265    .ARM.Collect$$_printf_percent$$00000003  c_w.l(_printf_f.o)
    0x00000312   0x00000312   0x00000006   Code   RO         2266    .ARM.Collect$$_printf_percent$$00000004  c_w.l(_printf_e.o)
    0x00000318   0x00000318   0x00000006   Code   RO         2267    .ARM.Collect$$_printf_percent$$00000005  c_w.l(_printf_g.o)
    0x0000031e   0x0000031e   0x00000006   Code   RO         2268    .ARM.Collect$$_printf_percent$$00000006  c_w.l(_printf_a.o)
    0x00000324   0x00000324   0x0000000a   Code   RO         2273    .ARM.Collect$$_printf_percent$$00000007  c_w.l(_printf_ll.o)
    0x0000032e   0x0000032e   0x00000006   Code   RO         2262    .ARM.Collect$$_printf_percent$$00000008  c_w.l(_printf_i.o)
    0x00000334   0x00000334   0x00000006   Code   RO         2263    .ARM.Collect$$_printf_percent$$00000009  c_w.l(_printf_d.o)
    0x0000033a   0x0000033a   0x00000006   Code   RO         2264    .ARM.Collect$$_printf_percent$$0000000A  c_w.l(_printf_u.o)
    0x00000340   0x00000340   0x00000006   Code   RO         2261    .ARM.Collect$$_printf_percent$$0000000B  c_w.l(_printf_o.o)
    0x00000346   0x00000346   0x00000006   Code   RO         2259    .ARM.Collect$$_printf_percent$$0000000C  c_w.l(_printf_x.o)
    0x0000034c   0x0000034c   0x00000006   Code   RO         2270    .ARM.Collect$$_printf_percent$$0000000D  c_w.l(_printf_lli.o)
    0x00000352   0x00000352   0x00000006   Code   RO         2271    .ARM.Collect$$_printf_percent$$0000000E  c_w.l(_printf_lld.o)
    0x00000358   0x00000358   0x00000006   Code   RO         2272    .ARM.Collect$$_printf_percent$$0000000F  c_w.l(_printf_llu.o)
    0x0000035e   0x0000035e   0x00000006   Code   RO         2277    .ARM.Collect$$_printf_percent$$00000010  c_w.l(_printf_llo.o)
    0x00000364   0x00000364   0x00000006   Code   RO         2278    .ARM.Collect$$_printf_percent$$00000011  c_w.l(_printf_llx.o)
    0x0000036a   0x0000036a   0x0000000a   Code   RO         2274    .ARM.Collect$$_printf_percent$$00000012  c_w.l(_printf_l.o)
    0x00000374   0x00000374   0x00000006   Code   RO         2256    .ARM.Collect$$_printf_percent$$00000013  c_w.l(_printf_c.o)
    0x0000037a   0x0000037a   0x00000006   Code   RO         2257    .ARM.Collect$$_printf_percent$$00000014  c_w.l(_printf_s.o)
    0x00000380   0x00000380   0x00000006   Code   RO         2275    .ARM.Collect$$_printf_percent$$00000015  c_w.l(_printf_lc.o)
    0x00000386   0x00000386   0x00000006   Code   RO         2276    .ARM.Collect$$_printf_percent$$00000016  c_w.l(_printf_ls.o)
    0x0000038c   0x0000038c   0x00000004   Code   RO         2323    .ARM.Collect$$_printf_percent$$00000017  c_w.l(_printf_percent_end.o)
    0x00000390   0x00000390   0x00000002   Code   RO         2374    .ARM.Collect$$libinit$$00000000  c_w.l(libinit.o)
    0x00000392   0x00000392   0x00000004   Code   RO         2390    .ARM.Collect$$libinit$$00000001  c_w.l(libinit2.o)
    0x00000396   0x00000396   0x00000000   Code   RO         2393    .ARM.Collect$$libinit$$00000004  c_w.l(libinit2.o)
    0x00000396   0x00000396   0x00000000   Code   RO         2395    .ARM.Collect$$libinit$$00000006  c_w.l(libinit2.o)
    0x00000396   0x00000396   0x00000000   Code   RO         2398    .ARM.Collect$$libinit$$0000000C  c_w.l(libinit2.o)
    0x00000396   0x00000396   0x00000000   Code   RO         2400    .ARM.Collect$$libinit$$0000000E  c_w.l(libinit2.o)
    0x00000396   0x00000396   0x00000000   Code   RO         2402    .ARM.Collect$$libinit$$00000010  c_w.l(libinit2.o)
    0x00000396   0x00000396   0x00000006   Code   RO         2403    .ARM.Collect$$libinit$$00000011  c_w.l(libinit2.o)
    0x0000039c   0x0000039c   0x00000000   Code   RO         2405    .ARM.Collect$$libinit$$00000013  c_w.l(libinit2.o)
    0x0000039c   0x0000039c   0x0000000c   Code   RO         2406    .ARM.Collect$$libinit$$00000014  c_w.l(libinit2.o)
    0x000003a8   0x000003a8   0x00000000   Code   RO         2407    .ARM.Collect$$libinit$$00000015  c_w.l(libinit2.o)
    0x000003a8   0x000003a8   0x00000000   Code   RO         2409    .ARM.Collect$$libinit$$00000017  c_w.l(libinit2.o)
    0x000003a8   0x000003a8   0x0000000a   Code   RO         2410    .ARM.Collect$$libinit$$00000018  c_w.l(libinit2.o)
    0x000003b2   0x000003b2   0x00000000   Code   RO         2411    .ARM.Collect$$libinit$$00000019  c_w.l(libinit2.o)
    0x000003b2   0x000003b2   0x00000000   Code   RO         2413    .ARM.Collect$$libinit$$0000001B  c_w.l(libinit2.o)
    0x000003b2   0x000003b2   0x00000000   Code   RO         2415    .ARM.Collect$$libinit$$0000001D  c_w.l(libinit2.o)
    0x000003b2   0x000003b2   0x00000000   Code   RO         2417    .ARM.Collect$$libinit$$0000001F  c_w.l(libinit2.o)
    0x000003b2   0x000003b2   0x00000000   Code   RO         2419    .ARM.Collect$$libinit$$00000021  c_w.l(libinit2.o)
    0x000003b2   0x000003b2   0x00000000   Code   RO         2421    .ARM.Collect$$libinit$$00000023  c_w.l(libinit2.o)
    0x000003b2   0x000003b2   0x00000000   Code   RO         2423    .ARM.Collect$$libinit$$00000025  c_w.l(libinit2.o)
    0x000003b2   0x000003b2   0x00000000   Code   RO         2425    .ARM.Collect$$libinit$$00000027  c_w.l(libinit2.o)
    0x000003b2   0x000003b2   0x00000000   Code   RO         2429    .ARM.Collect$$libinit$$0000002E  c_w.l(libinit2.o)
    0x000003b2   0x000003b2   0x00000000   Code   RO         2431    .ARM.Collect$$libinit$$00000030  c_w.l(libinit2.o)
    0x000003b2   0x000003b2   0x00000000   Code   RO         2433    .ARM.Collect$$libinit$$00000032  c_w.l(libinit2.o)
    0x000003b2   0x000003b2   0x00000000   Code   RO         2435    .ARM.Collect$$libinit$$00000034  c_w.l(libinit2.o)
    0x000003b2   0x000003b2   0x00000002   Code   RO         2436    .ARM.Collect$$libinit$$00000035  c_w.l(libinit2.o)
    0x000003b4   0x000003b4   0x00000002   Code   RO         2458    .ARM.Collect$$libshutdown$$00000000  c_w.l(libshutdown.o)
    0x000003b6   0x000003b6   0x00000000   Code   RO         2473    .ARM.Collect$$libshutdown$$00000002  c_w.l(libshutdown2.o)
    0x000003b6   0x000003b6   0x00000000   Code   RO         2475    .ARM.Collect$$libshutdown$$00000004  c_w.l(libshutdown2.o)
    0x000003b6   0x000003b6   0x00000000   Code   RO         2478    .ARM.Collect$$libshutdown$$00000007  c_w.l(libshutdown2.o)
    0x000003b6   0x000003b6   0x00000000   Code   RO         2481    .ARM.Collect$$libshutdown$$0000000A  c_w.l(libshutdown2.o)
    0x000003b6   0x000003b6   0x00000000   Code   RO         2483    .ARM.Collect$$libshutdown$$0000000C  c_w.l(libshutdown2.o)
    0x000003b6   0x000003b6   0x00000000   Code   RO         2486    .ARM.Collect$$libshutdown$$0000000F  c_w.l(libshutdown2.o)
    0x000003b6   0x000003b6   0x00000002   Code   RO         2487    .ARM.Collect$$libshutdown$$00000010  c_w.l(libshutdown2.o)
    0x000003b8   0x000003b8   0x00000000   Code   RO         2187    .ARM.Collect$$rtentry$$00000000  c_w.l(__rtentry.o)
    0x000003b8   0x000003b8   0x00000000   Code   RO         2292    .ARM.Collect$$rtentry$$00000002  c_w.l(__rtentry2.o)
    0x000003b8   0x000003b8   0x00000006   Code   RO         2304    .ARM.Collect$$rtentry$$00000004  c_w.l(__rtentry4.o)
    0x000003be   0x000003be   0x00000008   Code   RO         2293    .ARM.Collect$$rtentry$$00000008  c_w.l(__rtentry2.o)
    0x000003c6   0x000003c6   0x00000004   Code   RO         2295    .ARM.Collect$$rtentry$$0000000A  c_w.l(__rtentry2.o)
    0x000003ca   0x000003ca   0x00000000   Code   RO         2297    .ARM.Collect$$rtentry$$0000000C  c_w.l(__rtentry2.o)
    0x000003ca   0x000003ca   0x00000008   Code   RO         2298    .ARM.Collect$$rtentry$$0000000D  c_w.l(__rtentry2.o)
    0x000003d2   0x000003d2   0x00000002   Code   RO         2383    .ARM.Collect$$rtexit$$00000000  c_w.l(rtexit.o)
    0x000003d4   0x000003d4   0x00000000   Code   RO         2438    .ARM.Collect$$rtexit$$00000002  c_w.l(rtexit2.o)
    0x000003d4   0x000003d4   0x00000004   Code   RO         2439    .ARM.Collect$$rtexit$$00000003  c_w.l(rtexit2.o)
    0x000003d8   0x000003d8   0x00000006   Code   RO         2440    .ARM.Collect$$rtexit$$00000004  c_w.l(rtexit2.o)
    0x000003de   0x000003de   0x00000002   PAD
    0x000003e0   0x000003e0   0x00000006   Code   RO         1451    .emb_text           driverlib.lib(sysctl.o)
    0x000003e6   0x000003e6   0x00000002   PAD
    0x000003e8   0x000003e8   0x00000114   Code   RO          362  * .text               startup_tm4c123.o
    0x000004fc   0x000004fc   0x00000040   Code   RO         2169    .text               c_w.l(snprintf.o)
    0x0000053c   0x0000053c   0x0000003e   Code   RO         2171    .text               c_w.l(strlen.o)
    0x0000057a   0x0000057a   0x0000008a   Code   RO         2173    .text               c_w.l(rt_memcpy_v6.o)
    0x00000604   0x00000604   0x00000010   Code   RO         2175    .text               c_w.l(aeabi_memset4.o)
    0x00000614   0x00000614   0x00000044   Code   RO         2177    .text               c_w.l(rt_memclr.o)
    0x00000658   0x00000658   0x0000007c   Code   RO         2179    .text               c_w.l(strcmpv7em.o)
    0x000006d4   0x000006d4   0x00000006   Code   RO         2181    .text               c_w.l(heapauxi.o)
    0x000006da   0x000006da   0x0000004e   Code   RO         2190    .text               c_w.l(_printf_pad.o)
    0x00000728   0x00000728   0x00000024   Code   RO         2192    .text               c_w.l(_printf_truncate.o)
    0x0000074c   0x0000074c   0x00000052   Code   RO         2194    .text               c_w.l(_printf_str.o)
    0x0000079e   0x0000079e   0x00000002   PAD
    0x000007a0   0x000007a0   0x00000078   Code   RO         2196    .text               c_w.l(_printf_dec.o)
    0x00000818   0x00000818   0x00000028   Code   RO         2198    .text               c_w.l(_printf_charcount.o)
    0x00000840   0x00000840   0x00000030   Code   RO         2200    .text               c_w.l(_printf_char_common.o)
    0x00000870   0x00000870   0x00000010   Code   RO         2202    .text               c_w.l(_snputc.o)
    0x00000880   0x00000880   0x000000bc   Code   RO         2204    .text               c_w.l(_printf_wctomb.o)
    0x0000093c   0x0000093c   0x0000007c   Code   RO         2207    .text               c_w.l(_printf_longlong_dec.o)
    0x000009b8   0x000009b8   0x00000070   Code   RO         2213    .text               c_w.l(_printf_oct_int_ll.o)
    0x00000a28   0x00000a28   0x00000094   Code   RO         2233    .text               c_w.l(_printf_hex_int_ll_ptr.o)
    0x00000abc   0x00000abc   0x00000188   Code   RO         2253    .text               c_w.l(__printf_flags_ss_wp.o)
    0x00000c44   0x00000c44   0x00000064   Code   RO         2279    .text               c_w.l(rt_memcpy_w.o)
    0x00000ca8   0x00000ca8   0x0000004e   Code   RO         2281    .text               c_w.l(rt_memclr_w.o)
    0x00000cf6   0x00000cf6   0x0000008a   Code   RO         2306    .text               c_w.l(lludiv10.o)
    0x00000d80   0x00000d80   0x000000b2   Code   RO         2308    .text               c_w.l(_printf_intcommon.o)
    0x00000e32   0x00000e32   0x0000041c   Code   RO         2310    .text               c_w.l(_printf_fp_dec.o)
    0x0000124e   0x0000124e   0x00000002   PAD
    0x00001250   0x00001250   0x000002fc   Code   RO         2314    .text               c_w.l(_printf_fp_hex.o)
    0x0000154c   0x0000154c   0x0000002c   Code   RO         2319    .text               c_w.l(_printf_char.o)
    0x00001578   0x00001578   0x0000002c   Code   RO         2321    .text               c_w.l(_printf_wchar.o)
    0x000015a4   0x000015a4   0x00000048   Code   RO         2324    .text               c_w.l(_c16rtomb.o)
    0x000015ec   0x000015ec   0x0000004a   Code   RO         2326    .text               c_w.l(sys_stackheap_outer.o)
    0x00001636   0x00001636   0x00000002   PAD
    0x00001638   0x00001638   0x00000010   Code   RO         2328    .text               c_w.l(rt_ctype_table.o)
    0x00001648   0x00001648   0x0000000a   Code   RO         2335    .text               c_w.l(rt_locale_twolibspace.o)
    0x00001652   0x00001652   0x00000002   PAD
    0x00001654   0x00001654   0x00000080   Code   RO         2337    .text               c_w.l(_printf_fp_infnan.o)
    0x000016d4   0x000016d4   0x000000e4   Code   RO         2339    .text               c_w.l(bigflt0.o)
    0x000017b8   0x000017b8   0x00000012   Code   RO         2369    .text               c_w.l(exit.o)
    0x000017ca   0x000017ca   0x00000002   PAD
    0x000017cc   0x000017cc   0x00000008   Code   RO         2380    .text               c_w.l(libspace.o)
    0x000017d4   0x000017d4   0x0000000c   Code   RO         2448    .text               c_w.l(sys_exit.o)
    0x000017e0   0x000017e0   0x00000002   Code   RO         2463    .text               c_w.l(use_no_semi.o)
    0x000017e2   0x000017e2   0x00000000   Code   RO         2465    .text               c_w.l(indicate_semi.o)
    0x000017e2   0x000017e2   0x00000002   PAD
    0x000017e4   0x000017e4   0x00000016   Code   RO          108    .text.$Sub$$_fp_init  clib_os.o
    0x000017fa   0x000017fa   0x00000002   PAD
    0x000017fc   0x000017fc   0x000000a8   Code   RO           59    .text.GPIOA_Handler  drivers.o
    0x000018a4   0x000018a4   0x00000010   Code   RO           46    .text.LCD_Clear     lcd.o
    0x000018b4   0x000018b4   0x00000038   Code   RO           40    .text.LCD_Print     lcd.o
    0x000018ec   0x000018ec   0x0000007e   Code   RO           38    .text.LCD_SendCommand  lcd.o
    0x0000196a   0x0000196a   0x00000002   PAD
    0x0000196c   0x0000196c   0x0000007e   Code   RO           42    .text.LCD_SendData  lcd.o
    0x000019ea   0x000019ea   0x00000002   PAD
    0x000019ec   0x000019ec   0x00000054   Code   RO           44    .text.LCD_SetCursor  lcd.o
    0x00001a40   0x00001a40   0x00000060   Code   RO          448    .text.PendSV_Handler  port.o
    0x00001aa0   0x00001aa0   0x00000020   Code   RO          444    .text.SVC_Handler   port.o
    0x00001ac0   0x00001ac0   0x0000001e   Code   RO          135    .text.SysTick_Handler  cmsis_os2.o
    0x00001ade   0x00001ade   0x00000002   PAD
    0x00001ae0   0x00001ae0   0x0000010c   Code   RO          373    .text.SystemInit    system_tm4c123.o
    0x00001bec   0x00001bec   0x00000028   Code   RO          116    .text._mutex_acquire  clib_os.o
    0x00001c14   0x00001c14   0x00000054   Code   RO          122    .text._mutex_free   clib_os.o
    0x00001c68   0x00001c68   0x000000a8   Code   RO          114    .text._mutex_initialize  clib_os.o
    0x00001d10   0x00001d10   0x0000002a   Code   RO          120    .text._mutex_release  clib_os.o
    0x00001d3a   0x00001d3a   0x00000002   PAD
    0x00001d3c   0x00001d3c   0x00000002   Code   RO          106    .text._platform_post_stackheap_init  clib_os.o
    0x00001d3e   0x00001d3e   0x00000002   PAD
    0x00001d40   0x00001d40   0x000000ae   Code   RO           14    .text.createSafetyTasks  safety_tasks.o
    0x00001dee   0x00001dee   0x00000002   PAD
    0x00001df0   0x00001df0   0x0000001a   Code   RO           55    .text.debounceDelay  drivers.o
    0x00001e0a   0x00001e0a   0x00000002   PAD
    0x00001e0c   0x00001e0c   0x00000024   Code   RO           36    .text.delayMs       lcd.o
    0x00001e30   0x00001e30   0x00000030   Code   RO           57    .text.delay_ms      drivers.o
    0x00001e60   0x00001e60   0x0000011c   Code   RO           16    .text.doorTask      safety_tasks.o
    0x00001f7c   0x00001f7c   0x00000098   Code   RO           63    .text.initADC       drivers.o
    0x00002014   0x00002014   0x00000012   Code   RO           75    .text.initBuzzer    drivers.o
    0x00002026   0x00002026   0x00000002   PAD
    0x00002028   0x00002028   0x000000b0   Code   RO           61    .text.initGPIO      drivers.o
    0x000020d8   0x000020d8   0x00000068   Code   RO           34    .text.initLCD       lcd.o
    0x00002140   0x00002140   0x00000012   Code   RO           71    .text.initRGB       drivers.o
    0x00002152   0x00002152   0x00000002   PAD
    0x00002154   0x00002154   0x0000009c   Code   RO           67    .text.initUltrasonic  drivers.o
    0x000021f0   0x000021f0   0x00000012   Code   RO           85    .text.isDriverDoorOpen  drivers.o
    0x00002202   0x00002202   0x00000002   PAD
    0x00002204   0x00002204   0x00000014   Code   RO           79    .text.isGearDrive   drivers.o
    0x00002218   0x00002218   0x00000014   Code   RO           81    .text.isGearReverse  drivers.o
    0x0000222c   0x0000222c   0x00000012   Code   RO           83    .text.isIgnitionOn  drivers.o
    0x0000223e   0x0000223e   0x00000002   PAD
    0x00002240   0x00002240   0x00000034   Code   RO           91    .text.isManualLockPressed  drivers.o
    0x00002274   0x00002274   0x00000034   Code   RO           93    .text.isManualUnlockPressed  drivers.o
    0x000022a8   0x000022a8   0x00000020   Code   RO          118    .text.is_thread_mode  clib_os.o
    0x000022c8   0x000022c8   0x000000d2   Code   RO           20    .text.lcdUpdateTask  safety_tasks.o
    0x0000239a   0x0000239a   0x00000002   PAD
    0x0000239c   0x0000239c   0x00000014   Code   RO           87    .text.lockDoors     drivers.o
    0x000023b0   0x000023b0   0x00000018   Code   RO            2    .text.main          main.o
    0x000023c8   0x000023c8   0x00000114   Code   RO           69    .text.measureDistance  drivers.o
    0x000024dc   0x000024dc   0x00000020   Code   RO          112    .text.os_kernel_is_active  clib_os.o
    0x000024fc   0x000024fc   0x0000010e   Code   RO          619    .text.prvAddCurrentTaskToDelayedList  tasks.o
    0x0000260a   0x0000260a   0x00000002   PAD
    0x0000260c   0x0000260c   0x00000170   Code   RO          603    .text.prvAddNewTaskToReadyList  tasks.o
    0x0000277c   0x0000277c   0x0000007e   Code   RO          781    .text.prvCheckForValidListAndQueue  timers.o
    0x000027fa   0x000027fa   0x00000002   PAD
    0x000027fc   0x000027fc   0x0000005a   Code   RO          653    .text.prvCheckTasksWaitingTermination  tasks.o
    0x00002856   0x00002856   0x00000002   PAD
    0x00002858   0x00002858   0x00000042   Code   RO          556    .text.prvCopyDataFromQueue  queue.o
    0x0000289a   0x0000289a   0x00000002   PAD
    0x0000289c   0x0000289c   0x000000cc   Code   RO          544    .text.prvCopyDataToQueue  queue.o
    0x00002968   0x00002968   0x000000d8   Code   RO          649    .text.prvCreateIdleTasks  tasks.o
    0x00002a40   0x00002a40   0x000000aa   Code   RO          601    .text.prvCreateStaticTask  tasks.o
    0x00002aea   0x00002aea   0x00000002   PAD
    0x00002aec   0x00002aec   0x0000008e   Code   RO          607    .text.prvCreateTask  tasks.o
    0x00002b7a   0x00002b7a   0x00000002   PAD
    0x00002b7c   0x00002b7c   0x00000050   Code   RO          613    .text.prvDeleteTCB  tasks.o
    0x00002bcc   0x00002bcc   0x00000026   Code   RO          560    .text.prvGetHighestPriorityOfWaitToReceiveList  queue.o
    0x00002bf2   0x00002bf2   0x00000002   PAD
    0x00002bf4   0x00002bf4   0x00000040   Code   RO          827    .text.prvGetNextExpireTime  timers.o
    0x00002c34   0x00002c34   0x000000aa   Code   RO          478    .text.prvHeapInit   heap_4.o
    0x00002cde   0x00002cde   0x00000002   PAD
    0x00002ce0   0x00002ce0   0x00000038   Code   RO          743    .text.prvIdleTask   tasks.o
    0x00002d18   0x00002d18   0x0000002c   Code   RO          524    .text.prvInitialiseMutex  queue.o
    0x00002d44   0x00002d44   0x00000048   Code   RO          516    .text.prvInitialiseNewQueue  queue.o
    0x00002d8c   0x00002d8c   0x00000108   Code   RO          739    .text.prvInitialiseNewTask  tasks.o
    0x00002e94   0x00002e94   0x0000008e   Code   RO          741    .text.prvInitialiseTaskLists  tasks.o
    0x00002f22   0x00002f22   0x00000002   PAD
    0x00002f24   0x00002f24   0x00000118   Code   RO          482    .text.prvInsertBlockIntoFreeList  heap_4.o
    0x0000303c   0x0000303c   0x00000086   Code   RO          841    .text.prvInsertTimerInActiveList  timers.o
    0x000030c2   0x000030c2   0x00000002   PAD
    0x000030c4   0x000030c4   0x00000028   Code   RO          558    .text.prvIsQueueEmpty  queue.o
    0x000030ec   0x000030ec   0x0000002e   Code   RO          546    .text.prvIsQueueFull  queue.o
    0x0000311a   0x0000311a   0x00000002   PAD
    0x0000311c   0x0000311c   0x00000028   Code   RO          454    .text.prvPortStartFirstTask  port.o
    0x00003144   0x00003144   0x00000054   Code   RO          835    .text.prvProcessExpiredTimer  timers.o
    0x00003198   0x00003198   0x0000017a   Code   RO          831    .text.prvProcessReceivedCommands  timers.o
    0x00003312   0x00003312   0x00000002   PAD
    0x00003314   0x00003314   0x0000009a   Code   RO          829    .text.prvProcessTimerOrBlockTask  timers.o
    0x000033ae   0x000033ae   0x00000002   PAD
    0x000033b0   0x000033b0   0x00000034   Code   RO          839    .text.prvReloadTimer  timers.o
    0x000033e4   0x000033e4   0x0000003c   Code   RO          611    .text.prvResetNextTaskUnblockTime  tasks.o
    0x00003420   0x00003420   0x00000044   Code   RO          833    .text.prvSampleTimeNow  timers.o
    0x00003464   0x00003464   0x00000052   Code   RO          837    .text.prvSwitchTimerLists  timers.o
    0x000034b6   0x000034b6   0x00000002   PAD
    0x000034b8   0x000034b8   0x0000003e   Code   RO          442    .text.prvTaskExitError  port.o
    0x000034f6   0x000034f6   0x00000002   PAD
    0x000034f8   0x000034f8   0x0000001e   Code   RO          783    .text.prvTimerTask  timers.o
    0x00003516   0x00003516   0x00000002   PAD
    0x00003518   0x00003518   0x000000ae   Code   RO          548    .text.prvUnlockQueue  queue.o
    0x000035c6   0x000035c6   0x00000002   PAD
    0x000035c8   0x000035c8   0x000002b8   Code   RO          476    .text.pvPortMalloc  heap_4.o
    0x00003880   0x00003880   0x00000024   Code   RO          717    .text.pvTaskIncrementMutexHeldCount  tasks.o
    0x000038a4   0x000038a4   0x0000005e   Code   RO          440    .text.pxPortInitialiseStack  port.o
    0x00003902   0x00003902   0x00000002   PAD
    0x00003904   0x00003904   0x00000068   Code   RO           65    .text.readSpeedADC  drivers.o
    0x0000396c   0x0000396c   0x0000008c   Code   RO           18    .text.rearAssistTask  safety_tasks.o
    0x000039f8   0x000039f8   0x00000050   Code   RO           77    .text.setBuzzerFrequency  drivers.o
    0x00003a48   0x00003a48   0x00000072   Code   RO           73    .text.setRGBColor   drivers.o
    0x00003aba   0x00003aba   0x00000002   PAD
    0x00003abc   0x00003abc   0x0000001c   Code   RO            4    .text.setupHardware  main.o
    0x00003ad8   0x00003ad8   0x00000014   Code   RO           89    .text.unlockDoors   drivers.o
    0x00003aec   0x00003aec   0x00000048   Code   RO          431    .text.uxListRemove  list.o
    0x00003b34   0x00003b34   0x0000002a   Code   RO          733    .text.vApplicationGetIdleTaskMemory  tasks.o
    0x00003b5e   0x00003b5e   0x00000002   PAD
    0x00003b60   0x00003b60   0x0000002a   Code   RO          735    .text.vApplicationGetTimerTaskMemory  tasks.o
    0x00003b8a   0x00003b8a   0x00000002   PAD
    0x00003b8c   0x00003b8c   0x00000010   Code   RO          289    .text.vApplicationStackOverflowHook  cmsis_os2.o
    0x00003b9c   0x00003b9c   0x0000002e   Code   RO          423    .text.vListInitialise  list.o
    0x00003bca   0x00003bca   0x00000002   PAD
    0x00003bcc   0x00003bcc   0x0000000e   Code   RO          425    .text.vListInitialiseItem  list.o
    0x00003bda   0x00003bda   0x00000002   PAD
    0x00003bdc   0x00003bdc   0x0000006a   Code   RO          429    .text.vListInsert   list.o
    0x00003c46   0x00003c46   0x00000002   PAD
    0x00003c48   0x00003c48   0x00000014   Code   RO          452    .text.vPortEnableVFP  port.o
    0x00003c5c   0x00003c5c   0x00000048   Code   RO          458    .text.vPortEnterCritical  port.o
    0x00003ca4   0x00003ca4   0x0000003c   Code   RO          460    .text.vPortExitCritical  port.o
    0x00003ce0   0x00003ce0   0x000000de   Code   RO          480    .text.vPortFree     heap_4.o
    0x00003dbe   0x00003dbe   0x00000002   PAD
    0x00003dc0   0x00003dc0   0x00000044   Code   RO          450    .text.vPortSetupTimerInterrupt  port.o
    0x00003e04   0x00003e04   0x00000030   Code   RO          574    .text.vQueueDelete  queue.o
    0x00003e34   0x00003e34   0x00000064   Code   RO          590    .text.vQueueWaitForMessageRestricted  queue.o
    0x00003e98   0x00003e98   0x00000062   Code   RO          623    .text.vTaskDelay    tasks.o
    0x00003efa   0x00003efa   0x00000002   PAD
    0x00003efc   0x00003efc   0x00000024   Code   RO          687    .text.vTaskInternalSetTimeOutState  tasks.o
    0x00003f20   0x00003f20   0x0000000e   Code   RO          691    .text.vTaskMissedYield  tasks.o
    0x00003f2e   0x00003f2e   0x00000002   PAD
    0x00003f30   0x00003f30   0x00000034   Code   RO          675    .text.vTaskPlaceOnEventList  tasks.o
    0x00003f64   0x00003f64   0x00000072   Code   RO          679    .text.vTaskPlaceOnEventListRestricted  tasks.o
    0x00003fd6   0x00003fd6   0x00000002   PAD
    0x00003fd8   0x00003fd8   0x00000166   Code   RO          713    .text.vTaskPriorityDisinheritAfterTimeout  tasks.o
    0x0000413e   0x0000413e   0x00000002   PAD
    0x00004140   0x00004140   0x00000082   Code   RO          647    .text.vTaskStartScheduler  tasks.o
    0x000041c2   0x000041c2   0x00000002   PAD
    0x000041c4   0x000041c4   0x00000010   Code   RO          617    .text.vTaskSuspendAll  tasks.o
    0x000041d4   0x000041d4   0x00000138   Code   RO          639    .text.vTaskSwitchContext  tasks.o
    0x0000430c   0x0000430c   0x000001ac   Code   RO          446    .text.xPortStartScheduler  port.o
    0x000044b8   0x000044b8   0x0000003e   Code   RO          462    .text.xPortSysTickHandler  port.o
    0x000044f6   0x000044f6   0x00000002   PAD
    0x000044f8   0x000044f8   0x00000026   Code   RO          522    .text.xQueueCreateMutex  queue.o
    0x0000451e   0x0000451e   0x00000002   PAD
    0x00004520   0x00004520   0x00000032   Code   RO          526    .text.xQueueCreateMutexStatic  queue.o
    0x00004552   0x00004552   0x00000002   PAD
    0x00004554   0x00004554   0x00000094   Code   RO          520    .text.xQueueGenericCreate  queue.o
    0x000045e8   0x000045e8   0x0000009e   Code   RO          514    .text.xQueueGenericCreateStatic  queue.o
    0x00004686   0x00004686   0x00000002   PAD
    0x00004688   0x00004688   0x000000ec   Code   RO          512    .text.xQueueGenericReset  queue.o
    0x00004774   0x00004774   0x000001f4   Code   RO          534    .text.xQueueGenericSend  queue.o
    0x00004968   0x00004968   0x000001b2   Code   RO          554    .text.xQueueReceive  queue.o
    0x00004b1a   0x00004b1a   0x00000002   PAD
    0x00004b1c   0x00004b1c   0x000001e6   Code   RO          538    .text.xQueueSemaphoreTake  queue.o
    0x00004d02   0x00004d02   0x00000002   PAD
    0x00004d04   0x00004d04   0x000000e0   Code   RO          689    .text.xTaskCheckForTimeOut  tasks.o
    0x00004de4   0x00004de4   0x00000052   Code   RO          605    .text.xTaskCreate   tasks.o
    0x00004e36   0x00004e36   0x00000002   PAD
    0x00004e38   0x00004e38   0x0000005c   Code   RO          599    .text.xTaskCreateStatic  tasks.o
    0x00004e94   0x00004e94   0x00000038   Code   RO          707    .text.xTaskGetSchedulerState  tasks.o
    0x00004ecc   0x00004ecc   0x00000014   Code   RO          657    .text.xTaskGetTickCount  tasks.o
    0x00004ee0   0x00004ee0   0x00000276   Code   RO          655    .text.xTaskIncrementTick  tasks.o
    0x00005156   0x00005156   0x00000002   PAD
    0x00005158   0x00005158   0x0000011e   Code   RO          711    .text.xTaskPriorityDisinherit  tasks.o
    0x00005276   0x00005276   0x00000002   PAD
    0x00005278   0x00005278   0x0000015c   Code   RO          709    .text.xTaskPriorityInherit  tasks.o
    0x000053d4   0x000053d4   0x000001a2   Code   RO          681    .text.xTaskRemoveFromEventList  tasks.o
    0x00005576   0x00005576   0x00000002   PAD
    0x00005578   0x00005578   0x00000248   Code   RO          621    .text.xTaskResumeAll  tasks.o
    0x000057c0   0x000057c0   0x00000086   Code   RO          779    .text.xTimerCreateTimerTask  timers.o
    0x00005846   0x00005846   0x0000003e   Code   RO         2342    CL$$btod_d2e        c_w.l(btod.o)
    0x00005884   0x00005884   0x00000046   Code   RO         2344    CL$$btod_d2e_denorm_low  c_w.l(btod.o)
    0x000058ca   0x000058ca   0x00000060   Code   RO         2343    CL$$btod_d2e_norm_op1  c_w.l(btod.o)
    0x0000592a   0x0000592a   0x00000002   PAD
    0x0000592c   0x0000592c   0x00000338   Code   RO         2352    CL$$btod_div_common  c_w.l(btod.o)
    0x00005c64   0x00005c64   0x000000dc   Code   RO         2349    CL$$btod_e2e        c_w.l(btod.o)
    0x00005d40   0x00005d40   0x0000002a   Code   RO         2346    CL$$btod_ediv       c_w.l(btod.o)
    0x00005d6a   0x00005d6a   0x0000002a   Code   RO         2345    CL$$btod_emul       c_w.l(btod.o)
    0x00005d94   0x00005d94   0x00000244   Code   RO         2351    CL$$btod_mult_common  c_w.l(btod.o)
    0x00005fd8   0x00005fd8   0x0000000a   Code   RO          870    i.ADCIntClear       driverlib.lib(adc.o)
    0x00005fe2   0x00005fe2   0x00000034   Code   RO          877    i.ADCIntStatus      driverlib.lib(adc.o)
    0x00006016   0x00006016   0x0000001a   Code   RO          882    i.ADCProcessorTrigger  driverlib.lib(adc.o)
    0x00006030   0x00006030   0x00000060   Code   RO          885    i.ADCSequenceConfigure  driverlib.lib(adc.o)
    0x00006090   0x00006090   0x00000024   Code   RO          888    i.ADCSequenceDataGet  driverlib.lib(adc.o)
    0x000060b4   0x000060b4   0x0000000e   Code   RO          890    i.ADCSequenceEnable  driverlib.lib(adc.o)
    0x000060c2   0x000060c2   0x0000009a   Code   RO          893    i.ADCSequenceStepConfigure  driverlib.lib(adc.o)
    0x0000615c   0x0000615c   0x00000028   Code   RO         1143    i.GPIODirModeSet    driverlib.lib(gpio.o)
    0x00006184   0x00006184   0x00000006   Code   RO         1144    i.GPIOIntClear      driverlib.lib(gpio.o)
    0x0000618a   0x0000618a   0x0000000e   Code   RO         1145    i.GPIOIntDisable    driverlib.lib(gpio.o)
    0x00006198   0x00006198   0x0000000c   Code   RO         1146    i.GPIOIntEnable     driverlib.lib(gpio.o)
    0x000061a4   0x000061a4   0x0000001a   Code   RO         1147    i.GPIOIntRegister   driverlib.lib(gpio.o)
    0x000061be   0x000061be   0x0000000e   Code   RO         1149    i.GPIOIntStatus     driverlib.lib(gpio.o)
    0x000061cc   0x000061cc   0x00000050   Code   RO         1151    i.GPIOIntTypeSet    driverlib.lib(gpio.o)
    0x0000621c   0x0000621c   0x00000170   Code   RO         1155    i.GPIOPadConfigSet  driverlib.lib(gpio.o)
    0x0000638c   0x0000638c   0x00000044   Code   RO         1156    i.GPIOPinConfigure  driverlib.lib(gpio.o)
    0x000063d0   0x000063d0   0x00000006   Code   RO         1157    i.GPIOPinRead       driverlib.lib(gpio.o)
    0x000063d6   0x000063d6   0x0000001c   Code   RO         1158    i.GPIOPinTypeADC    driverlib.lib(gpio.o)
    0x000063f2   0x000063f2   0x0000001c   Code   RO         1166    i.GPIOPinTypeGPIOInput  driverlib.lib(gpio.o)
    0x0000640e   0x0000640e   0x0000001c   Code   RO         1167    i.GPIOPinTypeGPIOOutput  driverlib.lib(gpio.o)
    0x0000642a   0x0000642a   0x0000001c   Code   RO         1177    i.GPIOPinTypeTimer  driverlib.lib(gpio.o)
    0x00006446   0x00006446   0x00000006   Code   RO         1185    i.GPIOPinWrite      driverlib.lib(gpio.o)
    0x0000644c   0x0000644c   0x00000064   Code   RO         2058    i.IntEnable         driverlib.lib(interrupt.o)
    0x000064b0   0x000064b0   0x00000034   Code   RO         2070    i.IntRegister       driverlib.lib(interrupt.o)
    0x000064e4   0x000064e4   0x00000154   Code   RO         1454    i.SysCtlClockGet    driverlib.lib(sysctl.o)
    0x00006638   0x00006638   0x00000028   Code   RO         1485    i.SysCtlPeripheralEnable  driverlib.lib(sysctl.o)
    0x00006660   0x00006660   0x0000002c   Code   RO         1489    i.SysCtlPeripheralReady  driverlib.lib(sysctl.o)
    0x0000668c   0x0000668c   0x00000060   Code   RO         1809    i.TimerConfigure    driverlib.lib(timer.o)
    0x000066ec   0x000066ec   0x00000012   Code   RO         1810    i.TimerControlEvent  driverlib.lib(timer.o)
    0x000066fe   0x000066fe   0x0000000e   Code   RO         1818    i.TimerEnable       driverlib.lib(timer.o)
    0x0000670c   0x0000670c   0x00000004   Code   RO         1819    i.TimerIntClear     driverlib.lib(timer.o)
    0x00006710   0x00006710   0x0000000a   Code   RO         1823    i.TimerIntStatus    driverlib.lib(timer.o)
    0x0000671a   0x0000671a   0x0000000a   Code   RO         1841    i.TimerValueGet     driverlib.lib(timer.o)
    0x00006724   0x00006724   0x00000050   Code   RO         1187    i._GPIOIntNumberGet  driverlib.lib(gpio.o)
    0x00006774   0x00006774   0x00000030   Code   RO         2378    i.__ARM_fpclassify  m_wm.l(fpclassify.o)
    0x000067a4   0x000067a4   0x0000000e   Code   RO         2246    i._is_digit         c_w.l(__printf_wp.o)
    0x000067b2   0x000067b2   0x00000002   PAD
    0x000067b4   0x000067b4   0x0000002c   Code   RO         2367    locale$$code        c_w.l(lc_numeric_c.o)
    0x000067e0   0x000067e0   0x0000002c   Code   RO         2388    locale$$code        c_w.l(lc_ctype_c.o)
    0x0000680c   0x0000680c   0x0000001a   Code   RO         2185    x$fpl$fpinit        fz_wm.l(fpinit.o)
    0x00006826   0x00006826   0x00000004   Code   RO         2283    x$fpl$printf1       fz_wm.l(printf1.o)
    0x0000682a   0x0000682a   0x00000004   Code   RO         2285    x$fpl$printf2       fz_wm.l(printf2.o)
    0x0000682e   0x0000682e   0x00000000   Code   RO         2377    x$fpl$usenofp       fz_wm.l(usenofp.o)
    0x0000682e   0x0000682e   0x00000002   PAD
    0x00006830   0x00006830   0x00000228   Data   RO         1188    .constdata          driverlib.lib(gpio.o)
    0x00006a58   0x00006a58   0x00000254   Data   RO         1507    .constdata          driverlib.lib(sysctl.o)
    0x00006cac   0x00006cac   0x0000010c   Data   RO         2074    .constdata          driverlib.lib(interrupt.o)
    0x00006db8   0x00006db8   0x00000008   Data   RO         2205    .constdata          c_w.l(_printf_wctomb.o)
    0x00006dc0   0x00006dc0   0x00000028   Data   RO         2234    .constdata          c_w.l(_printf_hex_int_ll_ptr.o)
    0x00006de8   0x00006de8   0x00000011   Data   RO         2254    .constdata          c_w.l(__printf_flags_ss_wp.o)
    0x00006df9   0x00006df9   0x00000026   Data   RO         2315    .constdata          c_w.l(_printf_fp_hex.o)
    0x00006e1f   0x00006e1f   0x00000001   PAD
    0x00006e20   0x00006e20   0x00000094   Data   RO         2340    .constdata          c_w.l(bigflt0.o)
    0x00006eb4   0x00006eb4   0x0000004e   Data   RO           26    .rodata.str1.1      safety_tasks.o
    0x00006f02   0x00006f02   0x00000005   Data   RO          771    .rodata.str1.1      tasks.o
    0x00006f07   0x00006f07   0x00000008   Data   RO          844    .rodata.str1.1      timers.o
    0x00006f0f   0x00006f0f   0x00000001   PAD
    0x00006f10   0x00006f10   0x00000004   Data   RO          762    .rodata.uxTopUsedPriority  tasks.o
    0x00006f14   0x00006f14   0x00000020   Data   RO         2521    Region$$Table       anon$$obj.o
    0x00006f34   0x00006f34   0x0000001c   Data   RO         2366    locale$$data        c_w.l(lc_numeric_c.o)
    0x00006f50   0x00006f50   0x00000110   Data   RO         2387    locale$$data        c_w.l(lc_ctype_c.o)


    Execution Region ER_RW (Exec base: 0x20000000, Load base: 0x00007400, Size: 0x0000066c, Max: 0xffffffff, ABSOLUTE, COMPRESSED[0x00000018])

    Exec Addr    Load Addr    Size         Type   Attr      Idx    E Section Name        Object

    0x20000000   COMPRESSED   0x00000004   Data   RW          375    .data.SystemCoreClock  system_tm4c123.o
    0x20000004   COMPRESSED   0x00000004   Data   RW          468    .data.uxCriticalNesting  port.o
    0x20000008   COMPRESSED   0x000003f8   PAD
    0x20000400   COMPRESSED   0x0000026c   Data   RW         2075    vtable              driverlib.lib(interrupt.o)


    Execution Region ER_ZI (Exec base: 0x20000670, Load base: 0x00007418, Size: 0x00002ee0, Max: 0xffffffff, ABSOLUTE)

    Exec Addr    Load Addr    Size         Type   Attr      Idx    E Section Name        Object

    0x20000670        -       0x00000060   Zero   RW         2381    .bss                c_w.l(libspace.o)
    0x200006d0        -       0x00000190   Zero   RW          127    .bss.clib_mutex_cb  clib_os.o
    0x20000860        -       0x00000014   Zero   RW          126    .bss.clib_mutex_id  clib_os.o
    0x20000874        -       0x00000004   Zero   RW           25    .bss.distanceQueue  safety_tasks.o
    0x20000878        -       0x00000001   Zero   RW           22    .bss.doorLocked     safety_tasks.o
    0x20000879   0x00007418   0x00000003   PAD
    0x2000087c        -       0x00000004   Zero   RW           98    .bss.driverDoorState  drivers.o
    0x20000880        -       0x00000004   Zero   RW           97    .bss.ignitionState  drivers.o
    0x20000884        -       0x00000004   Zero   RW           23    .bss.lcdMutex       safety_tasks.o
    0x20000888        -       0x00000004   Zero   RW           95    .bss.manualLockFlag  drivers.o
    0x2000088c        -       0x00000004   Zero   RW           96    .bss.manualUnlockFlag  drivers.o
    0x20000890        -       0x00000050   Zero   RW          852    .bss.prvCheckForValidListAndQueue.ucStaticTimerQueueStorage  timers.o
    0x200008e0        -       0x00000050   Zero   RW          851    .bss.prvCheckForValidListAndQueue.xStaticTimerQueue  timers.o
    0x20000930        -       0x00000004   Zero   RW          848    .bss.prvSampleTimeNow.xLastTime  timers.o
    0x20000934        -       0x00000004   Zero   RW          745    .bss.pxCurrentTCB   tasks.o
    0x20000938        -       0x00000004   Zero   RW          846    .bss.pxCurrentTimerList  timers.o
    0x2000093c        -       0x00000004   Zero   RW          753    .bss.pxDelayedTaskList  tasks.o
    0x20000940        -       0x00000004   Zero   RW          498    .bss.pxEnd          heap_4.o
    0x20000944        -       0x00000004   Zero   RW          754    .bss.pxOverflowDelayedTaskList  tasks.o
    0x20000948        -       0x00000004   Zero   RW          847    .bss.pxOverflowTimerList  timers.o
    0x2000094c        -       0x00000460   Zero   RW          757    .bss.pxReadyTasksLists  tasks.o
    0x20000dac        -       0x00000004   Zero   RW           24    .bss.speedQueue     safety_tasks.o
    0x20000db0        -       0x00002000   Zero   RW          501    .bss.ucHeap         heap_4.o
    0x20002db0        -       0x00000001   Zero   RW          466    .bss.ucMaxSysCallPriority  port.o
    0x20002db1   0x00007418   0x00000003   PAD
    0x20002db4        -       0x00000004   Zero   RW          467    .bss.ulMaxPRIGROUPValue  port.o
    0x20002db8        -       0x00000004   Zero   RW          750    .bss.uxCurrentNumberOfTasks  tasks.o
    0x20002dbc        -       0x00000004   Zero   RW          749    .bss.uxDeletedTasksWaitingCleanUp  tasks.o
    0x20002dc0        -       0x00000004   Zero   RW          751    .bss.uxSchedulerSuspended  tasks.o
    0x20002dc4        -       0x00000004   Zero   RW          746    .bss.uxTaskNumber   tasks.o
    0x20002dc8        -       0x00000004   Zero   RW          758    .bss.uxTopReadyPriority  tasks.o
    0x20002dcc        -       0x00000200   Zero   RW          766    .bss.vApplicationGetIdleTaskMemory.uxIdleTaskStack  tasks.o
    0x20002fcc        -       0x0000005c   Zero   RW          765    .bss.vApplicationGetIdleTaskMemory.xIdleTaskTCB  tasks.o
    0x20003028        -       0x00000200   Zero   RW          768    .bss.vApplicationGetTimerTaskMemory.uxTimerTaskStack  tasks.o
    0x20003228        -       0x0000005c   Zero   RW          767    .bss.vApplicationGetTimerTaskMemory.xTimerTaskTCB  tasks.o
    0x20003284        -       0x00000014   Zero   RW          849    .bss.xActiveTimerList1  timers.o
    0x20003298        -       0x00000014   Zero   RW          850    .bss.xActiveTimerList2  timers.o
    0x200032ac        -       0x00000014   Zero   RW          769    .bss.xDelayedTaskList1  tasks.o
    0x200032c0        -       0x00000014   Zero   RW          770    .bss.xDelayedTaskList2  tasks.o
    0x200032d4        -       0x00000004   Zero   RW          499    .bss.xFreeBytesRemaining  heap_4.o
    0x200032d8        -       0x00000004   Zero   RW          761    .bss.xIdleTaskHandles  tasks.o
    0x200032dc        -       0x00000004   Zero   RW          502    .bss.xMinimumEverFreeBytesRemaining  heap_4.o
    0x200032e0        -       0x00000004   Zero   RW          760    .bss.xNextTaskUnblockTime  tasks.o
    0x200032e4        -       0x00000004   Zero   RW          764    .bss.xNumOfOverflows  tasks.o
    0x200032e8        -       0x00000004   Zero   RW          503    .bss.xNumberOfSuccessfulAllocations  heap_4.o
    0x200032ec        -       0x00000004   Zero   RW          504    .bss.xNumberOfSuccessfulFrees  heap_4.o
    0x200032f0        -       0x00000004   Zero   RW          763    .bss.xPendedTicks   tasks.o
    0x200032f4        -       0x00000014   Zero   RW          755    .bss.xPendingReadyList  tasks.o
    0x20003308        -       0x00000004   Zero   RW          747    .bss.xSchedulerRunning  tasks.o
    0x2000330c        -       0x00000008   Zero   RW          500    .bss.xStart         heap_4.o
    0x20003314        -       0x00000014   Zero   RW          756    .bss.xSuspendedTaskList  tasks.o
    0x20003328        -       0x00000014   Zero   RW          748    .bss.xTasksWaitingTermination  tasks.o
    0x2000333c        -       0x00000004   Zero   RW          752    .bss.xTickCount     tasks.o
    0x20003340        -       0x00000004   Zero   RW          843    .bss.xTimerQueue    timers.o
    0x20003344        -       0x00000004   Zero   RW          845    .bss.xTimerTaskHandle  timers.o
    0x20003348        -       0x00000004   Zero   RW          759    .bss.xYieldPendings  tasks.o
    0x2000334c   0x00007418   0x00000004   PAD
    0x20003350        -       0x00000000   Zero   RW          360    HEAP                startup_tm4c123.o
    0x20003350        -       0x00000200   Zero   RW          359    STACK               startup_tm4c123.o


==============================================================================

Image component sizes


      Code (inc. data)   RO Data    RW Data    ZI Data      Debug   Object Name

       422          0          0          0        420       4327   clib_os.o
        46          0          0          0          0      29898   cmsis_os2.o
      1556          8          0          0         16       3342   drivers.o
      1368          0          0          0       8220       4851   heap_4.o
       548          0          0          0          0       1543   lcd.o
       238          0          0          0          0       2363   list.o
        52          0          0          0          0        511   main.o
      1034         16          0          4          5       3748   port.o
      2882          0          0          0          0      15479   queue.o
       808          0         78          0         13       2200   safety_tasks.o
       276         24        620          0        512       5500   startup_tm4c123.o
       268          0          0          4          0       6815   system_tm4c123.o
      5848          0          9          0       2488      27985   tasks.o
      1306         10          8          0        220      11493   timers.o

    ----------------------------------------------------------------------
     16758         58        748       1024      11904     120055   Object Totals
         0          0         32          0          0          0   (incl. Generated)
       106          0          1       1016         10          0   (incl. Padding)

    ----------------------------------------------------------------------

      Code (inc. data)   RO Data    RW Data    ZI Data      Debug   Library Member Name

        58          0          0          0          0          0   __dczerorl.o
         8          0          0          0          0         68   __main.o
       392          4         17          0          0         92   __printf_flags_ss_wp.o
        14          0          0          0          0         68   __printf_wp.o
         0          0          0          0          0          0   __rtentry.o
        20          0          0          0          0          0   __rtentry2.o
         6          0          0          0          0          0   __rtentry4.o
        52          8          0          0          0          0   __scatter.o
        28          0          0          0          0          0   __scatter_zi.o
        72          0          0          0          0         96   _c16rtomb.o
         6          0          0          0          0          0   _printf_a.o
         6          0          0          0          0          0   _printf_c.o
        44          0          0          0          0        108   _printf_char.o
        48          6          0          0          0         96   _printf_char_common.o
        40          0          0          0          0         68   _printf_charcount.o
         6          0          0          0          0          0   _printf_d.o
       120         16          0          0          0         92   _printf_dec.o
         6          0          0          0          0          0   _printf_e.o
         6          0          0          0          0          0   _printf_f.o
      1052          0          0          0          0        148   _printf_fp_dec.o
       764          8         38          0          0        100   _printf_fp_hex.o
       128         16          0          0          0         84   _printf_fp_infnan.o
         6          0          0          0          0          0   _printf_g.o
       148          4         40          0          0        160   _printf_hex_int_ll_ptr.o
         6          0          0          0          0          0   _printf_i.o
       178          0          0          0          0         88   _printf_intcommon.o
        10          0          0          0          0          0   _printf_l.o
         6          0          0          0          0          0   _printf_lc.o
        10          0          0          0          0          0   _printf_ll.o
         6          0          0          0          0          0   _printf_lld.o
         6          0          0          0          0          0   _printf_lli.o
         6          0          0          0          0          0   _printf_llo.o
         6          0          0          0          0          0   _printf_llu.o
         6          0          0          0          0          0   _printf_llx.o
       124         16          0          0          0         92   _printf_longlong_dec.o
         6          0          0          0          0          0   _printf_ls.o
         6          0          0          0          0          0   _printf_n.o
         6          0          0          0          0          0   _printf_o.o
       112          8          0          0          0        124   _printf_oct_int_ll.o
         6          0          0          0          0          0   _printf_p.o
        78          0          0          0          0        108   _printf_pad.o
         0          0          0          0          0          0   _printf_percent.o
         4          0          0          0          0          0   _printf_percent_end.o
         6          0          0          0          0          0   _printf_s.o
        82          0          0          0          0         80   _printf_str.o
        36          0          0          0          0         84   _printf_truncate.o
         6          0          0          0          0          0   _printf_u.o
        44          0          0          0          0        108   _printf_wchar.o
       188          6          8          0          0         92   _printf_wctomb.o
         6          0          0          0          0          0   _printf_x.o
        16          0          0          0          0         68   _snputc.o
        16          0          0          0          0         68   aeabi_memset4.o
       228          4        148          0          0         96   bigflt0.o
      1936        128          0          0          0        668   btod.o
        18          0          0          0          0         80   exit.o
         6          0          0          0          0        152   heapauxi.o
         0          0          0          0          0          0   indicate_semi.o
        44         10        272          0          0         76   lc_ctype_c.o
        44         10         28          0          0         76   lc_numeric_c.o
         2          0          0          0          0          0   libinit.o
        34          0          0          0          0          0   libinit2.o
         2          0          0          0          0          0   libshutdown.o
         2          0          0          0          0          0   libshutdown2.o
         8          4          0          0         96         68   libspace.o
       138          0          0          0          0         80   lludiv10.o
        16          4          0          0          0         76   rt_ctype_table.o
        10          0          0          0          0         76   rt_locale_twolibspace.o
        68          0          0          0          0         68   rt_memclr.o
        78          0          0          0          0         80   rt_memclr_w.o
       138          0          0          0          0         68   rt_memcpy_v6.o
       100          0          0          0          0         80   rt_memcpy_w.o
         2          0          0          0          0          0   rtexit.o
        10          0          0          0          0          0   rtexit2.o
        64          6          0          0          0         84   snprintf.o
       124          0          0          0          0         88   strcmpv7em.o
        62          0          0          0          0         76   strlen.o
        12          4          0          0          0         68   sys_exit.o
        74          0          0          0          0         80   sys_stackheap_outer.o
         2          0          0          0          0         68   use_no_semi.o
       388          0          0          0          0       9638   adc.o
       832         40        552          0          0       9886   gpio.o
       152         16        268        620          0       2150   interrupt.o
       430         44        596          0          0       4054   sysctl.o
       152          8          0          0          0       3132   timer.o
        26          0          0          0          0        116   fpinit.o
         4          0          0          0          0        116   printf1.o
         4          0          0          0          0        116   printf2.o
         0          0          0          0          0          0   usenofp.o
        48          0          0          0          0        124   fpclassify.o

    ----------------------------------------------------------------------
      9294        370       1968        620         96      33632   Library Totals
        24          0          1          0          0          0   (incl. Padding)

    ----------------------------------------------------------------------

      Code (inc. data)   RO Data    RW Data    ZI Data      Debug   Library Name

      7234        262        551          0         96       4300   c_w.l
      1954        108       1416        620          0      28860   driverlib.lib
        34          0          0          0          0        348   fz_wm.l
        48          0          0          0          0        124   m_wm.l

    ----------------------------------------------------------------------
      9294        370       1968        620         96      33632   Library Totals

    ----------------------------------------------------------------------

==============================================================================


      Code (inc. data)   RO Data    RW Data    ZI Data      Debug   

     26052        428       2716       1644      12000     147807   Grand Totals
     26052        428       2716         24      12000     147807   ELF Image Totals (compressed)
     26052        428       2716         24          0          0   ROM Totals

==============================================================================

    Total RO  Size (Code + RO Data)                28768 (  28.09kB)
    Total RW  Size (RW Data + ZI Data)             13644 (  13.32kB)
    Total ROM Size (Code + RO Data + RW Data)      28792 (  28.12kB)

==============================================================================

